<html>
<body>
<pre>
<h1>µVision Build Log</h1>
<h2>Tool Versions:</h2>
IDE-Version: ¦ÌVision V5.42.0.0
Copyright (C) 2025 ARM Ltd and ARM Germany GmbH. All rights reserved.
License Information:  ,  , LIC=65ISZ-J40YS-PCVJ8-3ZWKS-7MG37-GF9RR
 
Tool Versions:
Toolchain:       MDK-ARM Plus  Version: 5.42.0.0
Toolchain Path:  D:\Keil_v5\ARM\ARMCC\Bin
C Compiler:      Armcc.exe V5.06 update 6 (build 750)
Assembler:       Armasm.exe V5.06 update 6 (build 750)
Linker/Locator:  ArmLink.exe V5.06 update 6 (build 750)
Library Manager: ArmAr.exe V5.06 update 6 (build 750)
Hex Converter:   FromElf.exe V5.06 update 6 (build 750)
CPU DLL:         SARMCM3.DLL V5.42.0.0
Dialog DLL:      DARMSTM.DLL V1.69.1.0
Target DLL:      STLink\ST-LINKIII-KEIL_SWO.dll V3.3.0.0
Dialog DLL:      TARMSTM.DLL V1.67.1.0
 
<h2>Project:</h2>
C:\Users\123\Desktop\STM32_robot_version_2\project.uvprojx
Project File Date:  04/28/2026

<h2>Output:</h2>
*** Using Compiler 'V5.06 update 6 (build 750)', folder: 'D:\Keil_v5\ARM\ARMCC\Bin'
Rebuild target 'Target 1'
assembling startup_stm32f10x_md.s...
compiling stm32f10x_cec.c...
compiling core_cm3.c...
compiling stm32f10x_adc.c...
compiling stm32f10x_flash.c...
compiling stm32f10x_bkp.c...
compiling system_stm32f10x.c...
compiling stm32f10x_dac.c...
compiling stm32f10x_dma.c...
compiling stm32f10x_dbgmcu.c...
compiling stm32f10x_crc.c...
compiling stm32f10x_exti.c...
compiling stm32f10x_can.c...
compiling misc.c...
compiling stm32f10x_gpio.c...
compiling stm32f10x_fsmc.c...
compiling stm32f10x_i2c.c...
compiling stm32f10x_iwdg.c...
compiling stm32f10x_pwr.c...
compiling stm32f10x_rcc.c...
compiling stm32f10x_rtc.c...
compiling heap_4.c...
compiling croutine.c...
compiling stm32f10x_sdio.c...
compiling stm32f10x_spi.c...
compiling list.c...
compiling event_groups.c...
compiling stm32f10x_usart.c...
compiling stm32f10x_wwdg.c...
compiling port.c...
compiling stm32f10x_it.c...
compiling stm32f10x_tim.c...
compiling queue.c...
compiling main.c...
compiling stream_buffer.c...
compiling tasks.c...
compiling event_bus.c...
compiling timers.c...
compiling fsm_core.c...
compiling fsm_sensor.c...
compiling fsm_network.c...
compiling fsm_key.c...
compiling fsm_main_system.c...
compiling fsm_motor.c...
compiling bsp_led.c...
compiling bsp_oled.c...
compiling bsp_servo.c...
compiling bsp_debug_uart.c...
compiling bsp_mpu6050.c...
compiling bsp_esp8266.c...
compiling hal_gpio.c...
compiling hal_pwm.c...
compiling bsp_sensor.c...
compiling hal_soft_iic.c...
compiling hal_uart.c...
compiling hal_hard_i2c.c...
compiling hal_delay.c...
compiling dev_led.c...
compiling hal_exti.c...
compiling dev_servo.c...
compiling hal_uart_dma.c...
compiling dev_ssd1306.c...
compiling hal_adc_dma.c...
compiling hal_tim_ic.c...
compiling dev_dht11.c...
compiling dev_mq2.c...
compiling dev_hcsr04.c...
compiling dev_mpu6050.c...
compiling inv_mpu_dmp_motion_driver.c...
compiling inv_mpu.c...
linking...
Program Size: Code=41312 RO-data=8372 RW-data=388 ZI-data=19740  
".\Objects\project.axf" - 0 Error(s), 0 Warning(s).

<h2>Software Packages used:</h2>

Package Vendor: Keil
                https://www.keil.com/pack/Keil.STM32F1xx_DFP.2.4.1.pack
                Keil::STM32F1xx_DFP@2.4.1
                STMicroelectronics STM32F1 Series Device Support, Drivers and Examples

<h2>Collection of Component include folders:</h2>
  D:/Keil_v5/ARM/PACK/Keil/STM32F1xx_DFP/2.4.1/Device/Include

<h2>Collection of Component Files used:</h2>
Build Time Elapsed:  00:00:06
</pre>
</body>
</html>
