Component: ARM Compiler 5.06 update 6 (build 750) Tool: armlink [4d35ed]

==============================================================================

Section Cross References

    startup_stm32f10x_md.o(STACK) refers (Special) to heapauxi.o(.text) for __use_two_region_memory
    startup_stm32f10x_md.o(HEAP) refers (Special) to heapauxi.o(.text) for __use_two_region_memory
    startup_stm32f10x_md.o(RESET) refers (Special) to heapauxi.o(.text) for __use_two_region_memory
    startup_stm32f10x_md.o(RESET) refers to startup_stm32f10x_md.o(STACK) for __initial_sp
    startup_stm32f10x_md.o(RESET) refers to startup_stm32f10x_md.o(.text) for Reset_Handler
    startup_stm32f10x_md.o(RESET) refers to stm32f10x_it.o(i.NMI_Handler) for NMI_Handler
    startup_stm32f10x_md.o(RESET) refers to stm32f10x_it.o(i.HardFault_Handler) for HardFault_Handler
    startup_stm32f10x_md.o(RESET) refers to stm32f10x_it.o(i.MemManage_Handler) for MemManage_Handler
    startup_stm32f10x_md.o(RESET) refers to stm32f10x_it.o(i.BusFault_Handler) for BusFault_Handler
    startup_stm32f10x_md.o(RESET) refers to stm32f10x_it.o(i.UsageFault_Handler) for UsageFault_Handler
    startup_stm32f10x_md.o(RESET) refers to port.o(.emb_text) for SVC_Handler
    startup_stm32f10x_md.o(RESET) refers to stm32f10x_it.o(i.DebugMon_Handler) for DebugMon_Handler
    startup_stm32f10x_md.o(RESET) refers to port.o(i.SysTick_Handler) for SysTick_Handler
    startup_stm32f10x_md.o(RESET) refers to hal_tim_ic.o(i.TIM1_CC_IRQHandler) for TIM1_CC_IRQHandler
    startup_stm32f10x_md.o(RESET) refers to bsp_esp8266.o(i.USART1_IRQHandler) for USART1_IRQHandler
    startup_stm32f10x_md.o(RESET) refers to bsp_debug_uart.o(i.USART2_IRQHandler) for USART2_IRQHandler
    startup_stm32f10x_md.o(RESET) refers to hal_exti.o(i.EXTI15_10_IRQHandler) for EXTI15_10_IRQHandler
    startup_stm32f10x_md.o(.text) refers (Special) to heapauxi.o(.text) for __use_two_region_memory
    startup_stm32f10x_md.o(.text) refers to system_stm32f10x.o(i.SystemInit) for SystemInit
    startup_stm32f10x_md.o(.text) refers to __main.o(!!!main) for __main
    startup_stm32f10x_md.o(.text) refers to startup_stm32f10x_md.o(HEAP) for Heap_Mem
    startup_stm32f10x_md.o(.text) refers to startup_stm32f10x_md.o(STACK) for Stack_Mem
    system_stm32f10x.o(i.SetSysClock) refers to system_stm32f10x.o(i.SetSysClockTo72) for SetSysClockTo72
    system_stm32f10x.o(i.SystemCoreClockUpdate) refers to system_stm32f10x.o(.data) for .data
    system_stm32f10x.o(i.SystemInit) refers to system_stm32f10x.o(i.SetSysClock) for SetSysClock
    stm32f10x_adc.o(i.ADC_DeInit) refers to stm32f10x_rcc.o(i.RCC_APB2PeriphResetCmd) for RCC_APB2PeriphResetCmd
    stm32f10x_bkp.o(i.BKP_DeInit) refers to stm32f10x_rcc.o(i.RCC_BackupResetCmd) for RCC_BackupResetCmd
    stm32f10x_can.o(i.CAN_DeInit) refers to stm32f10x_rcc.o(i.RCC_APB1PeriphResetCmd) for RCC_APB1PeriphResetCmd
    stm32f10x_can.o(i.CAN_GetITStatus) refers to stm32f10x_can.o(i.CheckITStatus) for CheckITStatus
    stm32f10x_cec.o(i.CEC_DeInit) refers to stm32f10x_rcc.o(i.RCC_APB1PeriphResetCmd) for RCC_APB1PeriphResetCmd
    stm32f10x_dac.o(i.DAC_DeInit) refers to stm32f10x_rcc.o(i.RCC_APB1PeriphResetCmd) for RCC_APB1PeriphResetCmd
    stm32f10x_flash.o(i.FLASH_EnableWriteProtection) refers to stm32f10x_flash.o(i.FLASH_WaitForLastOperation) for FLASH_WaitForLastOperation
    stm32f10x_flash.o(i.FLASH_EraseAllBank1Pages) refers to stm32f10x_flash.o(i.FLASH_WaitForLastBank1Operation) for FLASH_WaitForLastBank1Operation
    stm32f10x_flash.o(i.FLASH_EraseAllPages) refers to stm32f10x_flash.o(i.FLASH_WaitForLastOperation) for FLASH_WaitForLastOperation
    stm32f10x_flash.o(i.FLASH_EraseOptionBytes) refers to stm32f10x_flash.o(i.FLASH_GetReadOutProtectionStatus) for FLASH_GetReadOutProtectionStatus
    stm32f10x_flash.o(i.FLASH_EraseOptionBytes) refers to stm32f10x_flash.o(i.FLASH_WaitForLastOperation) for FLASH_WaitForLastOperation
    stm32f10x_flash.o(i.FLASH_ErasePage) refers to stm32f10x_flash.o(i.FLASH_WaitForLastOperation) for FLASH_WaitForLastOperation
    stm32f10x_flash.o(i.FLASH_ProgramHalfWord) refers to stm32f10x_flash.o(i.FLASH_WaitForLastOperation) for FLASH_WaitForLastOperation
    stm32f10x_flash.o(i.FLASH_ProgramOptionByteData) refers to stm32f10x_flash.o(i.FLASH_WaitForLastOperation) for FLASH_WaitForLastOperation
    stm32f10x_flash.o(i.FLASH_ProgramWord) refers to stm32f10x_flash.o(i.FLASH_WaitForLastOperation) for FLASH_WaitForLastOperation
    stm32f10x_flash.o(i.FLASH_ReadOutProtection) refers to stm32f10x_flash.o(i.FLASH_WaitForLastOperation) for FLASH_WaitForLastOperation
    stm32f10x_flash.o(i.FLASH_UserOptionByteConfig) refers to stm32f10x_flash.o(i.FLASH_WaitForLastOperation) for FLASH_WaitForLastOperation
    stm32f10x_flash.o(i.FLASH_WaitForLastBank1Operation) refers to stm32f10x_flash.o(i.FLASH_GetBank1Status) for FLASH_GetBank1Status
[...]
    __aeabi_d2f                              0x080092c5   Thumb Code     0  d2f.o(x$fpl$d2f)
    _d2f                                     0x080092c5   Thumb Code    98  d2f.o(x$fpl$d2f)
    __aeabi_dadd                             0x08009329   Thumb Code     0  daddsub_clz.o(x$fpl$dadd)
    _dadd                                    0x08009329   Thumb Code   332  daddsub_clz.o(x$fpl$dadd)
    __fpl_dcheck_NaN1                        0x08009479   Thumb Code    10  dcheck1.o(x$fpl$dcheck1)
    __aeabi_ddiv                             0x08009489   Thumb Code     0  ddiv.o(x$fpl$ddiv)
    _ddiv                                    0x08009489   Thumb Code   552  ddiv.o(x$fpl$ddiv)
    __aeabi_dmul                             0x08009739   Thumb Code     0  dmul.o(x$fpl$dmul)
    _dmul                                    0x08009739   Thumb Code   332  dmul.o(x$fpl$dmul)
    __fpl_dnaninf                            0x0800988d   Thumb Code   156  dnaninf.o(x$fpl$dnaninf)
    __fpl_dretinf                            0x08009929   Thumb Code    12  dretinf.o(x$fpl$dretinf)
    __aeabi_drsub                            0x08009935   Thumb Code     0  daddsub_clz.o(x$fpl$drsb)
    _drsb                                    0x08009935   Thumb Code    22  daddsub_clz.o(x$fpl$drsb)
    __aeabi_dsub                             0x0800994d   Thumb Code     0  daddsub_clz.o(x$fpl$dsub)
    _dsub                                    0x0800994d   Thumb Code   464  daddsub_clz.o(x$fpl$dsub)
    __aeabi_f2d                              0x08009b21   Thumb Code     0  f2d.o(x$fpl$f2d)
    _f2d                                     0x08009b21   Thumb Code    86  f2d.o(x$fpl$f2d)
    __aeabi_fadd                             0x08009b79   Thumb Code     0  faddsub_clz.o(x$fpl$fadd)
    _fadd                                    0x08009b79   Thumb Code   196  faddsub_clz.o(x$fpl$fadd)
    __fpl_fcheck_NaN1                        0x08009c3d   Thumb Code     6  fcheck1.o(x$fpl$fcheck1)
    __fpl_fcmp_Inf                           0x08009c49   Thumb Code    24  fcmpi.o(x$fpl$fcmpinf)
    __aeabi_fdiv                             0x08009c61   Thumb Code     0  fdiv.o(x$fpl$fdiv)
    _fdiv                                    0x08009c61   Thumb Code   384  fdiv.o(x$fpl$fdiv)
    __aeabi_f2uiz                            0x08009de5   Thumb Code     0  ffixu.o(x$fpl$ffixu)
    _ffixu                                   0x08009de5   Thumb Code    62  ffixu.o(x$fpl$ffixu)
    __aeabi_i2f                              0x08009e25   Thumb Code     0  fflt_clz.o(x$fpl$fflt)
    _fflt                                    0x08009e25   Thumb Code    48  fflt_clz.o(x$fpl$fflt)
    __aeabi_ui2f                             0x08009e55   Thumb Code     0  fflt_clz.o(x$fpl$ffltu)
    _ffltu                                   0x08009e55   Thumb Code    38  fflt_clz.o(x$fpl$ffltu)
    __aeabi_cfcmple                          0x08009e7d   Thumb Code     0  fleqf.o(x$fpl$fleqf)
    _fcmple                                  0x08009e7d   Thumb Code   104  fleqf.o(x$fpl$fleqf)
    __fpl_fcmple_InfNaN                      0x08009ecf   Thumb Code     0  fleqf.o(x$fpl$fleqf)
    __aeabi_fmul                             0x08009ee5   Thumb Code     0  fmul.o(x$fpl$fmul)
    _fmul                                    0x08009ee5   Thumb Code   258  fmul.o(x$fpl$fmul)
    __fpl_fnaninf                            0x08009fe7   Thumb Code   140  fnaninf.o(x$fpl$fnaninf)
    __fpl_fretinf                            0x0800a073   Thumb Code    10  fretinf.o(x$fpl$fretinf)
    __aeabi_cfrcmple                         0x0800a07d   Thumb Code     0  frleqf.o(x$fpl$frleqf)
    _frcmple                                 0x0800a07d   Thumb Code    98  frleqf.o(x$fpl$frleqf)
    __aeabi_frsub                            0x0800a0df   Thumb Code     0  faddsub_clz.o(x$fpl$frsb)
    _frsb                                    0x0800a0df   Thumb Code    20  faddsub_clz.o(x$fpl$frsb)
    _fsqrt                                   0x0800a0f5   Thumb Code   272  fsqrt.o(x$fpl$fsqrt)
    __aeabi_fsub                             0x0800a205   Thumb Code     0  faddsub_clz.o(x$fpl$fsub)
    _fsub                                    0x0800a205   Thumb Code   234  faddsub_clz.o(x$fpl$fsub)
    _printf_fp_dec                           0x0800a2ef   Thumb Code     4  printf1.o(x$fpl$printf1)
    _printf_fp_hex                           0x0800a2f3   Thumb Code     4  printf2.o(x$fpl$printf2)
    __fpl_return_NaN                         0x0800a2f7   Thumb Code   100  retnan.o(x$fpl$retnan)
    __ARM_scalbn                             0x0800a35b   Thumb Code    92  scalbn.o(x$fpl$scalbn)
    __ARM_scalbnf                            0x0800a3b7   Thumb Code    76  scalbnf.o(x$fpl$scalbnf)
    __fpl_cmpreturn                          0x0800a403   Thumb Code    48  trapv.o(x$fpl$trapveneer)
    __I$use$fp                               0x0800a432   Number         0  usenofp.o(x$fpl$usenofp)
    SSD1306_F8x16                            0x0800ace4   Data        1520  dev_ssd1306.o(.constdata)
    reg                                      0x0800b2d4   Data          30  inv_mpu.o(.constdata)
    hw                                       0x0800b2f2   Data          12  inv_mpu.o(.constdata)
    test                                     0x0800b300   Data          40  inv_mpu.o(.constdata)
    __mathlib_zero                           0x0800bff8   Data           8  qnan.o(.constdata)
    Region$$Table$$Base                      0x0800c330   Number         0  anon$$obj.o(Region$$Table)
    Region$$Table$$Limit                     0x0800c350   Number         0  anon$$obj.o(Region$$Table)
    __ctype                                  0x0800c379   Data           0  lc_ctype_c.o(locale$$data)
    SystemCoreClock                          0x20000000   Data           4  system_stm32f10x.o(.data)
    AHBPrescTable                            0x20000004   Data          16  system_stm32f10x.o(.data)
    StartTask_Handler                        0x20000028   Data           4  main.o(.data)
    MotorTask_Handler                        0x2000002c   Data           4  main.o(.data)
    MainSysTask_Handler                      0x20000030   Data           4  main.o(.data)
    NetworkTask_Handler                      0x20000034   Data           4  main.o(.data)
    SensorTask_Handler                       0x20000038   Data           4  main.o(.data)
    xKeyLogicQueue                           0x2000003c   Data           4  main.o(.data)
    pxCurrentTCB                             0x20000060   Data           4  tasks.o(.data)
    uxTopUsedPriority                        0x20000090   Data           4  tasks.o(.data)
    xDebugRxQueue                            0x200000fc   Data           4  bsp_debug_uart.o(.data)
    hDebugUart                               0x20000100   Data           8  bsp_debug_uart.o(.data)
    __stdout                                 0x20000108   Data           4  bsp_debug_uart.o(.data)
    xNetRxQueue                              0x20000110   Data           4  bsp_esp8266.o(.data)
    xQueueRegistry                           0x20002984   Data          80  queue.o(.bss)
    g_imu_data                               0x20002eb4   Data          24  fsm_motor.o(.bss)
    g_sensor_data                            0x20002f58   Data          20  fsm_sensor.o(.bss)
    g_debug_rx_buf                           0x200030d4   Data         128  bsp_debug_uart.o(.bss)
    g_esp8266_rx_buf                         0x20003178   Data         512  bsp_esp8266.o(.bss)
    __libspace_start                         0x200033ac   Data          96  libspace.o(.bss)
    __temporary_stack_top$libspace           0x2000340c   Data           0  libspace.o(.bss)



==============================================================================

Memory Map of the image

  Image Entry point : 0x0800030d

  Load Region LR_1 (Base: 0x08000000, Size: 0x0000c600, Max: 0xffffffff, ABSOLUTE, COMPRESSED[0x0000c4e4])

    Execution Region ER_RO (Exec base: 0x08000000, Load base: 0x08000000, Size: 0x0000c47c, Max: 0xffffffff, ABSOLUTE)

    Exec Addr    Load Addr    Size         Type   Attr      Idx    E Section Name        Object

    0x08000000   0x08000000   0x000000ec   Data   RO            3    RESET               startup_stm32f10x_md.o
    0x080000ec   0x080000ec   0x00000008   Code   RO         6471  * !!!main             c_w.l(__main.o)
    0x080000f4   0x080000f4   0x00000034   Code   RO         6910    !!!scatter          c_w.l(__scatter.o)
    0x08000128   0x08000128   0x0000005a   Code   RO         6908    !!dczerorl2         c_w.l(__dczerorl2.o)
    0x08000182   0x08000182   0x00000002   PAD
    0x08000184   0x08000184   0x0000001c   Code   RO         6912    !!handler_zi        c_w.l(__scatter_zi.o)
    0x080001a0   0x080001a0   0x00000000   Code   RO         6456    .ARM.Collect$$_printf_percent$$00000000  c_w.l(_printf_percent.o)
    0x080001a0   0x080001a0   0x00000006   Code   RO         6572    .ARM.Collect$$_printf_percent$$00000001  c_w.l(_printf_n.o)
    0x080001a6   0x080001a6   0x00000006   Code   RO         6573    .ARM.Collect$$_printf_percent$$00000002  c_w.l(_printf_p.o)
    0x080001ac   0x080001ac   0x00000006   Code   RO         6455    .ARM.Collect$$_printf_percent$$00000003  c_w.l(_printf_f.o)
    0x080001b2   0x080001b2   0x00000006   Code   RO         6577    .ARM.Collect$$_printf_percent$$00000004  c_w.l(_printf_e.o)
    0x080001b8   0x080001b8   0x00000006   Code   RO         6578    .ARM.Collect$$_printf_percent$$00000005  c_w.l(_printf_g.o)
    0x080001be   0x080001be   0x00000006   Code   RO         6579    .ARM.Collect$$_printf_percent$$00000006  c_w.l(_printf_a.o)
    0x080001c4   0x080001c4   0x0000000a   Code   RO         6584    .ARM.Collect$$_printf_percent$$00000007  c_w.l(_printf_ll.o)
    0x080001ce   0x080001ce   0x00000006   Code   RO         6575    .ARM.Collect$$_printf_percent$$00000008  c_w.l(_printf_i.o)
    0x080001d4   0x080001d4   0x00000006   Code   RO         6454    .ARM.Collect$$_printf_percent$$00000009  c_w.l(_printf_d.o)
    0x080001da   0x080001da   0x00000006   Code   RO         6576    .ARM.Collect$$_printf_percent$$0000000A  c_w.l(_printf_u.o)
    0x080001e0   0x080001e0   0x00000006   Code   RO         6574    .ARM.Collect$$_printf_percent$$0000000B  c_w.l(_printf_o.o)
    0x080001e6   0x080001e6   0x00000006   Code   RO         6453    .ARM.Collect$$_printf_percent$$0000000C  c_w.l(_printf_x.o)
    0x080001ec   0x080001ec   0x00000006   Code   RO         6581    .ARM.Collect$$_printf_percent$$0000000D  c_w.l(_printf_lli.o)
    0x080001f2   0x080001f2   0x00000006   Code   RO         6582    .ARM.Collect$$_printf_percent$$0000000E  c_w.l(_printf_lld.o)
    0x080001f8   0x080001f8   0x00000006   Code   RO         6583    .ARM.Collect$$_printf_percent$$0000000F  c_w.l(_printf_llu.o)
    0x080001fe   0x080001fe   0x00000006   Code   RO         6588    .ARM.Collect$$_printf_percent$$00000010  c_w.l(_printf_llo.o)
    0x08000204   0x08000204   0x00000006   Code   RO         6589    .ARM.Collect$$_printf_percent$$00000011  c_w.l(_printf_llx.o)
    0x0800020a   0x0800020a   0x0000000a   Code   RO         6585    .ARM.Collect$$_printf_percent$$00000012  c_w.l(_printf_l.o)
    0x08000214   0x08000214   0x00000006   Code   RO         6571    .ARM.Collect$$_printf_percent$$00000013  c_w.l(_printf_c.o)
    0x0800021a   0x0800021a   0x00000006   Code   RO         6452    .ARM.Collect$$_printf_percent$$00000014  c_w.l(_printf_s.o)
    0x08000220   0x08000220   0x00000006   Code   RO         6586    .ARM.Collect$$_printf_percent$$00000015  c_w.l(_printf_lc.o)
    0x08000226   0x08000226   0x00000006   Code   RO         6587    .ARM.Collect$$_printf_percent$$00000016  c_w.l(_printf_ls.o)
    0x0800022c   0x0800022c   0x00000004   Code   RO         6580    .ARM.Collect$$_printf_percent$$00000017  c_w.l(_printf_percent_end.o)
    0x08000230   0x08000230   0x00000002   Code   RO         6774    .ARM.Collect$$libinit$$00000000  c_w.l(libinit.o)
    0x08000232   0x08000232   0x00000000   Code   RO         6776    .ARM.Collect$$libinit$$00000002  c_w.l(libinit2.o)
    0x08000232   0x08000232   0x00000000   Code   RO         6778    .ARM.Collect$$libinit$$00000004  c_w.l(libinit2.o)
    0x08000232   0x08000232   0x00000000   Code   RO         6781    .ARM.Collect$$libinit$$0000000A  c_w.l(libinit2.o)
    0x08000232   0x08000232   0x00000000   Code   RO         6783    .ARM.Collect$$libinit$$0000000C  c_w.l(libinit2.o)
    0x08000232   0x08000232   0x00000000   Code   RO         6785    .ARM.Collect$$libinit$$0000000E  c_w.l(libinit2.o)
    0x08000232   0x08000232   0x00000006   Code   RO         6786    .ARM.Collect$$libinit$$0000000F  c_w.l(libinit2.o)
    0x08000238   0x08000238   0x00000000   Code   RO         6788    .ARM.Collect$$libinit$$00000011  c_w.l(libinit2.o)
    0x08000238   0x08000238   0x0000000c   Code   RO         6789    .ARM.Collect$$libinit$$00000012  c_w.l(libinit2.o)
    0x08000244   0x08000244   0x00000000   Code   RO         6790    .ARM.Collect$$libinit$$00000013  c_w.l(libinit2.o)
    0x08000244   0x08000244   0x00000000   Code   RO         6792    .ARM.Collect$$libinit$$00000015  c_w.l(libinit2.o)
    0x08000244   0x08000244   0x0000000a   Code   RO         6793    .ARM.Collect$$libinit$$00000016  c_w.l(libinit2.o)
    0x0800024e   0x0800024e   0x00000000   Code   RO         6794    .ARM.Collect$$libinit$$00000017  c_w.l(libinit2.o)
    0x0800024e   0x0800024e   0x00000000   Code   RO         6796    .ARM.Collect$$libinit$$00000019  c_w.l(libinit2.o)
    0x0800024e   0x0800024e   0x00000000   Code   RO         6798    .ARM.Collect$$libinit$$0000001B  c_w.l(libinit2.o)
    0x0800024e   0x0800024e   0x00000000   Code   RO         6800    .ARM.Collect$$libinit$$0000001D  c_w.l(libinit2.o)
    0x0800024e   0x0800024e   0x00000000   Code   RO         6802    .ARM.Collect$$libinit$$0000001F  c_w.l(libinit2.o)
    0x0800024e   0x0800024e   0x00000000   Code   RO         6804    .ARM.Collect$$libinit$$00000021  c_w.l(libinit2.o)
    0x0800024e   0x0800024e   0x00000000   Code   RO         6806    .ARM.Collect$$libinit$$00000023  c_w.l(libinit2.o)
    0x0800024e   0x0800024e   0x00000000   Code   RO         6808    .ARM.Collect$$libinit$$00000025  c_w.l(libinit2.o)
    0x0800024e   0x0800024e   0x00000000   Code   RO         6812    .ARM.Collect$$libinit$$0000002C  c_w.l(libinit2.o)
    0x0800024e   0x0800024e   0x00000000   Code   RO         6814    .ARM.Collect$$libinit$$0000002E  c_w.l(libinit2.o)
    0x0800024e   0x0800024e   0x00000000   Code   RO         6816    .ARM.Collect$$libinit$$00000030  c_w.l(libinit2.o)
    0x0800024e   0x0800024e   0x00000000   Code   RO         6818    .ARM.Collect$$libinit$$00000032  c_w.l(libinit2.o)
    0x0800024e   0x0800024e   0x00000002   Code   RO         6819    .ARM.Collect$$libinit$$00000033  c_w.l(libinit2.o)
    0x08000250   0x08000250   0x00000002   Code   RO         6868    .ARM.Collect$$libshutdown$$00000000  c_w.l(libshutdown.o)
    0x08000252   0x08000252   0x00000000   Code   RO         6877    .ARM.Collect$$libshutdown$$00000002  c_w.l(libshutdown2.o)
    0x08000252   0x08000252   0x00000000   Code   RO         6879    .ARM.Collect$$libshutdown$$00000004  c_w.l(libshutdown2.o)
    0x08000252   0x08000252   0x00000000   Code   RO         6882    .ARM.Collect$$libshutdown$$00000007  c_w.l(libshutdown2.o)
    0x08000252   0x08000252   0x00000000   Code   RO         6885    .ARM.Collect$$libshutdown$$0000000A  c_w.l(libshutdown2.o)
    0x08000252   0x08000252   0x00000000   Code   RO         6887    .ARM.Collect$$libshutdown$$0000000C  c_w.l(libshutdown2.o)
    0x08000252   0x08000252   0x00000000   Code   RO         6890    .ARM.Collect$$libshutdown$$0000000F  c_w.l(libshutdown2.o)
    0x08000252   0x08000252   0x00000002   Code   RO         6891    .ARM.Collect$$libshutdown$$00000010  c_w.l(libshutdown2.o)
    0x08000254   0x08000254   0x00000000   Code   RO         6537    .ARM.Collect$$rtentry$$00000000  c_w.l(__rtentry.o)
    0x08000254   0x08000254   0x00000000   Code   RO         6669    .ARM.Collect$$rtentry$$00000002  c_w.l(__rtentry2.o)
    0x08000254   0x08000254   0x00000006   Code   RO         6681    .ARM.Collect$$rtentry$$00000004  c_w.l(__rtentry4.o)
    0x0800025a   0x0800025a   0x00000000   Code   RO         6671    .ARM.Collect$$rtentry$$00000009  c_w.l(__rtentry2.o)
    0x0800025a   0x0800025a   0x00000004   Code   RO         6672    .ARM.Collect$$rtentry$$0000000A  c_w.l(__rtentry2.o)
    0x0800025e   0x0800025e   0x00000000   Code   RO         6674    .ARM.Collect$$rtentry$$0000000C  c_w.l(__rtentry2.o)
    0x0800025e   0x0800025e   0x00000008   Code   RO         6675    .ARM.Collect$$rtentry$$0000000D  c_w.l(__rtentry2.o)
    0x08000266   0x08000266   0x00000002   Code   RO         6824    .ARM.Collect$$rtexit$$00000000  c_w.l(rtexit.o)
    0x08000268   0x08000268   0x00000000   Code   RO         6838    .ARM.Collect$$rtexit$$00000002  c_w.l(rtexit2.o)
    0x08000268   0x08000268   0x00000004   Code   RO         6839    .ARM.Collect$$rtexit$$00000003  c_w.l(rtexit2.o)
    0x0800026c   0x0800026c   0x00000006   Code   RO         6840    .ARM.Collect$$rtexit$$00000004  c_w.l(rtexit2.o)
    0x08000272   0x08000272   0x00000002   PAD
    0x08000274   0x08000274   0x00000096   Code   RO         3371    .emb_text           port.o
    0x0800030a   0x0800030a   0x00000002   PAD
    0x0800030c   0x0800030c   0x00000040   Code   RO            4  * .text               startup_stm32f10x_md.o
    0x0800034c   0x0800034c   0x00000002   Code   RO         6389    .text               c_w.l(use_no_semi_2.o)
    0x0800034e   0x0800034e   0x00000002   PAD
    0x08000350   0x08000350   0x00000034   Code   RO         6393    .text               c_w.l(vsnprintf.o)
    0x08000384   0x08000384   0x00000018   Code   RO         6395    .text               c_w.l(__2printf.o)
    0x0800039c   0x0800039c   0x00000038   Code   RO         6397    .text               c_w.l(__2snprintf.o)
    0x080003d4   0x080003d4   0x0000004e   Code   RO         6405    .text               c_w.l(_printf_pad.o)
    0x08000422   0x08000422   0x00000052   Code   RO         6407    .text               c_w.l(_printf_str.o)
    0x08000474   0x08000474   0x00000078   Code   RO         6409    .text               c_w.l(_printf_dec.o)
    0x080004ec   0x080004ec   0x00000094   Code   RO         6429    .text               c_w.l(_printf_hex_int_ll_ptr.o)
    0x08000580   0x08000580   0x00000188   Code   RO         6449    .text               c_w.l(__printf_flags_ss_wp.o)
    0x08000708   0x08000708   0x00000024   Code   RO         6457    .text               c_w.l(strstr.o)
    0x0800072c   0x0800072c   0x00000058   Code   RO         6459    .text               c_w.l(memcmp.o)
    0x08000784   0x08000784   0x0000008a   Code   RO         6461    .text               c_w.l(rt_memcpy_v6.o)
    0x0800080e   0x0800080e   0x00000010   Code   RO         6463    .text               c_w.l(aeabi_memset.o)
    0x0800081e   0x0800081e   0x00000044   Code   RO         6465    .text               c_w.l(rt_memclr.o)
    0x08000862   0x08000862   0x0000004e   Code   RO         6467    .text               c_w.l(rt_memclr_w.o)
    0x080008b0   0x080008b0   0x00000006   Code   RO         6469    .text               c_w.l(heapauxi.o)
    0x080008b6   0x080008b6   0x00000002   Code   RO         6535    .text               c_w.l(use_no_semi.o)
    0x080008b8   0x080008b8   0x00000016   Code   RO         6540    .text               c_w.l(_rserrno.o)
    0x080008ce   0x080008ce   0x00000024   Code   RO         6542    .text               c_w.l(_printf_truncate.o)
    0x080008f2   0x080008f2   0x000000b2   Code   RO         6544    .text               c_w.l(_printf_intcommon.o)
    0x080009a4   0x080009a4   0x00000028   Code   RO         6546    .text               c_w.l(_printf_charcount.o)
    0x080009cc   0x080009cc   0x0000041e   Code   RO         6548    .text               c_w.l(_printf_fp_dec.o)
    0x08000dea   0x08000dea   0x00000002   PAD
    0x08000dec   0x08000dec   0x00000030   Code   RO         6550    .text               c_w.l(_printf_char_common.o)
    0x08000e1c   0x08000e1c   0x0000000a   Code   RO         6552    .text               c_w.l(_sputc.o)
    0x08000e26   0x08000e26   0x00000010   Code   RO         6554    .text               c_w.l(_snputc.o)
    0x08000e36   0x08000e36   0x0000002c   Code   RO         6556    .text               c_w.l(_printf_char.o)
    0x08000e62   0x08000e62   0x00000002   PAD
    0x08000e64   0x08000e64   0x00000024   Code   RO         6558    .text               c_w.l(_printf_char_file.o)
    0x08000e88   0x08000e88   0x000000bc   Code   RO         6560    .text               c_w.l(_printf_wctomb.o)
    0x08000f44   0x08000f44   0x0000007c   Code   RO         6563    .text               c_w.l(_printf_longlong_dec.o)
    0x08000fc0   0x08000fc0   0x00000070   Code   RO         6569    .text               c_w.l(_printf_oct_int_ll.o)
    0x08001030   0x08001030   0x00000064   Code   RO         6590    .text               c_w.l(rt_memcpy_w.o)
    0x08001094   0x08001094   0x00000008   Code   RO         6690    .text               c_w.l(rt_locale_intlibspace.o)
    0x0800109c   0x0800109c   0x00000008   Code   RO         6695    .text               c_w.l(rt_errno_addr_intlibspace.o)
    0x080010a4   0x080010a4   0x0000008a   Code   RO         6697    .text               c_w.l(lludiv10.o)
    0x0800112e   0x0800112e   0x00000002   PAD
    0x08001130   0x08001130   0x000002fc   Code   RO         6699    .text               c_w.l(_printf_fp_hex.o)
    0x0800142c   0x0800142c   0x00000080   Code   RO         6702    .text               c_w.l(_printf_fp_infnan.o)
    0x080014ac   0x080014ac   0x0000002c   Code   RO         6706    .text               c_w.l(_printf_wchar.o)
    0x080014d8   0x080014d8   0x000000e4   Code   RO         6708    .text               c_w.l(bigflt0.o)
    0x080015bc   0x080015bc   0x00000008   Code   RO         6733    .text               c_w.l(ferror.o)
    0x080015c4   0x080015c4   0x00000040   Code   RO         6737    .text               c_w.l(_wcrtomb.o)
    0x08001604   0x08001604   0x00000008   Code   RO         6756    .text               c_w.l(libspace.o)
    0x0800160c   0x0800160c   0x0000004a   Code   RO         6759    .text               c_w.l(sys_stackheap_outer.o)
    0x08001656   0x08001656   0x00000002   PAD
    0x08001658   0x08001658   0x00000010   Code   RO         6761    .text               c_w.l(rt_ctype_table.o)
    0x08001668   0x08001668   0x00000012   Code   RO         6765    .text               c_w.l(exit.o)
    0x0800167a   0x0800167a   0x00000002   PAD
    0x0800167c   0x0800167c   0x00000080   Code   RO         6767    .text               c_w.l(strcmpv7m.o)
    0x080016fc   0x080016fc   0x0000003e   Code   RO         6711    CL$$btod_d2e        c_w.l(btod.o)
    0x0800173a   0x0800173a   0x00000046   Code   RO         6713    CL$$btod_d2e_denorm_low  c_w.l(btod.o)
    0x08001780   0x08001780   0x00000060   Code   RO         6712    CL$$btod_d2e_norm_op1  c_w.l(btod.o)
    0x080017e0   0x080017e0   0x00000338   Code   RO         6721    CL$$btod_div_common  c_w.l(btod.o)
    0x08001b18   0x08001b18   0x000000dc   Code   RO         6718    CL$$btod_e2e        c_w.l(btod.o)
    0x08001bf4   0x08001bf4   0x0000002a   Code   RO         6715    CL$$btod_ediv       c_w.l(btod.o)
    0x08001c1e   0x08001c1e   0x0000002a   Code   RO         6714    CL$$btod_emul       c_w.l(btod.o)
    0x08001c48   0x08001c48   0x00000244   Code   RO         6720    CL$$btod_mult_common  c_w.l(btod.o)
    0x08001e8c   0x08001e8c   0x00000018   Code   RO          202    i.ADC_Cmd           stm32f10x_adc.o
    0x08001ea4   0x08001ea4   0x00000018   Code   RO          203    i.ADC_DMACmd        stm32f10x_adc.o
    0x08001ebc   0x08001ebc   0x0000000e   Code   RO          210    i.ADC_GetCalibrationStatus  stm32f10x_adc.o
    0x08001eca   0x08001eca   0x0000000e   Code   RO          216    i.ADC_GetResetCalibrationStatus  stm32f10x_adc.o
    0x08001ed8   0x08001ed8   0x00000048   Code   RO          220    i.ADC_Init          stm32f10x_adc.o
    0x08001f20   0x08001f20   0x00000074   Code   RO          224    i.ADC_RegularChannelConfig  stm32f10x_adc.o
    0x08001f94   0x08001f94   0x0000000a   Code   RO          225    i.ADC_ResetCalibration  stm32f10x_adc.o
    0x08001f9e   0x08001f9e   0x00000018   Code   RO          227    i.ADC_SoftwareStartConvCmd  stm32f10x_adc.o
    0x08001fb6   0x08001fb6   0x0000000a   Code   RO          229    i.ADC_StartCalibration  stm32f10x_adc.o
    0x08001fc0   0x08001fc0   0x00000004   Code   RO         4795    i.Adapter_DelayMs   bsp_oled.o
    0x08001fc4   0x08001fc4   0x00000004   Code   RO         5049    i.Adapter_DelayMs   bsp_mpu6050.o
    0x08001fc8   0x08001fc8   0x00000010   Code   RO         5050    i.Adapter_GetTick   bsp_mpu6050.o
    0x08001fd8   0x08001fd8   0x0000000c   Code   RO         4796    i.Adapter_InitIO    bsp_oled.o
    0x08001fe4   0x08001fe4   0x00000040   Code   RO         5051    i.Adapter_InitIO    bsp_mpu6050.o
    0x08002024   0x08002024   0x00000018   Code   RO         5052    i.Adapter_ReadMem   bsp_mpu6050.o
    0x0800203c   0x0800203c   0x00000030   Code   RO         4797    i.Adapter_WriteCmd  bsp_oled.o
    0x0800206c   0x0800206c   0x00000030   Code   RO         4798    i.Adapter_WriteDat  bsp_oled.o
    0x0800209c   0x0800209c   0x00000018   Code   RO         5053    i.Adapter_WriteMem  bsp_mpu6050.o
    0x080020b4   0x080020b4   0x00000010   Code   RO         5187    i.BSP_DHT11_Read    bsp_sensor.o
    0x080020c4   0x080020c4   0x00000010   Code   RO         5188    i.BSP_DHT11_SetIn   bsp_sensor.o
    0x080020d4   0x080020d4   0x00000010   Code   RO         5189    i.BSP_DHT11_SetOut  bsp_sensor.o
    0x080020e4   0x080020e4   0x00000018   Code   RO         5190    i.BSP_DHT11_Write   bsp_sensor.o
    0x080020fc   0x080020fc   0x00000058   Code   RO         4992    i.BSP_DebugUART_Init  bsp_debug_uart.o
    0x08002154   0x08002154   0x0000005c   Code   RO         5156    i.BSP_ESP8266_Init  bsp_esp8266.o
    0x080021b0   0x080021b0   0x00000030   Code   RO         5157    i.BSP_ESP8266_SendString  bsp_esp8266.o
    0x080021e0   0x080021e0   0x00000018   Code   RO         5191    i.BSP_HCSR04_Trig   bsp_sensor.o
    0x080021f8   0x080021f8   0x0000000c   Code   RO         4744    i.BSP_LED1_Off      bsp_led.o
    0x08002204   0x08002204   0x00000020   Code   RO         4747    i.BSP_LED_Init      bsp_led.o
    0x08002224   0x08002224   0x00000044   Code   RO         5054    i.BSP_MPL_LOGE      bsp_mpu6050.o
    0x08002268   0x08002268   0x00000040   Code   RO         5055    i.BSP_MPL_LOGI      bsp_mpu6050.o
    0x080022a8   0x080022a8   0x0000000c   Code   RO         5056    i.BSP_MPU6050_ClearDataReady  bsp_mpu6050.o
    0x080022b4   0x080022b4   0x00000004   Code   RO         5057    i.BSP_MPU6050_GetData  bsp_mpu6050.o
    0x080022b8   0x080022b8   0x0000008c   Code   RO         5058    i.BSP_MPU6050_Init  bsp_mpu6050.o
    0x08002344   0x08002344   0x0000000c   Code   RO         5059    i.BSP_MPU6050_IsDataReady  bsp_mpu6050.o
    0x08002350   0x08002350   0x0000000c   Code   RO         5060    i.BSP_MPU6050_IsWorking  bsp_mpu6050.o
    0x0800235c   0x0800235c   0x0000000c   Code   RO         5192    i.BSP_MQ2_ReadADC   bsp_sensor.o
    0x08002368   0x08002368   0x0000000c   Code   RO         4799    i.BSP_OLED_Clear    bsp_oled.o
    0x08002374   0x08002374   0x0000002c   Code   RO         4800    i.BSP_OLED_Init     bsp_oled.o
    0x080023a0   0x080023a0   0x00000010   Code   RO         4806    i.BSP_OLED_ShowString  bsp_oled.o
    0x080023b0   0x080023b0   0x0000000c   Code   RO         5193    i.BSP_Sensor_GetDistance  bsp_sensor.o
    0x080023bc   0x080023bc   0x0000004c   Code   RO         5194    i.BSP_Sensor_GetLight  bsp_sensor.o
    0x08002408   0x08002408   0x0000000c   Code   RO         5195    i.BSP_Sensor_GetSmoke  bsp_sensor.o
    0x08002414   0x08002414   0x00000010   Code   RO         5196    i.BSP_Sensor_ReadDHT11  bsp_sensor.o
    0x08002424   0x08002424   0x000000bc   Code   RO         5197    i.BSP_Sensors_Init  bsp_sensor.o
    0x080024e0   0x080024e0   0x00000084   Code   RO         5198    i.BSP_Sensors_Sleep  bsp_sensor.o
    0x08002564   0x08002564   0x0000006c   Code   RO         5199    i.BSP_Sensors_Wakeup  bsp_sensor.o
    0x080025d0   0x080025d0   0x000000e8   Code   RO         4884    i.BSP_Servo_Init    bsp_servo.o
    0x080026b8   0x080026b8   0x0000000c   Code   RO         4885    i.BSP_Servo_Set_Left_Bottom_Hip  bsp_servo.o
    0x080026c4   0x080026c4   0x0000000c   Code   RO         4886    i.BSP_Servo_Set_Left_Bottom_Knee  bsp_servo.o
    0x080026d0   0x080026d0   0x0000000c   Code   RO         4887    i.BSP_Servo_Set_Left_Top_Hip  bsp_servo.o
    0x080026dc   0x080026dc   0x0000000c   Code   RO         4888    i.BSP_Servo_Set_Left_Top_Knee  bsp_servo.o
    0x080026e8   0x080026e8   0x0000000c   Code   RO         4889    i.BSP_Servo_Set_Right_Bottom_Hip  bsp_servo.o
    0x080026f4   0x080026f4   0x0000000c   Code   RO         4890    i.BSP_Servo_Set_Right_Bottom_Knee  bsp_servo.o
    0x08002700   0x08002700   0x0000000c   Code   RO         4891    i.BSP_Servo_Set_Right_Top_Hip  bsp_servo.o
    0x0800270c   0x0800270c   0x0000000c   Code   RO         4892    i.BSP_Servo_Set_Right_Top_Knee  bsp_servo.o
    0x08002718   0x08002718   0x00000002   Code   RO         3247    i.BusFault_Handler  stm32f10x_it.o
    0x0800271a   0x0800271a   0x0000001a   Code   RO          887    i.DMA_Cmd           stm32f10x_dma.o
    0x08002734   0x08002734   0x000000f8   Code   RO          888    i.DMA_DeInit        stm32f10x_dma.o
    0x0800282c   0x0800282c   0x00000006   Code   RO          889    i.DMA_GetCurrDataCounter  stm32f10x_dma.o
    0x08002832   0x08002832   0x0000003a   Code   RO          893    i.DMA_Init          stm32f10x_dma.o
    0x0800286c   0x0800286c   0x00000004   Code   RO          894    i.DMA_SetCurrDataCounter  stm32f10x_dma.o
    0x08002870   0x08002870   0x00000002   Code   RO         3248    i.DebugMon_Handler  stm32f10x_it.o
    0x08002872   0x08002872   0x00000002   PAD
    0x08002874   0x08002874   0x00000014   Code   RO         5743    i.Delay_ms          dev_mpu6050.o
    0x08002888   0x08002888   0x00000002   Code   RO         5811    i.Dev_DHT11_Init    dev_dht11.o
    0x0800288a   0x0800288a   0x0000011c   Code   RO         5812    i.Dev_DHT11_Read    dev_dht11.o
    0x080029a6   0x080029a6   0x00000002   PAD
    0x080029a8   0x080029a8   0x0000003c   Code   RO         5853    i.Dev_HCSR04_GetDistance  dev_hcsr04.o
    0x080029e4   0x080029e4   0x00000008   Code   RO         5854    i.Dev_HCSR04_Init   dev_hcsr04.o
    0x080029ec   0x080029ec   0x00000010   Code   RO         5616    i.Dev_LED_Init      dev_led.o
    0x080029fc   0x080029fc   0x00000022   Code   RO         5617    i.Dev_LED_Off       dev_led.o
    0x08002a1e   0x08002a1e   0x00000002   PAD
    0x08002a20   0x08002a20   0x000000a0   Code   RO         5744    i.Dev_MPU6050_Init  dev_mpu6050.o
    0x08002ac0   0x08002ac0   0x0000009c   Code   RO         5745    i.Dev_MPU6050_Read_DMP  dev_mpu6050.o
    0x08002b5c   0x08002b5c   0x0000002c   Code   RO         5832    i.Dev_MQ2_GetPPM    dev_mq2.o
    0x08002b88   0x08002b88   0x00000004   Code   RO         5833    i.Dev_MQ2_Init      dev_mq2.o
    0x08002b8c   0x08002b8c   0x0000002a   Code   RO         5670    i.Dev_SSD1306_Clear  dev_ssd1306.o
    0x08002bb6   0x08002bb6   0x000000ae   Code   RO         5671    i.Dev_SSD1306_Init  dev_ssd1306.o
    0x08002c64   0x08002c64   0x00000064   Code   RO         5673    i.Dev_SSD1306_ShowChar  dev_ssd1306.o
    0x08002cc8   0x08002cc8   0x0000002a   Code   RO         5677    i.Dev_SSD1306_ShowString  dev_ssd1306.o
    0x08002cf2   0x08002cf2   0x00000002   PAD
    0x08002cf4   0x08002cf4   0x00000010   Code   RO         5649    i.Dev_Servo_Init    dev_servo.o
    0x08002d04   0x08002d04   0x00000054   Code   RO         5650    i.Dev_Servo_SetAngle  dev_servo.o
    0x08002d58   0x08002d58   0x00000028   Code   RO         5528    i.EXTI15_10_IRQHandler  hal_exti.o
    0x08002d80   0x08002d80   0x0000000c   Code   RO          958    i.EXTI_ClearITPendingBit  stm32f10x_exti.o
    0x08002d8c   0x08002d8c   0x00000020   Code   RO          962    i.EXTI_GetITStatus  stm32f10x_exti.o
    0x08002dac   0x08002dac   0x00000074   Code   RO          963    i.EXTI_Init         stm32f10x_exti.o
    0x08002e20   0x08002e20   0x00000028   Code   RO         1308    i.GPIO_EXTILineConfig  stm32f10x_gpio.o
    0x08002e48   0x08002e48   0x000000a6   Code   RO         1311    i.GPIO_Init         stm32f10x_gpio.o
    0x08002eee   0x08002eee   0x00000002   PAD
    0x08002ef0   0x08002ef0   0x0000005c   Code   RO         1313    i.GPIO_PinRemapConfig  stm32f10x_gpio.o
    0x08002f4c   0x08002f4c   0x0000000e   Code   RO         1315    i.GPIO_ReadInputDataBit  stm32f10x_gpio.o
    0x08002f5a   0x08002f5a   0x00000004   Code   RO         1318    i.GPIO_ResetBits    stm32f10x_gpio.o
    0x08002f5e   0x08002f5e   0x00000004   Code   RO         1319    i.GPIO_SetBits      stm32f10x_gpio.o
    0x08002f62   0x08002f62   0x00000002   PAD
    0x08002f64   0x08002f64   0x00000124   Code   RO         5572    i.HAL_ADC_DMA_Init  hal_adc_dma.o
    0x08003088   0x08003088   0x00000038   Code   RO         5399    i.HAL_Delay_Init    hal_delay.o
    0x080030c0   0x080030c0   0x00000040   Code   RO         5400    i.HAL_Delay_ms      hal_delay.o
    0x08003100   0x08003100   0x00000060   Code   RO         5401    i.HAL_Delay_us      hal_delay.o
    0x08003160   0x08003160   0x00000068   Code   RO         5529    i.HAL_EXTI_Init_PB12  hal_exti.o
    0x080031c8   0x080031c8   0x0000000c   Code   RO         5530    i.HAL_EXTI_RegisterCallback_PB12  hal_exti.o
    0x080031d4   0x080031d4   0x0000004c   Code   RO         5296    i.HAL_GPIO_EnableClock  hal_gpio.o
    0x08003220   0x08003220   0x00000026   Code   RO         5297    i.HAL_GPIO_Init     hal_gpio.o
    0x08003246   0x08003246   0x00000012   Code   RO         5298    i.HAL_GPIO_ReadPin  hal_gpio.o
    0x08003258   0x08003258   0x0000000c   Code   RO         5300    i.HAL_GPIO_WritePin  hal_gpio.o
    0x08003264   0x08003264   0x00000016   Code   RO         5402    i.HAL_GetTick       hal_delay.o
    0x0800327a   0x0800327a   0x00000002   PAD
    0x0800327c   0x0800327c   0x0000009c   Code   RO         5490    i.HAL_HardI2C_Init  hal_hard_i2c.o
    0x08003318   0x08003318   0x000000fc   Code   RO         5491    i.HAL_HardI2C_ReadMem  hal_hard_i2c.o
    0x08003414   0x08003414   0x0000005e   Code   RO         5492    i.HAL_HardI2C_ResetBus  hal_hard_i2c.o
    0x08003472   0x08003472   0x00000002   PAD
    0x08003474   0x08003474   0x000000b8   Code   RO         5493    i.HAL_HardI2C_WriteMem  hal_hard_i2c.o
    0x0800352c   0x0800352c   0x00000092   Code   RO         5334    i.HAL_PWM_ConfigChannel  hal_pwm.o
    0x080035be   0x080035be   0x00000002   PAD
    0x080035c0   0x080035c0   0x00000034   Code   RO         5335    i.HAL_PWM_EnableTimerClock  hal_pwm.o
    0x080035f4   0x080035f4   0x0000002a   Code   RO         5336    i.HAL_PWM_SetCompare  hal_pwm.o
    0x0800361e   0x0800361e   0x00000034   Code   RO         5337    i.HAL_PWM_TimerInit  hal_pwm.o
    0x08003652   0x08003652   0x00000030   Code   RO         5366    i.HAL_SoftI2C_Init  hal_soft_iic.o
    0x08003682   0x08003682   0x00000056   Code   RO         5367    i.HAL_SoftI2C_SendByte  hal_soft_iic.o
    0x080036d8   0x080036d8   0x00000030   Code   RO         5368    i.HAL_SoftI2C_Start  hal_soft_iic.o
    0x08003708   0x08003708   0x00000026   Code   RO         5369    i.HAL_SoftI2C_Stop  hal_soft_iic.o
    0x0800372e   0x0800372e   0x00000002   PAD
    0x08003730   0x08003730   0x0000000c   Code   RO         5587    i.HAL_TIM1_CH4_GetPulseWidth  hal_tim_ic.o
    0x0800373c   0x0800373c   0x000000ac   Code   RO         5588    i.HAL_TIM1_CH4_IC_Init  hal_tim_ic.o
    0x080037e8   0x080037e8   0x00000084   Code   RO         5557    i.HAL_UART_DMA_Rx_Init  hal_uart_dma.o
    0x0800386c   0x0800386c   0x00000038   Code   RO         5446    i.HAL_UART_EnableClock  hal_uart.o
    0x080038a4   0x080038a4   0x00000050   Code   RO         5447    i.HAL_UART_EnableIRQ  hal_uart.o
    0x080038f4   0x080038f4   0x00000038   Code   RO         5448    i.HAL_UART_Init     hal_uart.o
    0x0800392c   0x0800392c   0x00000018   Code   RO         5450    i.HAL_UART_SendByte  hal_uart.o
    0x08003944   0x08003944   0x00000018   Code   RO         5451    i.HAL_UART_SendString  hal_uart.o
    0x0800395c   0x0800395c   0x00000002   Code   RO         3249    i.HardFault_Handler  stm32f10x_it.o
    0x0800395e   0x0800395e   0x00000018   Code   RO         1420    i.I2C_AcknowledgeConfig  stm32f10x_i2c.o
    0x08003976   0x08003976   0x00000018   Code   RO         1422    i.I2C_CheckEvent    stm32f10x_i2c.o
    0x0800398e   0x0800398e   0x00000018   Code   RO         1425    i.I2C_Cmd           stm32f10x_i2c.o
    0x080039a6   0x080039a6   0x00000002   PAD
    0x080039a8   0x080039a8   0x00000038   Code   RO         1428    i.I2C_DeInit        stm32f10x_i2c.o
    0x080039e0   0x080039e0   0x00000018   Code   RO         1432    i.I2C_GenerateSTART  stm32f10x_i2c.o
    0x080039f8   0x080039f8   0x00000018   Code   RO         1433    i.I2C_GenerateSTOP  stm32f10x_i2c.o
    0x08003a10   0x08003a10   0x00000032   Code   RO         1434    i.I2C_GetFlagStatus  stm32f10x_i2c.o
    0x08003a42   0x08003a42   0x00000002   PAD
    0x08003a44   0x08003a44   0x000000c0   Code   RO         1439    i.I2C_Init          stm32f10x_i2c.o
    0x08003b04   0x08003b04   0x00000006   Code   RO         1444    i.I2C_ReceiveData   stm32f10x_i2c.o
    0x08003b0a   0x08003b0a   0x00000012   Code   RO         1446    i.I2C_Send7bitAddress  stm32f10x_i2c.o
    0x08003b1c   0x08003b1c   0x00000004   Code   RO         1447    i.I2C_SendData      stm32f10x_i2c.o
    0x08003b20   0x08003b20   0x00000024   Code   RO         5494    i.I2C_WaitEvent     hal_hard_i2c.o
    0x08003b44   0x08003b44   0x0000007c   Code   RO         4408    i.KEY_Init          fsm_key.o
    0x08003bc0   0x08003bc0   0x00000060   Code   RO         4409    i.KEY_Scan_StateMachine  fsm_key.o
    0x08003c20   0x08003c20   0x0000001c   Code   RO         4748    i.LED1_Read         bsp_led.o
    0x08003c3c   0x08003c3c   0x00000018   Code   RO         4749    i.LED1_Write        bsp_led.o
    0x08003c54   0x08003c54   0x0000000c   Code   RO         5061    i.MPU_DataReadyCallback  bsp_mpu6050.o
    0x08003c60   0x08003c60   0x00000070   Code   RO         4439    i.Main_System_FSM_task  fsm_main_system.o
    0x08003cd0   0x08003cd0   0x000000c4   Code   RO         4440    i.Main_System_fsm_setup  fsm_main_system.o
    0x08003d94   0x08003d94   0x00000002   Code   RO         3250    i.MemManage_Handler  stm32f10x_it.o
    0x08003d96   0x08003d96   0x00000002   PAD
    0x08003d98   0x08003d98   0x00000084   Code   RO         4522    i.Motor_FSM_Setup   fsm_motor.o
    0x08003e1c   0x08003e1c   0x00000040   Code   RO         4523    i.Motor_FSM_task    fsm_motor.o
    0x08003e5c   0x08003e5c   0x00000002   Code   RO         3251    i.NMI_Handler       stm32f10x_it.o
    0x08003e5e   0x08003e5e   0x00000002   PAD
    0x08003e60   0x08003e60   0x00000064   Code   RO          137    i.NVIC_Init         misc.o
    0x08003ec4   0x08003ec4   0x00000014   Code   RO          138    i.NVIC_PriorityGroupConfig  misc.o
    0x08003ed8   0x08003ed8   0x00000080   Code   RO         4646    i.Network_FSM_Setup  fsm_network.o
    0x08003f58   0x08003f58   0x000000d0   Code   RO         4647    i.Network_FSM_Task  fsm_network.o
    0x08004028   0x08004028   0x0000001c   Code   RO         1726    i.RCC_AHBPeriphClockCmd  stm32f10x_rcc.o
    0x08004044   0x08004044   0x0000001c   Code   RO         1727    i.RCC_APB1PeriphClockCmd  stm32f10x_rcc.o
    0x08004060   0x08004060   0x0000001c   Code   RO         1728    i.RCC_APB1PeriphResetCmd  stm32f10x_rcc.o
    0x0800407c   0x0800407c   0x0000001c   Code   RO         1729    i.RCC_APB2PeriphClockCmd  stm32f10x_rcc.o
    0x08004098   0x08004098   0x000000ac   Code   RO         1737    i.RCC_GetClocksFreq  stm32f10x_rcc.o
    0x08004144   0x08004144   0x00000024   Code   RO         5679    i.SSD1306_SetCursor  dev_ssd1306.o
    0x08004168   0x08004168   0x00000080   Code   RO         4607    i.Sensor_FSM_Task   fsm_sensor.o
    0x080041e8   0x080041e8   0x0000002c   Code   RO         5747    i.Sensors_I2C_ReadRegister  dev_mpu6050.o
    0x08004214   0x08004214   0x0000002c   Code   RO         5748    i.Sensors_I2C_WriteRegister  dev_mpu6050.o
    0x08004240   0x08004240   0x00000004   Code   RO           24    i.SetSysClock       system_stm32f10x.o
    0x08004244   0x08004244   0x000000b0   Code   RO           25    i.SetSysClockTo72   system_stm32f10x.o
    0x080042f4   0x080042f4   0x0000002c   Code   RO         3372    i.SysTick_Handler   port.o
    0x08004320   0x08004320   0x0000007c   Code   RO           26    i.SystemCoreClockUpdate  system_stm32f10x.o
    0x0800439c   0x0800439c   0x00000050   Code   RO           27    i.SystemInit        system_stm32f10x.o
    0x080043ec   0x080043ec   0x00000074   Code   RO         2345    i.TI1_Config        stm32f10x_tim.o
    0x08004460   0x08004460   0x0000007c   Code   RO         2346    i.TI2_Config        stm32f10x_tim.o
    0x080044dc   0x080044dc   0x00000078   Code   RO         2347    i.TI3_Config        stm32f10x_tim.o
    0x08004554   0x08004554   0x0000007c   Code   RO         2348    i.TI4_Config        stm32f10x_tim.o
    0x080045d0   0x080045d0   0x00000078   Code   RO         5589    i.TIM1_CC_IRQHandler  hal_tim_ic.o
    0x08004648   0x08004648   0x0000000a   Code   RO         4893    i.TIM2_CH1_Write    bsp_servo.o
    0x08004652   0x08004652   0x0000000a   Code   RO         4894    i.TIM2_CH2_Write    bsp_servo.o
    0x0800465c   0x0800465c   0x00000010   Code   RO         4895    i.TIM3_CH1_Write    bsp_servo.o
    0x0800466c   0x0800466c   0x00000010   Code   RO         4896    i.TIM3_CH2_Write    bsp_servo.o
    0x0800467c   0x0800467c   0x00000010   Code   RO         4897    i.TIM3_CH3_Write    bsp_servo.o
    0x0800468c   0x0800468c   0x00000010   Code   RO         4898    i.TIM3_CH4_Write    bsp_servo.o
    0x0800469c   0x0800469c   0x00000010   Code   RO         4899    i.TIM4_CH1_Write    bsp_servo.o
    0x080046ac   0x080046ac   0x00000010   Code   RO         4900    i.TIM4_CH2_Write    bsp_servo.o
    0x080046bc   0x080046bc   0x00000006   Code   RO         2356    i.TIM_ClearITPendingBit  stm32f10x_tim.o
    0x080046c2   0x080046c2   0x00000018   Code   RO         2361    i.TIM_Cmd           stm32f10x_tim.o
    0x080046da   0x080046da   0x00000006   Code   RO         2379    i.TIM_GetCapture4   stm32f10x_tim.o
    0x080046e0   0x080046e0   0x00000018   Code   RO         2382    i.TIM_GetITStatus   stm32f10x_tim.o
    0x080046f8   0x080046f8   0x0000008c   Code   RO         2384    i.TIM_ICInit        stm32f10x_tim.o
    0x08004784   0x08004784   0x00000014   Code   RO         2386    i.TIM_ITConfig      stm32f10x_tim.o
    0x08004798   0x08004798   0x00000088   Code   RO         2390    i.TIM_OC1Init       stm32f10x_tim.o
    0x08004820   0x08004820   0x0000000c   Code   RO         2393    i.TIM_OC1PreloadConfig  stm32f10x_tim.o
    0x0800482c   0x0800482c   0x00000088   Code   RO         2395    i.TIM_OC2Init       stm32f10x_tim.o
    0x080048b4   0x080048b4   0x00000014   Code   RO         2398    i.TIM_OC2PreloadConfig  stm32f10x_tim.o
    0x080048c8   0x080048c8   0x00000084   Code   RO         2400    i.TIM_OC3Init       stm32f10x_tim.o
    0x0800494c   0x0800494c   0x0000000c   Code   RO         2403    i.TIM_OC3PreloadConfig  stm32f10x_tim.o
    0x08004958   0x08004958   0x00000068   Code   RO         2405    i.TIM_OC4Init       stm32f10x_tim.o
    0x080049c0   0x080049c0   0x00000014   Code   RO         2406    i.TIM_OC4PolarityConfig  stm32f10x_tim.o
    0x080049d4   0x080049d4   0x00000014   Code   RO         2407    i.TIM_OC4PreloadConfig  stm32f10x_tim.o
    0x080049e8   0x080049e8   0x00000014   Code   RO         2408    i.TIM_OCStructInit  stm32f10x_tim.o
    0x080049fc   0x080049fc   0x00000004   Code   RO         2422    i.TIM_SetCompare1   stm32f10x_tim.o
    0x08004a00   0x08004a00   0x00000004   Code   RO         2423    i.TIM_SetCompare2   stm32f10x_tim.o
    0x08004a04   0x08004a04   0x00000004   Code   RO         2424    i.TIM_SetCompare3   stm32f10x_tim.o
    0x08004a08   0x08004a08   0x00000006   Code   RO         2425    i.TIM_SetCompare4   stm32f10x_tim.o
    0x08004a0e   0x08004a0e   0x00000010   Code   RO         2427    i.TIM_SetIC1Prescaler  stm32f10x_tim.o
    0x08004a1e   0x08004a1e   0x00000018   Code   RO         2428    i.TIM_SetIC2Prescaler  stm32f10x_tim.o
    0x08004a36   0x08004a36   0x00000010   Code   RO         2429    i.TIM_SetIC3Prescaler  stm32f10x_tim.o
    0x08004a46   0x08004a46   0x00000018   Code   RO         2430    i.TIM_SetIC4Prescaler  stm32f10x_tim.o
    0x08004a5e   0x08004a5e   0x00000002   PAD
    0x08004a60   0x08004a60   0x0000009c   Code   RO         2432    i.TIM_TimeBaseInit  stm32f10x_tim.o
    0x08004afc   0x08004afc   0x000000b0   Code   RO         5158    i.USART1_IRQHandler  bsp_esp8266.o
    0x08004bac   0x08004bac   0x000000a8   Code   RO         4993    i.USART2_IRQHandler  bsp_debug_uart.o
    0x08004c54   0x08004c54   0x00000018   Code   RO         2897    i.USART_Cmd         stm32f10x_usart.o
    0x08004c6c   0x08004c6c   0x00000014   Code   RO         2898    i.USART_DMACmd      stm32f10x_usart.o
    0x08004c80   0x08004c80   0x0000000e   Code   RO         2900    i.USART_GetFlagStatus  stm32f10x_usart.o
    0x08004c8e   0x08004c8e   0x00000036   Code   RO         2903    i.USART_ITConfig    stm32f10x_usart.o
    0x08004cc4   0x08004cc4   0x000000bc   Code   RO         2904    i.USART_Init        stm32f10x_usart.o
    0x08004d80   0x08004d80   0x00000008   Code   RO         2914    i.USART_SendData    stm32f10x_usart.o
    0x08004d88   0x08004d88   0x00000002   Code   RO         3252    i.UsageFault_Handler  stm32f10x_it.o
    0x08004d8a   0x08004d8a   0x00000028   Code   RO         6752    i.__ARM_fpclassify  m_ws.l(fpclassify.o)
    0x08004db2   0x08004db2   0x00000026   Code   RO         6643    i.__ARM_fpclassifyf  m_ws.l(fpclassifyf.o)
    0x08004dd8   0x08004dd8   0x000000aa   Code   RO         6754    i.__kernel_poly     m_ws.l(poly.o)
    0x08004e82   0x08004e82   0x00000006   Code   RO         6630    i.__mathlib_dbl_infnan  m_ws.l(dunder.o)
    0x08004e88   0x08004e88   0x00000004   Code   RO         6631    i.__mathlib_dbl_infnan2  m_ws.l(dunder.o)
    0x08004e8c   0x08004e8c   0x00000010   Code   RO         6635    i.__mathlib_dbl_underflow  m_ws.l(dunder.o)
    0x08004e9c   0x08004e9c   0x00000006   Code   RO         6646    i.__mathlib_flt_infnan  m_ws.l(funder.o)
    0x08004ea2   0x08004ea2   0x00000008   Code   RO         6648    i.__mathlib_flt_invalid  m_ws.l(funder.o)
    0x08004eaa   0x08004eaa   0x0000000a   Code   RO         6651    i.__mathlib_flt_underflow  m_ws.l(funder.o)
    0x08004eb4   0x08004eb4   0x0000000e   Code   RO         6442    i._is_digit         c_w.l(__printf_wp.o)
    0x08004ec2   0x08004ec2   0x00000002   Code   RO         4994    i._sys_exit         bsp_debug_uart.o
    0x08004ec4   0x08004ec4   0x00000006   Code   RO         4648    i.action_euler_switch  fsm_network.o
    0x08004eca   0x08004eca   0x0000003a   Code   RO         4441    i.action_local_select  fsm_main_system.o
    0x08004f04   0x08004f04   0x00000060   Code   RO         4442    i.action_local_toggle  fsm_main_system.o
    0x08004f64   0x08004f64   0x00000068   Code   RO         4443    i.action_sync_motor_state  fsm_main_system.o
    0x08004fcc   0x08004fcc   0x00000058   Code   RO         4524    i.apply_pose        fsm_motor.o
    0x08005024   0x08005024   0x00000124   Code   RO         6520    i.asinf             m_ws.l(asinf.o)
    0x08005148   0x08005148   0x00000220   Code   RO         6620    i.atan              m_ws.l(atan.o)
    0x08005368   0x08005368   0x00000180   Code   RO         6528    i.atan2             m_ws.l(atan2.o)
    0x080054e8   0x080054e8   0x0000003c   Code   RO         6194    i.decode_gesture    inv_mpu_dmp_motion_driver.o
    0x08005524   0x08005524   0x0000003c   Code   RO         6195    i.dmp_enable_6x_lp_quat  inv_mpu_dmp_motion_driver.o
    0x08005560   0x08005560   0x000001ec   Code   RO         6196    i.dmp_enable_feature  inv_mpu_dmp_motion_driver.o
    0x0800574c   0x0800574c   0x00000058   Code   RO         6197    i.dmp_enable_gyro_cal  inv_mpu_dmp_motion_driver.o
    0x080057a4   0x080057a4   0x0000003c   Code   RO         6198    i.dmp_enable_lp_quat  inv_mpu_dmp_motion_driver.o
    0x080057e0   0x080057e0   0x00000014   Code   RO         6203    i.dmp_load_motion_driver_firmware  inv_mpu_dmp_motion_driver.o
    0x080057f4   0x080057f4   0x00000184   Code   RO         6204    i.dmp_read_fifo     inv_mpu_dmp_motion_driver.o
    0x08005978   0x08005978   0x00000070   Code   RO         6208    i.dmp_set_fifo_rate  inv_mpu_dmp_motion_driver.o
    0x080059e8   0x080059e8   0x00000118   Code   RO         6211    i.dmp_set_orientation  inv_mpu_dmp_motion_driver.o
    0x08005b00   0x08005b00   0x00000030   Code   RO         6214    i.dmp_set_shake_reject_thresh  inv_mpu_dmp_motion_driver.o
    0x08005b30   0x08005b30   0x00000020   Code   RO         6215    i.dmp_set_shake_reject_time  inv_mpu_dmp_motion_driver.o
    0x08005b50   0x08005b50   0x00000020   Code   RO         6216    i.dmp_set_shake_reject_timeout  inv_mpu_dmp_motion_driver.o
    0x08005b70   0x08005b70   0x00000038   Code   RO         6217    i.dmp_set_tap_axes  inv_mpu_dmp_motion_driver.o
    0x08005ba8   0x08005ba8   0x00000022   Code   RO         6218    i.dmp_set_tap_count  inv_mpu_dmp_motion_driver.o
    0x08005bca   0x08005bca   0x00000002   PAD
    0x08005bcc   0x08005bcc   0x00000164   Code   RO         6219    i.dmp_set_tap_thresh  inv_mpu_dmp_motion_driver.o
    0x08005d30   0x08005d30   0x00000020   Code   RO         6220    i.dmp_set_tap_time  inv_mpu_dmp_motion_driver.o
    0x08005d50   0x08005d50   0x00000020   Code   RO         6221    i.dmp_set_tap_time_multi  inv_mpu_dmp_motion_driver.o
    0x08005d70   0x08005d70   0x0000000c   Code   RO         4525    i.enter_backward    fsm_motor.o
    0x08005d7c   0x08005d7c   0x0000000c   Code   RO         4526    i.enter_forward     fsm_motor.o
    0x08005d88   0x08005d88   0x0000000c   Code   RO         4527    i.enter_left        fsm_motor.o
    0x08005d94   0x08005d94   0x0000000c   Code   RO         4528    i.enter_right       fsm_motor.o
    0x08005da0   0x08005da0   0x0000000c   Code   RO         4529    i.enter_rot_l       fsm_motor.o
    0x08005dac   0x08005dac   0x0000000c   Code   RO         4530    i.enter_rot_r       fsm_motor.o
    0x08005db8   0x08005db8   0x0000000c   Code   RO         4531    i.enter_stop        fsm_motor.o
    0x08005dc4   0x08005dc4   0x0000000c   Code   RO         4331    i.event_bus_init    event_bus.o
    0x08005dd0   0x08005dd0   0x0000003c   Code   RO         4332    i.event_bus_publish  event_bus.o
    0x08005e0c   0x08005e0c   0x00000024   Code   RO         4333    i.event_bus_subscribe  event_bus.o
    0x08005e30   0x08005e30   0x0000002e   Code   RO         4367    i.find_desc         fsm_core.o
    0x08005e5e   0x08005e5e   0x00000002   PAD
    0x08005e60   0x08005e60   0x00000014   Code   RO         4995    i.fputc             bsp_debug_uart.o
    0x08005e74   0x08005e74   0x0000002a   Code   RO         4368    i.fsm_init          fsm_core.o
    0x08005e9e   0x08005e9e   0x00000050   Code   RO         4369    i.fsm_push_event    fsm_core.o
    0x08005eee   0x08005eee   0x00000002   PAD
    0x08005ef0   0x08005ef0   0x00000128   Code   RO         4370    i.fsm_run           fsm_core.o
    0x08006018   0x08006018   0x0000000a   Code   RO         4372    i.fsm_set_state_callbacks  fsm_core.o
    0x08006022   0x08006022   0x00000002   PAD
    0x08006024   0x08006024   0x00000014   Code   RO         5749    i.get_tick_count    dev_mpu6050.o
    0x08006038   0x08006038   0x00000024   Code   RO         6222    i.inv_orientation_matrix_to_scalar  inv_mpu_dmp_motion_driver.o
    0x0800605c   0x0800605c   0x00000048   Code   RO         6223    i.inv_row_2_scale   inv_mpu_dmp_motion_driver.o
    0x080060a4   0x080060a4   0x0000002c   Code   RO         4532    i.load_sequence     fsm_motor.o
    0x080060d0   0x080060d0   0x00000040   Code   RO         3127    i.main              main.o
    0x08006110   0x08006110   0x00000060   Code   RO         5878    i.mpu_configure_fifo  inv_mpu.o
    0x08006170   0x08006170   0x00000044   Code   RO         5879    i.mpu_get_accel_fsr  inv_mpu.o
    0x080061b4   0x080061b4   0x000001ac   Code   RO         5895    i.mpu_init          inv_mpu.o
    0x08006360   0x08006360   0x00000214   Code   RO         5896    i.mpu_load_firmware  inv_mpu.o
    0x08006574   0x08006574   0x000000d0   Code   RO         5897    i.mpu_lp_accel_mode  inv_mpu.o
    0x08006644   0x08006644   0x000000ac   Code   RO         5903    i.mpu_read_fifo_stream  inv_mpu.o
    0x080066f0   0x080066f0   0x00000070   Code   RO         5904    i.mpu_read_mem      inv_mpu.o
    0x08006760   0x08006760   0x0000016c   Code   RO         5907    i.mpu_reset_fifo    inv_mpu.o
    0x080068cc   0x080068cc   0x00000074   Code   RO         5911    i.mpu_set_accel_fsr  inv_mpu.o
    0x08006940   0x08006940   0x00000118   Code   RO         5912    i.mpu_set_bypass    inv_mpu.o
    0x08006a58   0x08006a58   0x0000007c   Code   RO         5914    i.mpu_set_dmp_state  inv_mpu.o
    0x08006ad4   0x08006ad4   0x00000078   Code   RO         5916    i.mpu_set_gyro_fsr  inv_mpu.o
    0x08006b4c   0x08006b4c   0x00000060   Code   RO         5917    i.mpu_set_int_latched  inv_mpu.o
    0x08006bac   0x08006bac   0x0000007c   Code   RO         5919    i.mpu_set_lpf       inv_mpu.o
    0x08006c28   0x08006c28   0x00000084   Code   RO         5920    i.mpu_set_sample_rate  inv_mpu.o
    0x08006cac   0x08006cac   0x000000b0   Code   RO         5921    i.mpu_set_sensors   inv_mpu.o
    0x08006d5c   0x08006d5c   0x00000070   Code   RO         5922    i.mpu_write_mem     inv_mpu.o
    0x08006dcc   0x08006dcc   0x00000048   Code   RO         4608    i.on_enter_active   fsm_sensor.o
    0x08006e14   0x08006e14   0x00000078   Code   RO         4444    i.on_enter_blocked  fsm_main_system.o
    0x08006e8c   0x08006e8c   0x00000016   Code   RO         4649    i.on_enter_error    fsm_network.o
    0x08006ea2   0x08006ea2   0x00000002   PAD
    0x08006ea4   0x08006ea4   0x000000b0   Code   RO         4445    i.on_enter_error_ui  fsm_main_system.o
    0x08006f54   0x08006f54   0x00000044   Code   RO         4446    i.on_enter_idle     fsm_main_system.o
    0x08006f98   0x08006f98   0x00000008   Code   RO         4447    i.on_enter_init     fsm_main_system.o
    0x08006fa0   0x08006fa0   0x0000001a   Code   RO         4650    i.on_enter_init     fsm_network.o
    0x08006fba   0x08006fba   0x00000002   PAD
    0x08006fbc   0x08006fbc   0x00000078   Code   RO         4448    i.on_enter_linking  fsm_main_system.o
    0x08007034   0x08007034   0x00000026   Code   RO         4449    i.on_enter_motor_ctrl  fsm_main_system.o
    0x0800705a   0x0800705a   0x0000001a   Code   RO         4651    i.on_enter_mqtt     fsm_network.o
    0x08007074   0x08007074   0x00000016   Code   RO         4652    i.on_enter_online   fsm_network.o
    0x0800708a   0x0800708a   0x00000002   PAD
    0x0800708c   0x0800708c   0x00000048   Code   RO         4609    i.on_enter_sleep    fsm_sensor.o
    0x080070d4   0x080070d4   0x00000060   Code   RO         4653    i.on_enter_wifi     fsm_network.o
    0x08007134   0x08007134   0x00000154   Code   RO         4610    i.on_poll_active    fsm_sensor.o
    0x08007288   0x08007288   0x00000026   Code   RO         4654    i.on_poll_error     fsm_network.o
    0x080072ae   0x080072ae   0x0000004e   Code   RO         4533    i.on_poll_gait      fsm_motor.o
    0x080072fc   0x080072fc   0x000000a8   Code   RO         4655    i.on_poll_init      fsm_network.o
    0x080073a4   0x080073a4   0x00000220   Code   RO         4656    i.on_poll_mqtt      fsm_network.o
    0x080075c4   0x080075c4   0x0000019c   Code   RO         4657    i.on_poll_online    fsm_network.o
    0x08007760   0x08007760   0x0000006c   Code   RO         4658    i.on_poll_wifi      fsm_network.o
    0x080077cc   0x080077cc   0x0000015c   Code   RO         4659    i.parse_aliyun_payload  fsm_network.o
    0x08007928   0x08007928   0x0000008c   Code   RO         3872    i.prvAddCurrentTaskToDelayedList  tasks.o
    0x080079b4   0x080079b4   0x000000a8   Code   RO         3873    i.prvAddNewTaskToReadyList  tasks.o
    0x08007a5c   0x08007a5c   0x00000050   Code   RO         4187    i.prvCheckForValidListAndQueue  timers.o
    0x08007aac   0x08007aac   0x0000003c   Code   RO         3874    i.prvCheckTasksWaitingTermination  tasks.o
    0x08007ae8   0x08007ae8   0x00000028   Code   RO         3568    i.prvCopyDataFromQueue  queue.o
    0x08007b10   0x08007b10   0x0000005c   Code   RO         3569    i.prvCopyDataToQueue  queue.o
    0x08007b6c   0x08007b6c   0x00000014   Code   RO         3875    i.prvDeleteTCB      tasks.o
    0x08007b80   0x08007b80   0x00000024   Code   RO         4188    i.prvGetNextExpireTime  timers.o
    0x08007ba4   0x08007ba4   0x00000048   Code   RO         3292    i.prvHeapInit       heap_4.o
    0x08007bec   0x08007bec   0x00000028   Code   RO         3876    i.prvIdleTask       tasks.o
    0x08007c14   0x08007c14   0x00000018   Code   RO         3570    i.prvInitialiseNewQueue  queue.o
    0x08007c2c   0x08007c2c   0x0000006e   Code   RO         3877    i.prvInitialiseNewTask  tasks.o
    0x08007c9a   0x08007c9a   0x00000038   Code   RO         4189    i.prvInitialiseNewTimer  timers.o
    0x08007cd2   0x08007cd2   0x00000002   PAD
    0x08007cd4   0x08007cd4   0x00000058   Code   RO         3878    i.prvInitialiseTaskLists  tasks.o
    0x08007d2c   0x08007d2c   0x00000054   Code   RO         3293    i.prvInsertBlockIntoFreeList  heap_4.o
    0x08007d80   0x08007d80   0x00000040   Code   RO         4190    i.prvInsertTimerInActiveList  timers.o
    0x08007dc0   0x08007dc0   0x0000001a   Code   RO         3571    i.prvIsQueueEmpty   queue.o
    0x08007dda   0x08007dda   0x0000001e   Code   RO         3572    i.prvIsQueueFull    queue.o
    0x08007df8   0x08007df8   0x00000040   Code   RO         4191    i.prvProcessExpiredTimer  timers.o
    0x08007e38   0x08007e38   0x000000d0   Code   RO         4192    i.prvProcessReceivedCommands  timers.o
    0x08007f08   0x08007f08   0x0000006c   Code   RO         4193    i.prvProcessTimerOrBlockTask  timers.o
    0x08007f74   0x08007f74   0x00000028   Code   RO         4194    i.prvReloadTimer    timers.o
    0x08007f9c   0x08007f9c   0x00000020   Code   RO         3879    i.prvResetNextTaskUnblockTime  tasks.o
    0x08007fbc   0x08007fbc   0x0000002c   Code   RO         4195    i.prvSampleTimeNow  timers.o
    0x08007fe8   0x08007fe8   0x0000002c   Code   RO         4196    i.prvSwitchTimerLists  timers.o
    0x08008014   0x08008014   0x00000010   Code   RO         3373    i.prvTaskExitError  port.o
    0x08008024   0x08008024   0x00000014   Code   RO         4197    i.prvTimerTask      timers.o
    0x08008038   0x08008038   0x0000006a   Code   RO         3573    i.prvUnlockQueue    queue.o
    0x080080a2   0x080080a2   0x00000002   PAD
    0x080080a4   0x080080a4   0x000000a0   Code   RO         3295    i.pvPortMalloc      heap_4.o
    0x08008144   0x08008144   0x00000012   Code   RO         4198    i.pvTimerGetTimerID  timers.o
    0x08008156   0x08008156   0x00000002   PAD
    0x08008158   0x08008158   0x0000001c   Code   RO         3374    i.pxPortInitialiseStack  port.o
    0x08008174   0x08008174   0x0000015c   Code   RO         5750    i.quat_to_euler     dev_mpu6050.o
    0x080082d0   0x080082d0   0x00000074   Code   RO         5923    i.set_int_enable    inv_mpu.o
    0x08008344   0x08008344   0x0000002c   Code   RO         6661    i.sqrtf             m_ws.l(sqrtf.o)
    0x08008370   0x08008370   0x000001c0   Code   RO         3128    i.start_task        main.o
    0x08008530   0x08008530   0x000000f4   Code   RO         4450    i.update_motor_display  fsm_main_system.o
    0x08008624   0x08008624   0x00000026   Code   RO         3531    i.uxListRemove      list.o
    0x0800864a   0x0800864a   0x00000002   PAD
    0x0800864c   0x0800864c   0x0000000c   Code   RO         3883    i.uxTaskGetNumberOfTasks  tasks.o
    0x08008658   0x08008658   0x00000012   Code   RO         4451    i.vIdleTimeoutCallback  fsm_main_system.o
    0x0800866a   0x0800866a   0x00000002   PAD
    0x0800866c   0x0800866c   0x00000020   Code   RO         4410    i.vKeyScanCallback  fsm_key.o
    0x0800868c   0x0800868c   0x00000016   Code   RO         3532    i.vListInitialise   list.o
    0x080086a2   0x080086a2   0x00000006   Code   RO         3533    i.vListInitialiseItem  list.o
    0x080086a8   0x080086a8   0x00000030   Code   RO         3534    i.vListInsert       list.o
    0x080086d8   0x080086d8   0x00000018   Code   RO         3535    i.vListInsertEnd    list.o
    0x080086f0   0x080086f0   0x0000001c   Code   RO         3376    i.vPortEnterCritical  port.o
    0x0800870c   0x0800870c   0x00000018   Code   RO         3377    i.vPortExitCritical  port.o
    0x08008724   0x08008724   0x00000044   Code   RO         3296    i.vPortFree         heap_4.o
    0x08008768   0x08008768   0x00000018   Code   RO         3378    i.vPortSetupTimerInterrupt  port.o
    0x08008780   0x08008780   0x0000003c   Code   RO         3577    i.vQueueAddToRegistry  queue.o
    0x080087bc   0x080087bc   0x00000046   Code   RO         3580    i.vQueueWaitForMessageRestricted  queue.o
    0x08008802   0x08008802   0x00000002   PAD
    0x08008804   0x08008804   0x00000034   Code   RO         3887    i.vTaskDelay        tasks.o
    0x08008838   0x08008838   0x000000a0   Code   RO         3888    i.vTaskDelete       tasks.o
    0x080088d8   0x080088d8   0x00000010   Code   RO         3891    i.vTaskInternalSetTimeOutState  tasks.o
    0x080088e8   0x080088e8   0x0000000c   Code   RO         3892    i.vTaskMissedYield  tasks.o
    0x080088f4   0x080088f4   0x00000020   Code   RO         3893    i.vTaskPlaceOnEventList  tasks.o
    0x08008914   0x08008914   0x00000044   Code   RO         3894    i.vTaskPlaceOnEventListRestricted  tasks.o
    0x08008958   0x08008958   0x00000058   Code   RO         3900    i.vTaskStartScheduler  tasks.o
    0x080089b0   0x080089b0   0x00000010   Code   RO         3902    i.vTaskSuspendAll   tasks.o
    0x080089c0   0x080089c0   0x00000048   Code   RO         3903    i.vTaskSwitchContext  tasks.o
    0x08008a08   0x08008a08   0x00000030   Code   RO         3379    i.xPortStartScheduler  port.o
    0x08008a38   0x08008a38   0x00000040   Code   RO         3581    i.xQueueGenericCreate  queue.o
    0x08008a78   0x08008a78   0x00000094   Code   RO         3582    i.xQueueGenericReset  queue.o
    0x08008b0c   0x08008b0c   0x000000f8   Code   RO         3583    i.xQueueGenericSend  queue.o
    0x08008c04   0x08008c04   0x00000070   Code   RO         3584    i.xQueueGenericSendFromISR  queue.o
    0x08008c74   0x08008c74   0x000000f0   Code   RO         3590    i.xQueueReceive     queue.o
    0x08008d64   0x08008d64   0x00000058   Code   RO         3905    i.xTaskCheckForTimeOut  tasks.o
    0x08008dbc   0x08008dbc   0x00000068   Code   RO         3906    i.xTaskCreate       tasks.o
    0x08008e24   0x08008e24   0x0000005c   Code   RO         3907    i.xTaskDelayUntil   tasks.o
    0x08008e80   0x08008e80   0x0000001c   Code   RO         3913    i.xTaskGetSchedulerState  tasks.o
    0x08008e9c   0x08008e9c   0x0000000c   Code   RO         3914    i.xTaskGetTickCount  tasks.o
    0x08008ea8   0x08008ea8   0x0000011c   Code   RO         3916    i.xTaskIncrementTick  tasks.o
    0x08008fc4   0x08008fc4   0x000000cc   Code   RO         3917    i.xTaskRemoveFromEventList  tasks.o
    0x08009090   0x08009090   0x00000118   Code   RO         3918    i.xTaskResumeAll    tasks.o
    0x080091a8   0x080091a8   0x00000034   Code   RO         4202    i.xTimerCreate      timers.o
    0x080091dc   0x080091dc   0x0000003c   Code   RO         4203    i.xTimerCreateTimerTask  timers.o
    0x08009218   0x08009218   0x00000054   Code   RO         4204    i.xTimerGenericCommand  timers.o
    0x0800926c   0x0800926c   0x0000002c   Code   RO         6740    locale$$code        c_w.l(lc_numeric_c.o)
    0x08009298   0x08009298   0x0000002c   Code   RO         6827    locale$$code        c_w.l(lc_ctype_c.o)
    0x080092c4   0x080092c4   0x00000062   Code   RO         6473    x$fpl$d2f           fz_ws.l(d2f.o)
    0x08009326   0x08009326   0x00000002   PAD
    0x08009328   0x08009328   0x00000150   Code   RO         6592    x$fpl$dadd          fz_ws.l(daddsub_clz.o)
    0x08009478   0x08009478   0x00000010   Code   RO         6820    x$fpl$dcheck1       fz_ws.l(dcheck1.o)
    0x08009488   0x08009488   0x000002b0   Code   RO         6476    x$fpl$ddiv          fz_ws.l(ddiv.o)
    0x08009738   0x08009738   0x00000154   Code   RO         6479    x$fpl$dmul          fz_ws.l(dmul.o)
    0x0800988c   0x0800988c   0x0000009c   Code   RO         6600    x$fpl$dnaninf       fz_ws.l(dnaninf.o)
    0x08009928   0x08009928   0x0000000c   Code   RO         6602    x$fpl$dretinf       fz_ws.l(dretinf.o)
    0x08009934   0x08009934   0x00000016   Code   RO         6593    x$fpl$drsb          fz_ws.l(daddsub_clz.o)
    0x0800994a   0x0800994a   0x00000002   PAD
    0x0800994c   0x0800994c   0x000001d4   Code   RO         6594    x$fpl$dsub          fz_ws.l(daddsub_clz.o)
    0x08009b20   0x08009b20   0x00000056   Code   RO         6483    x$fpl$f2d           fz_ws.l(f2d.o)
    0x08009b76   0x08009b76   0x00000002   PAD
    0x08009b78   0x08009b78   0x000000c4   Code   RO         6485    x$fpl$fadd          fz_ws.l(faddsub_clz.o)
    0x08009c3c   0x08009c3c   0x0000000c   Code   RO         6604    x$fpl$fcheck1       fz_ws.l(fcheck1.o)
    0x08009c48   0x08009c48   0x00000018   Code   RO         6606    x$fpl$fcmpinf       fz_ws.l(fcmpi.o)
    0x08009c60   0x08009c60   0x00000184   Code   RO         6492    x$fpl$fdiv          fz_ws.l(fdiv.o)
    0x08009de4   0x08009de4   0x0000003e   Code   RO         6499    x$fpl$ffixu         fz_ws.l(ffixu.o)
    0x08009e22   0x08009e22   0x00000002   PAD
    0x08009e24   0x08009e24   0x00000030   Code   RO         6504    x$fpl$fflt          fz_ws.l(fflt_clz.o)
    0x08009e54   0x08009e54   0x00000026   Code   RO         6503    x$fpl$ffltu         fz_ws.l(fflt_clz.o)
    0x08009e7a   0x08009e7a   0x00000002   PAD
    0x08009e7c   0x08009e7c   0x00000068   Code   RO         6509    x$fpl$fleqf         fz_ws.l(fleqf.o)
    0x08009ee4   0x08009ee4   0x00000102   Code   RO         6511    x$fpl$fmul          fz_ws.l(fmul.o)
    0x08009fe6   0x08009fe6   0x0000008c   Code   RO         6608    x$fpl$fnaninf       fz_ws.l(fnaninf.o)
    0x0800a072   0x0800a072   0x0000000a   Code   RO         6610    x$fpl$fretinf       fz_ws.l(fretinf.o)
    0x0800a07c   0x0800a07c   0x00000062   Code   RO         6513    x$fpl$frleqf        fz_ws.l(frleqf.o)
    0x0800a0de   0x0800a0de   0x00000014   Code   RO         6486    x$fpl$frsb          fz_ws.l(faddsub_clz.o)
    0x0800a0f2   0x0800a0f2   0x00000002   PAD
    0x0800a0f4   0x0800a0f4   0x00000110   Code   RO         6744    x$fpl$fsqrt         fz_ws.l(fsqrt.o)
    0x0800a204   0x0800a204   0x000000ea   Code   RO         6487    x$fpl$fsub          fz_ws.l(faddsub_clz.o)
    0x0800a2ee   0x0800a2ee   0x00000004   Code   RO         6515    x$fpl$printf1       fz_ws.l(printf1.o)
    0x0800a2f2   0x0800a2f2   0x00000004   Code   RO         6612    x$fpl$printf2       fz_ws.l(printf2.o)
    0x0800a2f6   0x0800a2f6   0x00000064   Code   RO         6748    x$fpl$retnan        fz_ws.l(retnan.o)
    0x0800a35a   0x0800a35a   0x0000005c   Code   RO         6750    x$fpl$scalbn        fz_ws.l(scalbn.o)
    0x0800a3b6   0x0800a3b6   0x0000004c   Code   RO         6517    x$fpl$scalbnf       fz_ws.l(scalbnf.o)
    0x0800a402   0x0800a402   0x00000030   Code   RO         6822    x$fpl$trapveneer    fz_ws.l(trapv.o)
    0x0800a432   0x0800a432   0x00000000   Code   RO         6618    x$fpl$usenofp       fz_ws.l(usenofp.o)
    0x0800a432   0x0800a432   0x00000002   PAD
    0x0800a434   0x0800a434   0x00000240   Data   RO         4453    .constdata          fsm_main_system.o
    0x0800a674   0x0800a674   0x00000040   Data   RO         4535    .constdata          fsm_motor.o
    0x0800a6b4   0x0800a6b4   0x00000040   Data   RO         4536    .constdata          fsm_motor.o
    0x0800a6f4   0x0800a6f4   0x00000040   Data   RO         4537    .constdata          fsm_motor.o
    0x0800a734   0x0800a734   0x00000040   Data   RO         4538    .constdata          fsm_motor.o
    0x0800a774   0x0800a774   0x00000040   Data   RO         4539    .constdata          fsm_motor.o
    0x0800a7b4   0x0800a7b4   0x00000040   Data   RO         4540    .constdata          fsm_motor.o
    0x0800a7f4   0x0800a7f4   0x00000008   Data   RO         4541    .constdata          fsm_motor.o
    0x0800a7fc   0x0800a7fc   0x000003b8   Data   RO         4542    .constdata          fsm_motor.o
    0x0800abb4   0x0800abb4   0x00000050   Data   RO         4612    .constdata          fsm_sensor.o
    0x0800ac04   0x0800ac04   0x000000e0   Data   RO         4661    .constdata          fsm_network.o
    0x0800ace4   0x0800ace4   0x000005f0   Data   RO         5680    .constdata          dev_ssd1306.o
    0x0800b2d4   0x0800b2d4   0x0000001e   Data   RO         5924    .constdata          inv_mpu.o
    0x0800b2f2   0x0800b2f2   0x0000000c   Data   RO         5925    .constdata          inv_mpu.o
    0x0800b2fe   0x0800b2fe   0x00000002   PAD
    0x0800b300   0x0800b300   0x00000028   Data   RO         5926    .constdata          inv_mpu.o
    0x0800b328   0x0800b328   0x00000bf6   Data   RO         6225    .constdata          inv_mpu_dmp_motion_driver.o
    0x0800bf1e   0x0800bf1e   0x00000028   Data   RO         6430    .constdata          c_w.l(_printf_hex_int_ll_ptr.o)
    0x0800bf46   0x0800bf46   0x00000011   Data   RO         6450    .constdata          c_w.l(__printf_flags_ss_wp.o)
    0x0800bf57   0x0800bf57   0x00000001   PAD
    0x0800bf58   0x0800bf58   0x00000008   Data   RO         6561    .constdata          c_w.l(_printf_wctomb.o)
    0x0800bf60   0x0800bf60   0x00000098   Data   RO         6621    .constdata          m_ws.l(atan.o)
    0x0800bff8   0x0800bff8   0x00000008   Data   RO         6659    .constdata          m_ws.l(qnan.o)
    0x0800c000   0x0800c000   0x00000026   Data   RO         6700    .constdata          c_w.l(_printf_fp_hex.o)
    0x0800c026   0x0800c026   0x00000002   PAD
    0x0800c028   0x0800c028   0x00000094   Data   RO         6709    .constdata          c_w.l(bigflt0.o)
    0x0800c0bc   0x0800c0bc   0x00000032   Data   RO         4454    .conststring        fsm_main_system.o
    0x0800c0ee   0x0800c0ee   0x00000002   PAD
    0x0800c0f0   0x0800c0f0   0x00000045   Data   RO         4613    .conststring        fsm_sensor.o
    0x0800c135   0x0800c135   0x00000003   PAD
    0x0800c138   0x0800c138   0x000001a7   Data   RO         4662    .conststring        fsm_network.o
    0x0800c2df   0x0800c2df   0x00000001   PAD
    0x0800c2e0   0x0800c2e0   0x0000004d   Data   RO         5927    .conststring        inv_mpu.o
    0x0800c32d   0x0800c32d   0x00000003   PAD
    0x0800c330   0x0800c330   0x00000020   Data   RO         6906    Region$$Table       anon$$obj.o
    0x0800c350   0x0800c350   0x0000001c   Data   RO         6739    locale$$data        c_w.l(lc_numeric_c.o)
    0x0800c36c   0x0800c36c   0x00000110   Data   RO         6826    locale$$data        c_w.l(lc_ctype_c.o)


    Execution Region ER_RW (Exec base: 0x20000000, Load base: 0x0800c47c, Size: 0x00000184, Max: 0xffffffff, ABSOLUTE, COMPRESSED[0x00000068])

    Exec Addr    Load Addr    Size         Type   Attr      Idx    E Section Name        Object

    0x20000000   COMPRESSED   0x00000014   Data   RW           28    .data               system_stm32f10x.o
    0x20000014   COMPRESSED   0x00000014   Data   RW         1757    .data               stm32f10x_rcc.o
    0x20000028   COMPRESSED   0x00000018   Data   RW         3129    .data               main.o
    0x20000040   COMPRESSED   0x0000001c   Data   RW         3302    .data               heap_4.o
    0x2000005c   COMPRESSED   0x00000004   Data   RW         3380    .data               port.o
    0x20000060   COMPRESSED   0x00000040   Data   RW         3921    .data               tasks.o
    0x200000a0   COMPRESSED   0x00000014   Data   RW         4211    .data               timers.o
    0x200000b4   COMPRESSED   0x00000001   Data   RW         4335    .data               event_bus.o
    0x200000b5   COMPRESSED   0x00000003   PAD
    0x200000b8   COMPRESSED   0x0000001c   Data   RW         4411    .data               fsm_key.o
    0x200000d4   COMPRESSED   0x00000002   Data   RW         4614    .data               fsm_sensor.o
    0x200000d6   COMPRESSED   0x00000002   PAD
    0x200000d8   COMPRESSED   0x00000008   Data   RW         4663    .data               fsm_network.o
    0x200000e0   COMPRESSED   0x0000000c   Data   RW         4750    .data               bsp_led.o
    0x200000ec   COMPRESSED   0x00000010   Data   RW         4808    .data               bsp_oled.o
    0x200000fc   COMPRESSED   0x0000000c   Data   RW         4997    .data               bsp_debug_uart.o
    0x20000108   COMPRESSED   0x00000004   Data   RW         4998    .data               bsp_debug_uart.o
    0x2000010c   COMPRESSED   0x00000002   Data   RW         5063    .data               bsp_mpu6050.o
    0x2000010e   COMPRESSED   0x00000002   PAD
    0x20000110   COMPRESSED   0x0000000c   Data   RW         5160    .data               bsp_esp8266.o
    0x2000011c   COMPRESSED   0x00000010   Data   RW         5201    .data               bsp_sensor.o
    0x2000012c   COMPRESSED   0x00000008   Data   RW         5403    .data               hal_delay.o
    0x20000134   COMPRESSED   0x00000004   Data   RW         5531    .data               hal_exti.o
    0x20000138   COMPRESSED   0x00000010   Data   RW         5590    .data               hal_tim_ic.o
    0x20000148   COMPRESSED   0x0000000d   Data   RW         5751    .data               dev_mpu6050.o
    0x20000155   COMPRESSED   0x00000003   PAD
    0x20000158   COMPRESSED   0x0000002c   Data   RW         5928    .data               inv_mpu.o


    Execution Region ER_ZI (Exec base: 0x20000184, Load base: 0x0800c4e4, Size: 0x0000388c, Max: 0xffffffff, ABSOLUTE)

    Exec Addr    Load Addr    Size         Type   Attr      Idx    E Section Name        Object

    0x20000184        -       0x00002800   Zero   RW         3301    .bss                heap_4.o
    0x20002984        -       0x00000050   Zero   RW         3593    .bss                queue.o
    0x200029d4        -       0x000002e4   Zero   RW         3920    .bss                tasks.o
    0x20002cb8        -       0x00000028   Zero   RW         4210    .bss                timers.o
    0x20002ce0        -       0x000000f0   Zero   RW         4334    .bss                event_bus.o
    0x20002dd0        -       0x000000b8   Zero   RW         4452    .bss                fsm_main_system.o
    0x20002e88        -       0x000000d0   Zero   RW         4534    .bss                fsm_motor.o
    0x20002f58        -       0x00000080   Zero   RW         4611    .bss                fsm_sensor.o
    0x20002fd8        -       0x0000008c   Zero   RW         4660    .bss                fsm_network.o
    0x20003064        -       0x00000010   Zero   RW         4807    .bss                bsp_oled.o
    0x20003074        -       0x00000060   Zero   RW         4901    .bss                bsp_servo.o
    0x200030d4        -       0x00000080   Zero   RW         4996    .bss                bsp_debug_uart.o
    0x20003154        -       0x00000024   Zero   RW         5062    .bss                bsp_mpu6050.o
    0x20003178        -       0x00000200   Zero   RW         5159    .bss                bsp_esp8266.o
    0x20003378        -       0x00000024   Zero   RW         5200    .bss                bsp_sensor.o
    0x2000339c        -       0x00000010   Zero   RW         6224    .bss                inv_mpu_dmp_motion_driver.o
    0x200033ac        -       0x00000060   Zero   RW         6757    .bss                c_w.l(libspace.o)
    0x2000340c   0x0800c4e4   0x00000004   PAD
    0x20003410        -       0x00000200   Zero   RW            2    HEAP                startup_stm32f10x_md.o
    0x20003610        -       0x00000400   Zero   RW            1    STACK               startup_stm32f10x_md.o


==============================================================================

Image component sizes


      Code (inc. data)   RO Data    RW Data    ZI Data      Debug   Object Name

       278         36          0         16        128       4783   bsp_debug_uart.o
       316         56          0         12        512       2639   bsp_esp8266.o
        96         24          0         12          0       3306   bsp_led.o
       456        170          0          2         36       8634   bsp_mpu6050.o
       184         46          0         16         16       4455   bsp_oled.o
       652        216          0         16         36       9080   bsp_sensor.o
       444        120          0          0         96       8937   bsp_servo.o
         0          0          0          0          0       4508   core_cm3.o
       286          0          0          0          0       2330   dev_dht11.o
        68          8          0          0          0       1995   dev_hcsr04.o
        50          0          0          0          0       1893   dev_led.o
       792         68          0         13          0       6413   dev_mpu6050.o
        48         10          0          0          0       1764   dev_mq2.o
       100         16          0          0          0       1902   dev_servo.o
       394          6       1520          0          0       4615   dev_ssd1306.o
       108         20          0          1        240       3223   event_bus.o
         0          0          0          0          0      12004   event_groups.o
       474         34          0          0          0       3972   fsm_core.o
       252         34          0         28          0       3123   fsm_key.o
      1358        470        626          0        184       9615   fsm_main_system.o
       490         62       1344          0        208       8416   fsm_motor.o
      2152        770        647          8        140      10486   fsm_network.o
       612        226        149          2        128       3510   fsm_sensor.o
       292         14          0          0          0       1679   hal_adc_dma.o
       238         24          0          8          0       5353   hal_delay.o
       156         14          0          4          0       2157   hal_exti.o
       144         18          0          0          0       3223   hal_gpio.o
       722         38          0          0          0       4819   hal_hard_i2c.o
       292          8          0          0          0       2637   hal_pwm.o
       220          0          0          0          0       3269   hal_soft_iic.o
       304         26          0         16          0       2493   hal_tim_ic.o
       240         24          0          0          0       3591   hal_uart.o
       132         12          0          0          0       1143   hal_uart_dma.o
       384         26          0         28      10240       7023   heap_4.o
      3376        394        159         44          0      19997   inv_mpu.o
      2290        104       3062          0         16      19780   inv_mpu_dmp_motion_driver.o
       138          0          0          0          0       3030   list.o
       512        256          0         24          0      21548   main.o
       120         14          0          0          0     215911   misc.o
       362         46          0          4          0       8808   port.o
      1260         20          0          0         80      15074   queue.o
        64         26        236          0       1536        808   startup_stm32f10x_md.o
       308         10          0          0          0       7265   stm32f10x_adc.o
       342         10          0          0          0       4532   stm32f10x_dma.o
       160         16          0          0          0       2072   stm32f10x_exti.o
       320         12          0          0          0       4908   stm32f10x_gpio.o
       446         14          0          0          0       8037   stm32f10x_i2c.o
        12          0          0          0          0       2393   stm32f10x_it.o
       284         42          0         20          0       5503   stm32f10x_rcc.o
      1570        196          0          0          0      18484   stm32f10x_tim.o
       308          6          0          0          0       5344   stm32f10x_usart.o
       384         44          0         20          0      63745   system_stm32f10x.o
      2278        200          0         64        740      32647   tasks.o
       978         90          0         20         40      13494   timers.o

    ----------------------------------------------------------------------
     28304       4096       7786        388      14376     632370   Object Totals
         0          0         32          0          0          0   (incl. Generated)
        58          0         11         10          0          0   (incl. Padding)

    ----------------------------------------------------------------------

      Code (inc. data)   RO Data    RW Data    ZI Data      Debug   Library Member Name

        24          4          0          0          0         84   __2printf.o
        56          6          0          0          0         88   __2snprintf.o
        90          0          0          0          0          0   __dczerorl2.o
         8          0          0          0          0         68   __main.o
       392          4         17          0          0         92   __printf_flags_ss_wp.o
        14          0          0          0          0         68   __printf_wp.o
         0          0          0          0          0          0   __rtentry.o
        12          0          0          0          0          0   __rtentry2.o
         6          0          0          0          0          0   __rtentry4.o
        52          8          0          0          0          0   __scatter.o
        28          0          0          0          0          0   __scatter_zi.o
         6          0          0          0          0          0   _printf_a.o
         6          0          0          0          0          0   _printf_c.o
        44          0          0          0          0        108   _printf_char.o
        48          6          0          0          0         96   _printf_char_common.o
        36          4          0          0          0         80   _printf_char_file.o
        40          0          0          0          0         68   _printf_charcount.o
         6          0          0          0          0          0   _printf_d.o
       120         16          0          0          0         92   _printf_dec.o
         6          0          0          0          0          0   _printf_e.o
         6          0          0          0          0          0   _printf_f.o
      1054          0          0          0          0        216   _printf_fp_dec.o
       764          8         38          0          0        100   _printf_fp_hex.o
       128         16          0          0          0         84   _printf_fp_infnan.o
         6          0          0          0          0          0   _printf_g.o
       148          4         40          0          0        160   _printf_hex_int_ll_ptr.o
         6          0          0          0          0          0   _printf_i.o
       178          0          0          0          0         88   _printf_intcommon.o
        10          0          0          0          0          0   _printf_l.o
         6          0          0          0          0          0   _printf_lc.o
        10          0          0          0          0          0   _printf_ll.o
         6          0          0          0          0          0   _printf_lld.o
         6          0          0          0          0          0   _printf_lli.o
         6          0          0          0          0          0   _printf_llo.o
         6          0          0          0          0          0   _printf_llu.o
         6          0          0          0          0          0   _printf_llx.o
       124         16          0          0          0         92   _printf_longlong_dec.o
         6          0          0          0          0          0   _printf_ls.o
         6          0          0          0          0          0   _printf_n.o
         6          0          0          0          0          0   _printf_o.o
       112         10          0          0          0        124   _printf_oct_int_ll.o
         6          0          0          0          0          0   _printf_p.o
        78          0          0          0          0        108   _printf_pad.o
         0          0          0          0          0          0   _printf_percent.o
         4          0          0          0          0          0   _printf_percent_end.o
         6          0          0          0          0          0   _printf_s.o
        82          0          0          0          0         80   _printf_str.o
        36          0          0          0          0         84   _printf_truncate.o
         6          0          0          0          0          0   _printf_u.o
        44          0          0          0          0        108   _printf_wchar.o
       188          6          8          0          0         92   _printf_wctomb.o
         6          0          0          0          0          0   _printf_x.o
        22          0          0          0          0        100   _rserrno.o
        16          0          0          0          0         68   _snputc.o
        10          0          0          0          0         68   _sputc.o
        64          0          0          0          0         92   _wcrtomb.o
        16          0          0          0          0         68   aeabi_memset.o
       228          4        148          0          0         96   bigflt0.o
      1936        128          0          0          0        672   btod.o
        18          0          0          0          0         80   exit.o
         8          0          0          0          0         68   ferror.o
         6          0          0          0          0        152   heapauxi.o
        44         10        272          0          0         76   lc_ctype_c.o
        44         10         28          0          0         76   lc_numeric_c.o
         2          0          0          0          0          0   libinit.o
        30          0          0          0          0          0   libinit2.o
         2          0          0          0          0          0   libshutdown.o
         2          0          0          0          0          0   libshutdown2.o
         8          4          0          0         96         68   libspace.o
       138          0          0          0          0         80   lludiv10.o
        88          0          0          0          0         76   memcmp.o
        16          4          0          0          0         76   rt_ctype_table.o
         8          4          0          0          0         68   rt_errno_addr_intlibspace.o
         8          4          0          0          0         68   rt_locale_intlibspace.o
        68          0          0          0          0         68   rt_memclr.o
        78          0          0          0          0         80   rt_memclr_w.o
       138          0          0          0          0         68   rt_memcpy_v6.o
       100          0          0          0          0         80   rt_memcpy_w.o
         2          0          0          0          0          0   rtexit.o
        10          0          0          0          0          0   rtexit2.o
       128          0          0          0          0         68   strcmpv7m.o
        36          0          0          0          0         80   strstr.o
        74          0          0          0          0         80   sys_stackheap_outer.o
         2          0          0          0          0         68   use_no_semi.o
         2          0          0          0          0         68   use_no_semi_2.o
        52          4          0          0          0         80   vsnprintf.o
        98          4          0          0          0         92   d2f.o
       826         16          0          0          0        348   daddsub_clz.o
        16          4          0          0          0         68   dcheck1.o
       688        140          0          0          0        208   ddiv.o
       340         12          0          0          0        104   dmul.o
       156          4          0          0          0         92   dnaninf.o
        12          0          0          0          0         68   dretinf.o
        86          4          0          0          0         84   f2d.o
       450          8          0          0          0        236   faddsub_clz.o
        12          4          0          0          0         68   fcheck1.o
        24          0          0          0          0         68   fcmpi.o
       388         76          0          0          0         96   fdiv.o
        62          4          0          0          0         84   ffixu.o
        86          0          0          0          0        136   fflt_clz.o
       104          4          0          0          0         84   fleqf.o
       258          4          0          0          0         84   fmul.o
       140          4          0          0          0         84   fnaninf.o
        10          0          0          0          0         68   fretinf.o
        98          0          0          0          0         68   frleqf.o
       272        100          0          0          0         88   fsqrt.o
         4          0          0          0          0         68   printf1.o
         4          0          0          0          0         68   printf2.o
       100          0          0          0          0         68   retnan.o
        92          0          0          0          0         68   scalbn.o
        76          0          0          0          0         68   scalbnf.o
        48          0          0          0          0         68   trapv.o
         0          0          0          0          0          0   usenofp.o
       292         38          0          0          0        120   asinf.o
       544         70        152          0          0        124   atan.o
       384         38          0          0          0        144   atan2.o
        26          6          0          0          0        204   dunder.o
        40          0          0          0          0         68   fpclassify.o
        38          0          0          0          0         68   fpclassifyf.o
        24          0          0          0          0        204   funder.o
       170          0          0          0          0         96   poly.o
         0          0          8          0          0          0   qnan.o
        44          0          0          0          0         80   sqrtf.o

    ----------------------------------------------------------------------
     13496        820        714          0        100       8716   Library Totals
        30          0          3          0          4          0   (incl. Padding)

    ----------------------------------------------------------------------

      Code (inc. data)   RO Data    RW Data    ZI Data      Debug   Library Name

      7454        280        551          0         96       4972   c_w.l
      4450        388          0          0          0       2636   fz_ws.l
      1562        152        160          0          0       1108   m_ws.l

    ----------------------------------------------------------------------
     13496        820        714          0        100       8716   Library Totals

    ----------------------------------------------------------------------

==============================================================================


      Code (inc. data)   RO Data    RW Data    ZI Data      Debug   

     41800       4916       8500        388      14476     617162   Grand Totals
     41800       4916       8500        104      14476     617162   ELF Image Totals (compressed)
     41800       4916       8500        104          0          0   ROM Totals

==============================================================================

    Total RO  Size (Code + RO Data)                50300 (  49.12kB)
    Total RW  Size (RW Data + ZI Data)             14864 (  14.52kB)
    Total ROM Size (Code + RO Data + RW Data)      50404 (  49.22kB)

==============================================================================

