Component: ARM Compiler 5.06 update 6 (build 750) Tool: armlink [4d35ed]

==============================================================================

Section Cross References

    startup_stm32f10x_md.o(STACK) refers (Special) to heapauxi.o(.text) for __use_two_region_memory
    startup_stm32f10x_md.o(HEAP) refers (Special) to heapauxi.o(.text) for __use_two_region_memory
    startup_stm32f10x_md.o(RESET) refers (Special) to heapauxi.o(.text) for __use_two_region_memory
    startup_stm32f10x_md.o(RESET) refers to startup_stm32f10x_md.o(STACK) for __initial_sp
    startup_stm32f10x_md.o(RESET) refers to startup_stm32f10x_md.o(.text) for Reset_Handler
    startup_stm32f10x_md.o(RESET) refers to stm32f10x_it.o(i.NMI_Handler) for NMI_Handler
    startup_stm32f10x_md.o(RESET) refers to stm32f10x_it.o(i.HardFault_Handler) for HardFault_Handler
    startup_stm32f10x_md.o(RESET) refers to stm32f10x_it.o(i.MemManage_Handler) for MemManage_Handler
    startup_stm32f10x_md.o(RESET) refers to stm32f10x_it.o(i.BusFault_Handler) for BusFault_Handler
    startup_stm32f10x_md.o(RESET) refers to stm32f10x_it.o(i.UsageFault_Handler) for UsageFault_Handler
    startup_stm32f10x_md.o(RESET) refers to port.o(.emb_text) for SVC_Handler
    startup_stm32f10x_md.o(RESET) refers to stm32f10x_it.o(i.DebugMon_Handler) for DebugMon_Handler
    startup_stm32f10x_md.o(RESET) refers to port.o(i.SysTick_Handler) for SysTick_Handler
    startup_stm32f10x_md.o(RESET) refers to hal_tim_ic.o(i.TIM1_CC_IRQHandler) for TIM1_CC_IRQHandler
    startup_stm32f10x_md.o(RESET) refers to bsp_esp8266.o(i.USART1_IRQHandler) for USART1_IRQHandler
    startup_stm32f10x_md.o(RESET) refers to bsp_debug_uart.o(i.USART2_IRQHandler) for USART2_IRQHandler
    startup_stm32f10x_md.o(RESET) refers to hal_exti.o(i.EXTI15_10_IRQHandler) for EXTI15_10_IRQHandler
    startup_stm32f10x_md.o(.text) refers (Special) to heapauxi.o(.text) for __use_two_region_memory
    startup_stm32f10x_md.o(.text) refers to system_stm32f10x.o(i.SystemInit) for SystemInit
    startup_stm32f10x_md.o(.text) refers to __main.o(!!!main) for __main
    startup_stm32f10x_md.o(.text) refers to startup_stm32f10x_md.o(HEAP) for Heap_Mem
    startup_stm32f10x_md.o(.text) refers to startup_stm32f10x_md.o(STACK) for Stack_Mem
    system_stm32f10x.o(i.SetSysClock) refers to system_stm32f10x.o(i.SetSysClockTo72) for SetSysClockTo72
    system_stm32f10x.o(i.SystemCoreClockUpdate) refers to system_stm32f10x.o(.data) for .data
    system_stm32f10x.o(i.SystemInit) refers to system_stm32f10x.o(i.SetSysClock) for SetSysClock
    stm32f10x_adc.o(i.ADC_DeInit) refers to stm32f10x_rcc.o(i.RCC_APB2PeriphResetCmd) for RCC_APB2PeriphResetCmd
    stm32f10x_bkp.o(i.BKP_DeInit) refers to stm32f10x_rcc.o(i.RCC_BackupResetCmd) for RCC_BackupResetCmd
    stm32f10x_can.o(i.CAN_DeInit) refers to stm32f10x_rcc.o(i.RCC_APB1PeriphResetCmd) for RCC_APB1PeriphResetCmd
    stm32f10x_can.o(i.CAN_GetITStatus) refers to stm32f10x_can.o(i.CheckITStatus) for CheckITStatus
    stm32f10x_cec.o(i.CEC_DeInit) refers to stm32f10x_rcc.o(i.RCC_APB1PeriphResetCmd) for RCC_APB1PeriphResetCmd
    stm32f10x_dac.o(i.DAC_DeInit) refers to stm32f10x_rcc.o(i.RCC_APB1PeriphResetCmd) for RCC_APB1PeriphResetCmd
    stm32f10x_flash.o(i.FLASH_EnableWriteProtection) refers to stm32f10x_flash.o(i.FLASH_WaitForLastOperation) for FLASH_WaitForLastOperation
    stm32f10x_flash.o(i.FLASH_EraseAllBank1Pages) refers to stm32f10x_flash.o(i.FLASH_WaitForLastBank1Operation) for FLASH_WaitForLastBank1Operation
    stm32f10x_flash.o(i.FLASH_EraseAllPages) refers to stm32f10x_flash.o(i.FLASH_WaitForLastOperation) for FLASH_WaitForLastOperation
    stm32f10x_flash.o(i.FLASH_EraseOptionBytes) refers to stm32f10x_flash.o(i.FLASH_GetReadOutProtectionStatus) for FLASH_GetReadOutProtectionStatus
    stm32f10x_flash.o(i.FLASH_EraseOptionBytes) refers to stm32f10x_flash.o(i.FLASH_WaitForLastOperation) for FLASH_WaitForLastOperation
    stm32f10x_flash.o(i.FLASH_ErasePage) refers to stm32f10x_flash.o(i.FLASH_WaitForLastOperation) for FLASH_WaitForLastOperation
    stm32f10x_flash.o(i.FLASH_ProgramHalfWord) refers to stm32f10x_flash.o(i.FLASH_WaitForLastOperation) for FLASH_WaitForLastOperation
    stm32f10x_flash.o(i.FLASH_ProgramOptionByteData) refers to stm32f10x_flash.o(i.FLASH_WaitForLastOperation) for FLASH_WaitForLastOperation
    stm32f10x_flash.o(i.FLASH_ProgramWord) refers to stm32f10x_flash.o(i.FLASH_WaitForLastOperation) for FLASH_WaitForLastOperation
    stm32f10x_flash.o(i.FLASH_ReadOutProtection) refers to stm32f10x_flash.o(i.FLASH_WaitForLastOperation) for FLASH_WaitForLastOperation
    stm32f10x_flash.o(i.FLASH_UserOptionByteConfig) refers to stm32f10x_flash.o(i.FLASH_WaitForLastOperation) for FLASH_WaitForLastOperation
    stm32f10x_flash.o(i.FLASH_WaitForLastBank1Operation) refers to stm32f10x_flash.o(i.FLASH_GetBank1Status) for FLASH_GetBank1Status
[...]
    _get_lc_numeric                          0x08009085   Thumb Code    44  lc_numeric_c.o(locale$$code)
    _get_lc_ctype                            0x080090b1   Thumb Code    44  lc_ctype_c.o(locale$$code)
    __aeabi_d2f                              0x080090dd   Thumb Code     0  d2f.o(x$fpl$d2f)
    _d2f                                     0x080090dd   Thumb Code    98  d2f.o(x$fpl$d2f)
    __aeabi_dadd                             0x08009141   Thumb Code     0  daddsub_clz.o(x$fpl$dadd)
    _dadd                                    0x08009141   Thumb Code   332  daddsub_clz.o(x$fpl$dadd)
    __fpl_dcheck_NaN1                        0x08009291   Thumb Code    10  dcheck1.o(x$fpl$dcheck1)
    __aeabi_ddiv                             0x080092a1   Thumb Code     0  ddiv.o(x$fpl$ddiv)
    _ddiv                                    0x080092a1   Thumb Code   552  ddiv.o(x$fpl$ddiv)
    __aeabi_dmul                             0x08009551   Thumb Code     0  dmul.o(x$fpl$dmul)
    _dmul                                    0x08009551   Thumb Code   332  dmul.o(x$fpl$dmul)
    __fpl_dnaninf                            0x080096a5   Thumb Code   156  dnaninf.o(x$fpl$dnaninf)
    __fpl_dretinf                            0x08009741   Thumb Code    12  dretinf.o(x$fpl$dretinf)
    __aeabi_drsub                            0x0800974d   Thumb Code     0  daddsub_clz.o(x$fpl$drsb)
    _drsb                                    0x0800974d   Thumb Code    22  daddsub_clz.o(x$fpl$drsb)
    __aeabi_dsub                             0x08009765   Thumb Code     0  daddsub_clz.o(x$fpl$dsub)
    _dsub                                    0x08009765   Thumb Code   464  daddsub_clz.o(x$fpl$dsub)
    __aeabi_f2d                              0x08009939   Thumb Code     0  f2d.o(x$fpl$f2d)
    _f2d                                     0x08009939   Thumb Code    86  f2d.o(x$fpl$f2d)
    __aeabi_fadd                             0x08009991   Thumb Code     0  faddsub_clz.o(x$fpl$fadd)
    _fadd                                    0x08009991   Thumb Code   196  faddsub_clz.o(x$fpl$fadd)
    __fpl_fcheck_NaN1                        0x08009a55   Thumb Code     6  fcheck1.o(x$fpl$fcheck1)
    __fpl_fcmp_Inf                           0x08009a61   Thumb Code    24  fcmpi.o(x$fpl$fcmpinf)
    __aeabi_fdiv                             0x08009a79   Thumb Code     0  fdiv.o(x$fpl$fdiv)
    _fdiv                                    0x08009a79   Thumb Code   384  fdiv.o(x$fpl$fdiv)
    __aeabi_f2uiz                            0x08009bfd   Thumb Code     0  ffixu.o(x$fpl$ffixu)
    _ffixu                                   0x08009bfd   Thumb Code    62  ffixu.o(x$fpl$ffixu)
    __aeabi_i2f                              0x08009c3d   Thumb Code     0  fflt_clz.o(x$fpl$fflt)
    _fflt                                    0x08009c3d   Thumb Code    48  fflt_clz.o(x$fpl$fflt)
    __aeabi_ui2f                             0x08009c6d   Thumb Code     0  fflt_clz.o(x$fpl$ffltu)
    _ffltu                                   0x08009c6d   Thumb Code    38  fflt_clz.o(x$fpl$ffltu)
    __aeabi_cfcmple                          0x08009c95   Thumb Code     0  fleqf.o(x$fpl$fleqf)
    _fcmple                                  0x08009c95   Thumb Code   104  fleqf.o(x$fpl$fleqf)
    __fpl_fcmple_InfNaN                      0x08009ce7   Thumb Code     0  fleqf.o(x$fpl$fleqf)
    __aeabi_fmul                             0x08009cfd   Thumb Code     0  fmul.o(x$fpl$fmul)
    _fmul                                    0x08009cfd   Thumb Code   258  fmul.o(x$fpl$fmul)
    __fpl_fnaninf                            0x08009dff   Thumb Code   140  fnaninf.o(x$fpl$fnaninf)
    __fpl_fretinf                            0x08009e8b   Thumb Code    10  fretinf.o(x$fpl$fretinf)
    __aeabi_cfrcmple                         0x08009e95   Thumb Code     0  frleqf.o(x$fpl$frleqf)
    _frcmple                                 0x08009e95   Thumb Code    98  frleqf.o(x$fpl$frleqf)
    __aeabi_frsub                            0x08009ef7   Thumb Code     0  faddsub_clz.o(x$fpl$frsb)
    _frsb                                    0x08009ef7   Thumb Code    20  faddsub_clz.o(x$fpl$frsb)
    _fsqrt                                   0x08009f0d   Thumb Code   272  fsqrt.o(x$fpl$fsqrt)
    __aeabi_fsub                             0x0800a01d   Thumb Code     0  faddsub_clz.o(x$fpl$fsub)
    _fsub                                    0x0800a01d   Thumb Code   234  faddsub_clz.o(x$fpl$fsub)
    _printf_fp_dec                           0x0800a107   Thumb Code     4  printf1.o(x$fpl$printf1)
    _printf_fp_hex                           0x0800a10b   Thumb Code     4  printf2.o(x$fpl$printf2)
    __fpl_return_NaN                         0x0800a10f   Thumb Code   100  retnan.o(x$fpl$retnan)
    __ARM_scalbn                             0x0800a173   Thumb Code    92  scalbn.o(x$fpl$scalbn)
    __ARM_scalbnf                            0x0800a1cf   Thumb Code    76  scalbnf.o(x$fpl$scalbnf)
    __fpl_cmpreturn                          0x0800a21b   Thumb Code    48  trapv.o(x$fpl$trapveneer)
    __I$use$fp                               0x0800a24a   Number         0  usenofp.o(x$fpl$usenofp)
    SSD1306_F8x16                            0x0800aabc   Data        1520  dev_ssd1306.o(.constdata)
    reg                                      0x0800b0ac   Data          30  inv_mpu.o(.constdata)
    hw                                       0x0800b0ca   Data          12  inv_mpu.o(.constdata)
    test                                     0x0800b0d8   Data          40  inv_mpu.o(.constdata)
    __mathlib_zero                           0x0800bdd0   Data           8  qnan.o(.constdata)
    Region$$Table$$Base                      0x0800c108   Number         0  anon$$obj.o(Region$$Table)
    Region$$Table$$Limit                     0x0800c128   Number         0  anon$$obj.o(Region$$Table)
    __ctype                                  0x0800c151   Data           0  lc_ctype_c.o(locale$$data)
    SystemCoreClock                          0x20000000   Data           4  system_stm32f10x.o(.data)
    AHBPrescTable                            0x20000004   Data          16  system_stm32f10x.o(.data)
    StartTask_Handler                        0x20000028   Data           4  main.o(.data)
    MotorTask_Handler                        0x2000002c   Data           4  main.o(.data)
    MainSysTask_Handler                      0x20000030   Data           4  main.o(.data)
    NetworkTask_Handler                      0x20000034   Data           4  main.o(.data)
    SensorTask_Handler                       0x20000038   Data           4  main.o(.data)
    xKeyLogicQueue                           0x2000003c   Data           4  main.o(.data)
    pxCurrentTCB                             0x20000060   Data           4  tasks.o(.data)
    uxTopUsedPriority                        0x20000090   Data           4  tasks.o(.data)
    xDebugRxQueue                            0x200000fc   Data           4  bsp_debug_uart.o(.data)
    hDebugUart                               0x20000100   Data           8  bsp_debug_uart.o(.data)
    __stdout                                 0x20000108   Data           4  bsp_debug_uart.o(.data)
    xNetRxQueue                              0x20000110   Data           4  bsp_esp8266.o(.data)
    xQueueRegistry                           0x20003d84   Data          80  queue.o(.bss)
    g_imu_data                               0x20004344   Data          24  fsm_motor.o(.bss)
    g_sensor_data                            0x200043e8   Data          20  fsm_sensor.o(.bss)
    g_debug_rx_buf                           0x20004564   Data         128  bsp_debug_uart.o(.bss)
    g_esp8266_rx_buf                         0x20004608   Data         512  bsp_esp8266.o(.bss)
    __libspace_start                         0x2000483c   Data          96  libspace.o(.bss)
    __temporary_stack_top$libspace           0x2000489c   Data           0  libspace.o(.bss)



==============================================================================

Memory Map of the image

  Image Entry point : 0x0800030d

  Load Region LR_1 (Base: 0x08000000, Size: 0x0000c3d8, Max: 0xffffffff, ABSOLUTE, COMPRESSED[0x0000c2bc])

    Execution Region ER_RO (Exec base: 0x08000000, Load base: 0x08000000, Size: 0x0000c254, Max: 0xffffffff, ABSOLUTE)

    Exec Addr    Load Addr    Size         Type   Attr      Idx    E Section Name        Object

    0x08000000   0x08000000   0x000000ec   Data   RO            3    RESET               startup_stm32f10x_md.o
    0x080000ec   0x080000ec   0x00000008   Code   RO         6450  * !!!main             c_w.l(__main.o)
    0x080000f4   0x080000f4   0x00000034   Code   RO         6889    !!!scatter          c_w.l(__scatter.o)
    0x08000128   0x08000128   0x0000005a   Code   RO         6887    !!dczerorl2         c_w.l(__dczerorl2.o)
    0x08000182   0x08000182   0x00000002   PAD
    0x08000184   0x08000184   0x0000001c   Code   RO         6891    !!handler_zi        c_w.l(__scatter_zi.o)
    0x080001a0   0x080001a0   0x00000000   Code   RO         6435    .ARM.Collect$$_printf_percent$$00000000  c_w.l(_printf_percent.o)
    0x080001a0   0x080001a0   0x00000006   Code   RO         6551    .ARM.Collect$$_printf_percent$$00000001  c_w.l(_printf_n.o)
    0x080001a6   0x080001a6   0x00000006   Code   RO         6552    .ARM.Collect$$_printf_percent$$00000002  c_w.l(_printf_p.o)
    0x080001ac   0x080001ac   0x00000006   Code   RO         6434    .ARM.Collect$$_printf_percent$$00000003  c_w.l(_printf_f.o)
    0x080001b2   0x080001b2   0x00000006   Code   RO         6556    .ARM.Collect$$_printf_percent$$00000004  c_w.l(_printf_e.o)
    0x080001b8   0x080001b8   0x00000006   Code   RO         6557    .ARM.Collect$$_printf_percent$$00000005  c_w.l(_printf_g.o)
    0x080001be   0x080001be   0x00000006   Code   RO         6558    .ARM.Collect$$_printf_percent$$00000006  c_w.l(_printf_a.o)
    0x080001c4   0x080001c4   0x0000000a   Code   RO         6563    .ARM.Collect$$_printf_percent$$00000007  c_w.l(_printf_ll.o)
    0x080001ce   0x080001ce   0x00000006   Code   RO         6554    .ARM.Collect$$_printf_percent$$00000008  c_w.l(_printf_i.o)
    0x080001d4   0x080001d4   0x00000006   Code   RO         6433    .ARM.Collect$$_printf_percent$$00000009  c_w.l(_printf_d.o)
    0x080001da   0x080001da   0x00000006   Code   RO         6555    .ARM.Collect$$_printf_percent$$0000000A  c_w.l(_printf_u.o)
    0x080001e0   0x080001e0   0x00000006   Code   RO         6553    .ARM.Collect$$_printf_percent$$0000000B  c_w.l(_printf_o.o)
    0x080001e6   0x080001e6   0x00000006   Code   RO         6432    .ARM.Collect$$_printf_percent$$0000000C  c_w.l(_printf_x.o)
    0x080001ec   0x080001ec   0x00000006   Code   RO         6560    .ARM.Collect$$_printf_percent$$0000000D  c_w.l(_printf_lli.o)
    0x080001f2   0x080001f2   0x00000006   Code   RO         6561    .ARM.Collect$$_printf_percent$$0000000E  c_w.l(_printf_lld.o)
    0x080001f8   0x080001f8   0x00000006   Code   RO         6562    .ARM.Collect$$_printf_percent$$0000000F  c_w.l(_printf_llu.o)
    0x080001fe   0x080001fe   0x00000006   Code   RO         6567    .ARM.Collect$$_printf_percent$$00000010  c_w.l(_printf_llo.o)
    0x08000204   0x08000204   0x00000006   Code   RO         6568    .ARM.Collect$$_printf_percent$$00000011  c_w.l(_printf_llx.o)
    0x0800020a   0x0800020a   0x0000000a   Code   RO         6564    .ARM.Collect$$_printf_percent$$00000012  c_w.l(_printf_l.o)
    0x08000214   0x08000214   0x00000006   Code   RO         6550    .ARM.Collect$$_printf_percent$$00000013  c_w.l(_printf_c.o)
    0x0800021a   0x0800021a   0x00000006   Code   RO         6431    .ARM.Collect$$_printf_percent$$00000014  c_w.l(_printf_s.o)
    0x08000220   0x08000220   0x00000006   Code   RO         6565    .ARM.Collect$$_printf_percent$$00000015  c_w.l(_printf_lc.o)
    0x08000226   0x08000226   0x00000006   Code   RO         6566    .ARM.Collect$$_printf_percent$$00000016  c_w.l(_printf_ls.o)
    0x0800022c   0x0800022c   0x00000004   Code   RO         6559    .ARM.Collect$$_printf_percent$$00000017  c_w.l(_printf_percent_end.o)
    0x08000230   0x08000230   0x00000002   Code   RO         6753    .ARM.Collect$$libinit$$00000000  c_w.l(libinit.o)
    0x08000232   0x08000232   0x00000000   Code   RO         6755    .ARM.Collect$$libinit$$00000002  c_w.l(libinit2.o)
    0x08000232   0x08000232   0x00000000   Code   RO         6757    .ARM.Collect$$libinit$$00000004  c_w.l(libinit2.o)
    0x08000232   0x08000232   0x00000000   Code   RO         6760    .ARM.Collect$$libinit$$0000000A  c_w.l(libinit2.o)
    0x08000232   0x08000232   0x00000000   Code   RO         6762    .ARM.Collect$$libinit$$0000000C  c_w.l(libinit2.o)
    0x08000232   0x08000232   0x00000000   Code   RO         6764    .ARM.Collect$$libinit$$0000000E  c_w.l(libinit2.o)
    0x08000232   0x08000232   0x00000006   Code   RO         6765    .ARM.Collect$$libinit$$0000000F  c_w.l(libinit2.o)
    0x08000238   0x08000238   0x00000000   Code   RO         6767    .ARM.Collect$$libinit$$00000011  c_w.l(libinit2.o)
    0x08000238   0x08000238   0x0000000c   Code   RO         6768    .ARM.Collect$$libinit$$00000012  c_w.l(libinit2.o)
    0x08000244   0x08000244   0x00000000   Code   RO         6769    .ARM.Collect$$libinit$$00000013  c_w.l(libinit2.o)
    0x08000244   0x08000244   0x00000000   Code   RO         6771    .ARM.Collect$$libinit$$00000015  c_w.l(libinit2.o)
    0x08000244   0x08000244   0x0000000a   Code   RO         6772    .ARM.Collect$$libinit$$00000016  c_w.l(libinit2.o)
    0x0800024e   0x0800024e   0x00000000   Code   RO         6773    .ARM.Collect$$libinit$$00000017  c_w.l(libinit2.o)
    0x0800024e   0x0800024e   0x00000000   Code   RO         6775    .ARM.Collect$$libinit$$00000019  c_w.l(libinit2.o)
    0x0800024e   0x0800024e   0x00000000   Code   RO         6777    .ARM.Collect$$libinit$$0000001B  c_w.l(libinit2.o)
    0x0800024e   0x0800024e   0x00000000   Code   RO         6779    .ARM.Collect$$libinit$$0000001D  c_w.l(libinit2.o)
    0x0800024e   0x0800024e   0x00000000   Code   RO         6781    .ARM.Collect$$libinit$$0000001F  c_w.l(libinit2.o)
    0x0800024e   0x0800024e   0x00000000   Code   RO         6783    .ARM.Collect$$libinit$$00000021  c_w.l(libinit2.o)
    0x0800024e   0x0800024e   0x00000000   Code   RO         6785    .ARM.Collect$$libinit$$00000023  c_w.l(libinit2.o)
    0x0800024e   0x0800024e   0x00000000   Code   RO         6787    .ARM.Collect$$libinit$$00000025  c_w.l(libinit2.o)
    0x0800024e   0x0800024e   0x00000000   Code   RO         6791    .ARM.Collect$$libinit$$0000002C  c_w.l(libinit2.o)
    0x0800024e   0x0800024e   0x00000000   Code   RO         6793    .ARM.Collect$$libinit$$0000002E  c_w.l(libinit2.o)
    0x0800024e   0x0800024e   0x00000000   Code   RO         6795    .ARM.Collect$$libinit$$00000030  c_w.l(libinit2.o)
    0x0800024e   0x0800024e   0x00000000   Code   RO         6797    .ARM.Collect$$libinit$$00000032  c_w.l(libinit2.o)
    0x0800024e   0x0800024e   0x00000002   Code   RO         6798    .ARM.Collect$$libinit$$00000033  c_w.l(libinit2.o)
    0x08000250   0x08000250   0x00000002   Code   RO         6847    .ARM.Collect$$libshutdown$$00000000  c_w.l(libshutdown.o)
    0x08000252   0x08000252   0x00000000   Code   RO         6856    .ARM.Collect$$libshutdown$$00000002  c_w.l(libshutdown2.o)
    0x08000252   0x08000252   0x00000000   Code   RO         6858    .ARM.Collect$$libshutdown$$00000004  c_w.l(libshutdown2.o)
    0x08000252   0x08000252   0x00000000   Code   RO         6861    .ARM.Collect$$libshutdown$$00000007  c_w.l(libshutdown2.o)
    0x08000252   0x08000252   0x00000000   Code   RO         6864    .ARM.Collect$$libshutdown$$0000000A  c_w.l(libshutdown2.o)
    0x08000252   0x08000252   0x00000000   Code   RO         6866    .ARM.Collect$$libshutdown$$0000000C  c_w.l(libshutdown2.o)
    0x08000252   0x08000252   0x00000000   Code   RO         6869    .ARM.Collect$$libshutdown$$0000000F  c_w.l(libshutdown2.o)
    0x08000252   0x08000252   0x00000002   Code   RO         6870    .ARM.Collect$$libshutdown$$00000010  c_w.l(libshutdown2.o)
    0x08000254   0x08000254   0x00000000   Code   RO         6516    .ARM.Collect$$rtentry$$00000000  c_w.l(__rtentry.o)
    0x08000254   0x08000254   0x00000000   Code   RO         6648    .ARM.Collect$$rtentry$$00000002  c_w.l(__rtentry2.o)
    0x08000254   0x08000254   0x00000006   Code   RO         6660    .ARM.Collect$$rtentry$$00000004  c_w.l(__rtentry4.o)
    0x0800025a   0x0800025a   0x00000000   Code   RO         6650    .ARM.Collect$$rtentry$$00000009  c_w.l(__rtentry2.o)
    0x0800025a   0x0800025a   0x00000004   Code   RO         6651    .ARM.Collect$$rtentry$$0000000A  c_w.l(__rtentry2.o)
    0x0800025e   0x0800025e   0x00000000   Code   RO         6653    .ARM.Collect$$rtentry$$0000000C  c_w.l(__rtentry2.o)
    0x0800025e   0x0800025e   0x00000008   Code   RO         6654    .ARM.Collect$$rtentry$$0000000D  c_w.l(__rtentry2.o)
    0x08000266   0x08000266   0x00000002   Code   RO         6803    .ARM.Collect$$rtexit$$00000000  c_w.l(rtexit.o)
    0x08000268   0x08000268   0x00000000   Code   RO         6817    .ARM.Collect$$rtexit$$00000002  c_w.l(rtexit2.o)
    0x08000268   0x08000268   0x00000004   Code   RO         6818    .ARM.Collect$$rtexit$$00000003  c_w.l(rtexit2.o)
    0x0800026c   0x0800026c   0x00000006   Code   RO         6819    .ARM.Collect$$rtexit$$00000004  c_w.l(rtexit2.o)
    0x08000272   0x08000272   0x00000002   PAD
    0x08000274   0x08000274   0x00000096   Code   RO         3371    .emb_text           port.o
    0x0800030a   0x0800030a   0x00000002   PAD
    0x0800030c   0x0800030c   0x00000040   Code   RO            4  * .text               startup_stm32f10x_md.o
    0x0800034c   0x0800034c   0x00000002   Code   RO         6368    .text               c_w.l(use_no_semi_2.o)
    0x0800034e   0x0800034e   0x00000002   PAD
    0x08000350   0x08000350   0x00000034   Code   RO         6372    .text               c_w.l(vsnprintf.o)
    0x08000384   0x08000384   0x00000018   Code   RO         6374    .text               c_w.l(__2printf.o)
    0x0800039c   0x0800039c   0x00000038   Code   RO         6376    .text               c_w.l(__2snprintf.o)
    0x080003d4   0x080003d4   0x0000004e   Code   RO         6384    .text               c_w.l(_printf_pad.o)
    0x08000422   0x08000422   0x00000052   Code   RO         6386    .text               c_w.l(_printf_str.o)
    0x08000474   0x08000474   0x00000078   Code   RO         6388    .text               c_w.l(_printf_dec.o)
    0x080004ec   0x080004ec   0x00000094   Code   RO         6408    .text               c_w.l(_printf_hex_int_ll_ptr.o)
    0x08000580   0x08000580   0x00000188   Code   RO         6428    .text               c_w.l(__printf_flags_ss_wp.o)
    0x08000708   0x08000708   0x00000024   Code   RO         6436    .text               c_w.l(strstr.o)
    0x0800072c   0x0800072c   0x00000058   Code   RO         6438    .text               c_w.l(memcmp.o)
    0x08000784   0x08000784   0x0000008a   Code   RO         6440    .text               c_w.l(rt_memcpy_v6.o)
    0x0800080e   0x0800080e   0x00000010   Code   RO         6442    .text               c_w.l(aeabi_memset.o)
    0x0800081e   0x0800081e   0x00000044   Code   RO         6444    .text               c_w.l(rt_memclr.o)
    0x08000862   0x08000862   0x0000004e   Code   RO         6446    .text               c_w.l(rt_memclr_w.o)
    0x080008b0   0x080008b0   0x00000006   Code   RO         6448    .text               c_w.l(heapauxi.o)
    0x080008b6   0x080008b6   0x00000002   Code   RO         6514    .text               c_w.l(use_no_semi.o)
    0x080008b8   0x080008b8   0x00000016   Code   RO         6519    .text               c_w.l(_rserrno.o)
    0x080008ce   0x080008ce   0x00000024   Code   RO         6521    .text               c_w.l(_printf_truncate.o)
    0x080008f2   0x080008f2   0x000000b2   Code   RO         6523    .text               c_w.l(_printf_intcommon.o)
    0x080009a4   0x080009a4   0x00000028   Code   RO         6525    .text               c_w.l(_printf_charcount.o)
    0x080009cc   0x080009cc   0x0000041e   Code   RO         6527    .text               c_w.l(_printf_fp_dec.o)
    0x08000dea   0x08000dea   0x00000002   PAD
    0x08000dec   0x08000dec   0x00000030   Code   RO         6529    .text               c_w.l(_printf_char_common.o)
    0x08000e1c   0x08000e1c   0x0000000a   Code   RO         6531    .text               c_w.l(_sputc.o)
    0x08000e26   0x08000e26   0x00000010   Code   RO         6533    .text               c_w.l(_snputc.o)
    0x08000e36   0x08000e36   0x0000002c   Code   RO         6535    .text               c_w.l(_printf_char.o)
    0x08000e62   0x08000e62   0x00000002   PAD
    0x08000e64   0x08000e64   0x00000024   Code   RO         6537    .text               c_w.l(_printf_char_file.o)
    0x08000e88   0x08000e88   0x000000bc   Code   RO         6539    .text               c_w.l(_printf_wctomb.o)
    0x08000f44   0x08000f44   0x0000007c   Code   RO         6542    .text               c_w.l(_printf_longlong_dec.o)
    0x08000fc0   0x08000fc0   0x00000070   Code   RO         6548    .text               c_w.l(_printf_oct_int_ll.o)
    0x08001030   0x08001030   0x00000064   Code   RO         6569    .text               c_w.l(rt_memcpy_w.o)
    0x08001094   0x08001094   0x00000008   Code   RO         6669    .text               c_w.l(rt_locale_intlibspace.o)
    0x0800109c   0x0800109c   0x00000008   Code   RO         6674    .text               c_w.l(rt_errno_addr_intlibspace.o)
    0x080010a4   0x080010a4   0x0000008a   Code   RO         6676    .text               c_w.l(lludiv10.o)
    0x0800112e   0x0800112e   0x00000002   PAD
    0x08001130   0x08001130   0x000002fc   Code   RO         6678    .text               c_w.l(_printf_fp_hex.o)
    0x0800142c   0x0800142c   0x00000080   Code   RO         6681    .text               c_w.l(_printf_fp_infnan.o)
    0x080014ac   0x080014ac   0x0000002c   Code   RO         6685    .text               c_w.l(_printf_wchar.o)
    0x080014d8   0x080014d8   0x000000e4   Code   RO         6687    .text               c_w.l(bigflt0.o)
    0x080015bc   0x080015bc   0x00000008   Code   RO         6712    .text               c_w.l(ferror.o)
    0x080015c4   0x080015c4   0x00000040   Code   RO         6716    .text               c_w.l(_wcrtomb.o)
    0x08001604   0x08001604   0x00000008   Code   RO         6735    .text               c_w.l(libspace.o)
    0x0800160c   0x0800160c   0x0000004a   Code   RO         6738    .text               c_w.l(sys_stackheap_outer.o)
    0x08001656   0x08001656   0x00000002   PAD
    0x08001658   0x08001658   0x00000010   Code   RO         6740    .text               c_w.l(rt_ctype_table.o)
    0x08001668   0x08001668   0x00000012   Code   RO         6744    .text               c_w.l(exit.o)
    0x0800167a   0x0800167a   0x00000002   PAD
    0x0800167c   0x0800167c   0x00000080   Code   RO         6746    .text               c_w.l(strcmpv7m.o)
    0x080016fc   0x080016fc   0x0000003e   Code   RO         6690    CL$$btod_d2e        c_w.l(btod.o)
    0x0800173a   0x0800173a   0x00000046   Code   RO         6692    CL$$btod_d2e_denorm_low  c_w.l(btod.o)
    0x08001780   0x08001780   0x00000060   Code   RO         6691    CL$$btod_d2e_norm_op1  c_w.l(btod.o)
    0x080017e0   0x080017e0   0x00000338   Code   RO         6700    CL$$btod_div_common  c_w.l(btod.o)
    0x08001b18   0x08001b18   0x000000dc   Code   RO         6697    CL$$btod_e2e        c_w.l(btod.o)
    0x08001bf4   0x08001bf4   0x0000002a   Code   RO         6694    CL$$btod_ediv       c_w.l(btod.o)
    0x08001c1e   0x08001c1e   0x0000002a   Code   RO         6693    CL$$btod_emul       c_w.l(btod.o)
    0x08001c48   0x08001c48   0x00000244   Code   RO         6699    CL$$btod_mult_common  c_w.l(btod.o)
    0x08001e8c   0x08001e8c   0x00000018   Code   RO          202    i.ADC_Cmd           stm32f10x_adc.o
    0x08001ea4   0x08001ea4   0x00000018   Code   RO          203    i.ADC_DMACmd        stm32f10x_adc.o
    0x08001ebc   0x08001ebc   0x0000000e   Code   RO          210    i.ADC_GetCalibrationStatus  stm32f10x_adc.o
    0x08001eca   0x08001eca   0x0000000e   Code   RO          216    i.ADC_GetResetCalibrationStatus  stm32f10x_adc.o
    0x08001ed8   0x08001ed8   0x00000048   Code   RO          220    i.ADC_Init          stm32f10x_adc.o
    0x08001f20   0x08001f20   0x00000074   Code   RO          224    i.ADC_RegularChannelConfig  stm32f10x_adc.o
    0x08001f94   0x08001f94   0x0000000a   Code   RO          225    i.ADC_ResetCalibration  stm32f10x_adc.o
    0x08001f9e   0x08001f9e   0x00000018   Code   RO          227    i.ADC_SoftwareStartConvCmd  stm32f10x_adc.o
    0x08001fb6   0x08001fb6   0x0000000a   Code   RO          229    i.ADC_StartCalibration  stm32f10x_adc.o
    0x08001fc0   0x08001fc0   0x00000004   Code   RO         4780    i.Adapter_DelayMs   bsp_oled.o
    0x08001fc4   0x08001fc4   0x00000004   Code   RO         5034    i.Adapter_DelayMs   bsp_mpu6050.o
    0x08001fc8   0x08001fc8   0x00000010   Code   RO         5035    i.Adapter_GetTick   bsp_mpu6050.o
    0x08001fd8   0x08001fd8   0x0000000c   Code   RO         4781    i.Adapter_InitIO    bsp_oled.o
    0x08001fe4   0x08001fe4   0x00000040   Code   RO         5036    i.Adapter_InitIO    bsp_mpu6050.o
    0x08002024   0x08002024   0x00000018   Code   RO         5037    i.Adapter_ReadMem   bsp_mpu6050.o
    0x0800203c   0x0800203c   0x00000030   Code   RO         4782    i.Adapter_WriteCmd  bsp_oled.o
    0x0800206c   0x0800206c   0x00000030   Code   RO         4783    i.Adapter_WriteDat  bsp_oled.o
    0x0800209c   0x0800209c   0x00000018   Code   RO         5038    i.Adapter_WriteMem  bsp_mpu6050.o
    0x080020b4   0x080020b4   0x00000010   Code   RO         5172    i.BSP_DHT11_Read    bsp_sensor.o
    0x080020c4   0x080020c4   0x00000010   Code   RO         5173    i.BSP_DHT11_SetIn   bsp_sensor.o
    0x080020d4   0x080020d4   0x00000010   Code   RO         5174    i.BSP_DHT11_SetOut  bsp_sensor.o
    0x080020e4   0x080020e4   0x00000018   Code   RO         5175    i.BSP_DHT11_Write   bsp_sensor.o
    0x080020fc   0x080020fc   0x00000058   Code   RO         4977    i.BSP_DebugUART_Init  bsp_debug_uart.o
    0x08002154   0x08002154   0x0000005c   Code   RO         5141    i.BSP_ESP8266_Init  bsp_esp8266.o
    0x080021b0   0x080021b0   0x00000030   Code   RO         5142    i.BSP_ESP8266_SendString  bsp_esp8266.o
    0x080021e0   0x080021e0   0x00000018   Code   RO         5176    i.BSP_HCSR04_Trig   bsp_sensor.o
    0x080021f8   0x080021f8   0x0000000c   Code   RO         4729    i.BSP_LED1_Off      bsp_led.o
    0x08002204   0x08002204   0x00000020   Code   RO         4732    i.BSP_LED_Init      bsp_led.o
    0x08002224   0x08002224   0x00000044   Code   RO         5039    i.BSP_MPL_LOGE      bsp_mpu6050.o
    0x08002268   0x08002268   0x00000040   Code   RO         5040    i.BSP_MPL_LOGI      bsp_mpu6050.o
    0x080022a8   0x080022a8   0x0000000c   Code   RO         5041    i.BSP_MPU6050_ClearDataReady  bsp_mpu6050.o
    0x080022b4   0x080022b4   0x00000004   Code   RO         5042    i.BSP_MPU6050_GetData  bsp_mpu6050.o
    0x080022b8   0x080022b8   0x0000008c   Code   RO         5043    i.BSP_MPU6050_Init  bsp_mpu6050.o
    0x08002344   0x08002344   0x0000000c   Code   RO         5044    i.BSP_MPU6050_IsDataReady  bsp_mpu6050.o
    0x08002350   0x08002350   0x0000000c   Code   RO         5045    i.BSP_MPU6050_IsWorking  bsp_mpu6050.o
    0x0800235c   0x0800235c   0x0000000c   Code   RO         5177    i.BSP_MQ2_ReadADC   bsp_sensor.o
    0x08002368   0x08002368   0x0000000c   Code   RO         4784    i.BSP_OLED_Clear    bsp_oled.o
    0x08002374   0x08002374   0x0000002c   Code   RO         4785    i.BSP_OLED_Init     bsp_oled.o
    0x080023a0   0x080023a0   0x00000010   Code   RO         4791    i.BSP_OLED_ShowString  bsp_oled.o
    0x080023b0   0x080023b0   0x0000000c   Code   RO         5178    i.BSP_Sensor_GetDistance  bsp_sensor.o
    0x080023bc   0x080023bc   0x0000004c   Code   RO         5179    i.BSP_Sensor_GetLight  bsp_sensor.o
    0x08002408   0x08002408   0x0000000c   Code   RO         5180    i.BSP_Sensor_GetSmoke  bsp_sensor.o
    0x08002414   0x08002414   0x00000010   Code   RO         5181    i.BSP_Sensor_ReadDHT11  bsp_sensor.o
    0x08002424   0x08002424   0x000000bc   Code   RO         5182    i.BSP_Sensors_Init  bsp_sensor.o
    0x080024e0   0x080024e0   0x00000020   Code   RO         5183    i.BSP_Sensors_Sleep  bsp_sensor.o
    0x08002500   0x08002500   0x00000048   Code   RO         5184    i.BSP_Sensors_Wakeup  bsp_sensor.o
    0x08002548   0x08002548   0x000000e8   Code   RO         4869    i.BSP_Servo_Init    bsp_servo.o
    0x08002630   0x08002630   0x0000000c   Code   RO         4870    i.BSP_Servo_Set_Left_Bottom_Hip  bsp_servo.o
    0x0800263c   0x0800263c   0x0000000c   Code   RO         4871    i.BSP_Servo_Set_Left_Bottom_Knee  bsp_servo.o
    0x08002648   0x08002648   0x0000000c   Code   RO         4872    i.BSP_Servo_Set_Left_Top_Hip  bsp_servo.o
    0x08002654   0x08002654   0x0000000c   Code   RO         4873    i.BSP_Servo_Set_Left_Top_Knee  bsp_servo.o
    0x08002660   0x08002660   0x0000000c   Code   RO         4874    i.BSP_Servo_Set_Right_Bottom_Hip  bsp_servo.o
    0x0800266c   0x0800266c   0x0000000c   Code   RO         4875    i.BSP_Servo_Set_Right_Bottom_Knee  bsp_servo.o
    0x08002678   0x08002678   0x0000000c   Code   RO         4876    i.BSP_Servo_Set_Right_Top_Hip  bsp_servo.o
    0x08002684   0x08002684   0x0000000c   Code   RO         4877    i.BSP_Servo_Set_Right_Top_Knee  bsp_servo.o
    0x08002690   0x08002690   0x00000002   Code   RO         3247    i.BusFault_Handler  stm32f10x_it.o
    0x08002692   0x08002692   0x0000001a   Code   RO          887    i.DMA_Cmd           stm32f10x_dma.o
    0x080026ac   0x080026ac   0x000000f8   Code   RO          888    i.DMA_DeInit        stm32f10x_dma.o
    0x080027a4   0x080027a4   0x00000006   Code   RO          889    i.DMA_GetCurrDataCounter  stm32f10x_dma.o
    0x080027aa   0x080027aa   0x0000003a   Code   RO          893    i.DMA_Init          stm32f10x_dma.o
    0x080027e4   0x080027e4   0x00000004   Code   RO          894    i.DMA_SetCurrDataCounter  stm32f10x_dma.o
    0x080027e8   0x080027e8   0x00000002   Code   RO         3248    i.DebugMon_Handler  stm32f10x_it.o
    0x080027ea   0x080027ea   0x00000002   PAD
    0x080027ec   0x080027ec   0x00000014   Code   RO         5722    i.Delay_ms          dev_mpu6050.o
    0x08002800   0x08002800   0x00000002   Code   RO         5790    i.Dev_DHT11_Init    dev_dht11.o
    0x08002802   0x08002802   0x0000011c   Code   RO         5791    i.Dev_DHT11_Read    dev_dht11.o
    0x0800291e   0x0800291e   0x00000002   PAD
    0x08002920   0x08002920   0x0000003c   Code   RO         5832    i.Dev_HCSR04_GetDistance  dev_hcsr04.o
    0x0800295c   0x0800295c   0x00000008   Code   RO         5833    i.Dev_HCSR04_Init   dev_hcsr04.o
    0x08002964   0x08002964   0x00000010   Code   RO         5595    i.Dev_LED_Init      dev_led.o
    0x08002974   0x08002974   0x00000022   Code   RO         5596    i.Dev_LED_Off       dev_led.o
    0x08002996   0x08002996   0x00000002   PAD
    0x08002998   0x08002998   0x000000a0   Code   RO         5723    i.Dev_MPU6050_Init  dev_mpu6050.o
    0x08002a38   0x08002a38   0x0000009c   Code   RO         5724    i.Dev_MPU6050_Read_DMP  dev_mpu6050.o
    0x08002ad4   0x08002ad4   0x0000002c   Code   RO         5811    i.Dev_MQ2_GetPPM    dev_mq2.o
    0x08002b00   0x08002b00   0x00000004   Code   RO         5812    i.Dev_MQ2_Init      dev_mq2.o
    0x08002b04   0x08002b04   0x0000002a   Code   RO         5649    i.Dev_SSD1306_Clear  dev_ssd1306.o
    0x08002b2e   0x08002b2e   0x000000ae   Code   RO         5650    i.Dev_SSD1306_Init  dev_ssd1306.o
    0x08002bdc   0x08002bdc   0x00000064   Code   RO         5652    i.Dev_SSD1306_ShowChar  dev_ssd1306.o
    0x08002c40   0x08002c40   0x0000002a   Code   RO         5656    i.Dev_SSD1306_ShowString  dev_ssd1306.o
    0x08002c6a   0x08002c6a   0x00000002   PAD
    0x08002c6c   0x08002c6c   0x00000010   Code   RO         5628    i.Dev_Servo_Init    dev_servo.o
    0x08002c7c   0x08002c7c   0x00000054   Code   RO         5629    i.Dev_Servo_SetAngle  dev_servo.o
    0x08002cd0   0x08002cd0   0x00000028   Code   RO         5507    i.EXTI15_10_IRQHandler  hal_exti.o
    0x08002cf8   0x08002cf8   0x0000000c   Code   RO          958    i.EXTI_ClearITPendingBit  stm32f10x_exti.o
    0x08002d04   0x08002d04   0x00000020   Code   RO          962    i.EXTI_GetITStatus  stm32f10x_exti.o
    0x08002d24   0x08002d24   0x00000074   Code   RO          963    i.EXTI_Init         stm32f10x_exti.o
    0x08002d98   0x08002d98   0x00000028   Code   RO         1308    i.GPIO_EXTILineConfig  stm32f10x_gpio.o
    0x08002dc0   0x08002dc0   0x000000a6   Code   RO         1311    i.GPIO_Init         stm32f10x_gpio.o
    0x08002e66   0x08002e66   0x00000002   PAD
    0x08002e68   0x08002e68   0x0000005c   Code   RO         1313    i.GPIO_PinRemapConfig  stm32f10x_gpio.o
    0x08002ec4   0x08002ec4   0x0000000e   Code   RO         1315    i.GPIO_ReadInputDataBit  stm32f10x_gpio.o
    0x08002ed2   0x08002ed2   0x00000004   Code   RO         1318    i.GPIO_ResetBits    stm32f10x_gpio.o
    0x08002ed6   0x08002ed6   0x00000004   Code   RO         1319    i.GPIO_SetBits      stm32f10x_gpio.o
    0x08002eda   0x08002eda   0x00000002   PAD
    0x08002edc   0x08002edc   0x00000124   Code   RO         5551    i.HAL_ADC_DMA_Init  hal_adc_dma.o
    0x08003000   0x08003000   0x00000038   Code   RO         5374    i.HAL_Delay_Init    hal_delay.o
    0x08003038   0x08003038   0x00000040   Code   RO         5375    i.HAL_Delay_ms      hal_delay.o
    0x08003078   0x08003078   0x00000060   Code   RO         5376    i.HAL_Delay_us      hal_delay.o
    0x080030d8   0x080030d8   0x00000068   Code   RO         5508    i.HAL_EXTI_Init_PB12  hal_exti.o
    0x08003140   0x08003140   0x0000000c   Code   RO         5509    i.HAL_EXTI_RegisterCallback_PB12  hal_exti.o
    0x0800314c   0x0800314c   0x0000004c   Code   RO         5271    i.HAL_GPIO_EnableClock  hal_gpio.o
    0x08003198   0x08003198   0x00000026   Code   RO         5272    i.HAL_GPIO_Init     hal_gpio.o
    0x080031be   0x080031be   0x00000012   Code   RO         5273    i.HAL_GPIO_ReadPin  hal_gpio.o
    0x080031d0   0x080031d0   0x0000000c   Code   RO         5275    i.HAL_GPIO_WritePin  hal_gpio.o
    0x080031dc   0x080031dc   0x00000016   Code   RO         5377    i.HAL_GetTick       hal_delay.o
    0x080031f2   0x080031f2   0x00000002   PAD
    0x080031f4   0x080031f4   0x0000009c   Code   RO         5469    i.HAL_HardI2C_Init  hal_hard_i2c.o
    0x08003290   0x08003290   0x000000fc   Code   RO         5470    i.HAL_HardI2C_ReadMem  hal_hard_i2c.o
    0x0800338c   0x0800338c   0x0000005e   Code   RO         5471    i.HAL_HardI2C_ResetBus  hal_hard_i2c.o
    0x080033ea   0x080033ea   0x00000002   PAD
    0x080033ec   0x080033ec   0x000000b8   Code   RO         5472    i.HAL_HardI2C_WriteMem  hal_hard_i2c.o
    0x080034a4   0x080034a4   0x00000092   Code   RO         5309    i.HAL_PWM_ConfigChannel  hal_pwm.o
    0x08003536   0x08003536   0x00000002   PAD
    0x08003538   0x08003538   0x00000034   Code   RO         5310    i.HAL_PWM_EnableTimerClock  hal_pwm.o
    0x0800356c   0x0800356c   0x0000002a   Code   RO         5311    i.HAL_PWM_SetCompare  hal_pwm.o
    0x08003596   0x08003596   0x00000034   Code   RO         5312    i.HAL_PWM_TimerInit  hal_pwm.o
    0x080035ca   0x080035ca   0x00000030   Code   RO         5341    i.HAL_SoftI2C_Init  hal_soft_iic.o
    0x080035fa   0x080035fa   0x00000056   Code   RO         5342    i.HAL_SoftI2C_SendByte  hal_soft_iic.o
    0x08003650   0x08003650   0x00000030   Code   RO         5343    i.HAL_SoftI2C_Start  hal_soft_iic.o
    0x08003680   0x08003680   0x00000026   Code   RO         5344    i.HAL_SoftI2C_Stop  hal_soft_iic.o
    0x080036a6   0x080036a6   0x00000002   PAD
    0x080036a8   0x080036a8   0x0000000c   Code   RO         5566    i.HAL_TIM1_CH4_GetPulseWidth  hal_tim_ic.o
    0x080036b4   0x080036b4   0x000000ac   Code   RO         5567    i.HAL_TIM1_CH4_IC_Init  hal_tim_ic.o
    0x08003760   0x08003760   0x00000084   Code   RO         5536    i.HAL_UART_DMA_Rx_Init  hal_uart_dma.o
    0x080037e4   0x080037e4   0x00000038   Code   RO         5421    i.HAL_UART_EnableClock  hal_uart.o
    0x0800381c   0x0800381c   0x00000050   Code   RO         5422    i.HAL_UART_EnableIRQ  hal_uart.o
    0x0800386c   0x0800386c   0x00000038   Code   RO         5423    i.HAL_UART_Init     hal_uart.o
    0x080038a4   0x080038a4   0x00000018   Code   RO         5425    i.HAL_UART_SendByte  hal_uart.o
    0x080038bc   0x080038bc   0x00000018   Code   RO         5426    i.HAL_UART_SendString  hal_uart.o
    0x080038d4   0x080038d4   0x00000002   Code   RO         3249    i.HardFault_Handler  stm32f10x_it.o
    0x080038d6   0x080038d6   0x00000018   Code   RO         1420    i.I2C_AcknowledgeConfig  stm32f10x_i2c.o
    0x080038ee   0x080038ee   0x00000018   Code   RO         1422    i.I2C_CheckEvent    stm32f10x_i2c.o
    0x08003906   0x08003906   0x00000018   Code   RO         1425    i.I2C_Cmd           stm32f10x_i2c.o
    0x0800391e   0x0800391e   0x00000002   PAD
    0x08003920   0x08003920   0x00000038   Code   RO         1428    i.I2C_DeInit        stm32f10x_i2c.o
    0x08003958   0x08003958   0x00000018   Code   RO         1432    i.I2C_GenerateSTART  stm32f10x_i2c.o
    0x08003970   0x08003970   0x00000018   Code   RO         1433    i.I2C_GenerateSTOP  stm32f10x_i2c.o
    0x08003988   0x08003988   0x00000032   Code   RO         1434    i.I2C_GetFlagStatus  stm32f10x_i2c.o
    0x080039ba   0x080039ba   0x00000002   PAD
    0x080039bc   0x080039bc   0x000000c0   Code   RO         1439    i.I2C_Init          stm32f10x_i2c.o
    0x08003a7c   0x08003a7c   0x00000006   Code   RO         1444    i.I2C_ReceiveData   stm32f10x_i2c.o
    0x08003a82   0x08003a82   0x00000012   Code   RO         1446    i.I2C_Send7bitAddress  stm32f10x_i2c.o
    0x08003a94   0x08003a94   0x00000004   Code   RO         1447    i.I2C_SendData      stm32f10x_i2c.o
    0x08003a98   0x08003a98   0x00000024   Code   RO         5473    i.I2C_WaitEvent     hal_hard_i2c.o
    0x08003abc   0x08003abc   0x0000007c   Code   RO         4408    i.KEY_Init          fsm_key.o
    0x08003b38   0x08003b38   0x00000060   Code   RO         4409    i.KEY_Scan_StateMachine  fsm_key.o
    0x08003b98   0x08003b98   0x0000001c   Code   RO         4733    i.LED1_Read         bsp_led.o
    0x08003bb4   0x08003bb4   0x00000018   Code   RO         4734    i.LED1_Write        bsp_led.o
    0x08003bcc   0x08003bcc   0x0000000c   Code   RO         5046    i.MPU_DataReadyCallback  bsp_mpu6050.o
    0x08003bd8   0x08003bd8   0x00000070   Code   RO         4439    i.Main_System_FSM_task  fsm_main_system.o
    0x08003c48   0x08003c48   0x000000bc   Code   RO         4440    i.Main_System_fsm_setup  fsm_main_system.o
    0x08003d04   0x08003d04   0x00000002   Code   RO         3250    i.MemManage_Handler  stm32f10x_it.o
    0x08003d06   0x08003d06   0x00000002   PAD
    0x08003d08   0x08003d08   0x00000084   Code   RO         4517    i.Motor_FSM_Setup   fsm_motor.o
    0x08003d8c   0x08003d8c   0x00000040   Code   RO         4518    i.Motor_FSM_task    fsm_motor.o
    0x08003dcc   0x08003dcc   0x00000002   Code   RO         3251    i.NMI_Handler       stm32f10x_it.o
    0x08003dce   0x08003dce   0x00000002   PAD
    0x08003dd0   0x08003dd0   0x00000064   Code   RO          137    i.NVIC_Init         misc.o
    0x08003e34   0x08003e34   0x00000014   Code   RO          138    i.NVIC_PriorityGroupConfig  misc.o
    0x08003e48   0x08003e48   0x00000080   Code   RO         4641    i.Network_FSM_Setup  fsm_network.o
    0x08003ec8   0x08003ec8   0x000000d0   Code   RO         4642    i.Network_FSM_Task  fsm_network.o
    0x08003f98   0x08003f98   0x0000001c   Code   RO         1726    i.RCC_AHBPeriphClockCmd  stm32f10x_rcc.o
    0x08003fb4   0x08003fb4   0x0000001c   Code   RO         1727    i.RCC_APB1PeriphClockCmd  stm32f10x_rcc.o
    0x08003fd0   0x08003fd0   0x0000001c   Code   RO         1728    i.RCC_APB1PeriphResetCmd  stm32f10x_rcc.o
    0x08003fec   0x08003fec   0x0000001c   Code   RO         1729    i.RCC_APB2PeriphClockCmd  stm32f10x_rcc.o
    0x08004008   0x08004008   0x000000ac   Code   RO         1737    i.RCC_GetClocksFreq  stm32f10x_rcc.o
    0x080040b4   0x080040b4   0x00000024   Code   RO         5658    i.SSD1306_SetCursor  dev_ssd1306.o
    0x080040d8   0x080040d8   0x00000080   Code   RO         4602    i.Sensor_FSM_Task   fsm_sensor.o
    0x08004158   0x08004158   0x0000002c   Code   RO         5726    i.Sensors_I2C_ReadRegister  dev_mpu6050.o
    0x08004184   0x08004184   0x0000002c   Code   RO         5727    i.Sensors_I2C_WriteRegister  dev_mpu6050.o
    0x080041b0   0x080041b0   0x00000004   Code   RO           24    i.SetSysClock       system_stm32f10x.o
    0x080041b4   0x080041b4   0x000000b0   Code   RO           25    i.SetSysClockTo72   system_stm32f10x.o
    0x08004264   0x08004264   0x0000002c   Code   RO         3372    i.SysTick_Handler   port.o
    0x08004290   0x08004290   0x0000007c   Code   RO           26    i.SystemCoreClockUpdate  system_stm32f10x.o
    0x0800430c   0x0800430c   0x00000050   Code   RO           27    i.SystemInit        system_stm32f10x.o
    0x0800435c   0x0800435c   0x00000074   Code   RO         2345    i.TI1_Config        stm32f10x_tim.o
    0x080043d0   0x080043d0   0x0000007c   Code   RO         2346    i.TI2_Config        stm32f10x_tim.o
    0x0800444c   0x0800444c   0x00000078   Code   RO         2347    i.TI3_Config        stm32f10x_tim.o
    0x080044c4   0x080044c4   0x0000007c   Code   RO         2348    i.TI4_Config        stm32f10x_tim.o
    0x08004540   0x08004540   0x00000078   Code   RO         5568    i.TIM1_CC_IRQHandler  hal_tim_ic.o
    0x080045b8   0x080045b8   0x0000000a   Code   RO         4878    i.TIM2_CH1_Write    bsp_servo.o
    0x080045c2   0x080045c2   0x0000000a   Code   RO         4879    i.TIM2_CH2_Write    bsp_servo.o
    0x080045cc   0x080045cc   0x00000010   Code   RO         4880    i.TIM3_CH1_Write    bsp_servo.o
    0x080045dc   0x080045dc   0x00000010   Code   RO         4881    i.TIM3_CH2_Write    bsp_servo.o
    0x080045ec   0x080045ec   0x00000010   Code   RO         4882    i.TIM3_CH3_Write    bsp_servo.o
    0x080045fc   0x080045fc   0x00000010   Code   RO         4883    i.TIM3_CH4_Write    bsp_servo.o
    0x0800460c   0x0800460c   0x00000010   Code   RO         4884    i.TIM4_CH1_Write    bsp_servo.o
    0x0800461c   0x0800461c   0x00000010   Code   RO         4885    i.TIM4_CH2_Write    bsp_servo.o
    0x0800462c   0x0800462c   0x00000006   Code   RO         2356    i.TIM_ClearITPendingBit  stm32f10x_tim.o
    0x08004632   0x08004632   0x00000018   Code   RO         2361    i.TIM_Cmd           stm32f10x_tim.o
    0x0800464a   0x0800464a   0x00000006   Code   RO         2379    i.TIM_GetCapture4   stm32f10x_tim.o
    0x08004650   0x08004650   0x00000018   Code   RO         2382    i.TIM_GetITStatus   stm32f10x_tim.o
    0x08004668   0x08004668   0x0000008c   Code   RO         2384    i.TIM_ICInit        stm32f10x_tim.o
    0x080046f4   0x080046f4   0x00000014   Code   RO         2386    i.TIM_ITConfig      stm32f10x_tim.o
    0x08004708   0x08004708   0x00000088   Code   RO         2390    i.TIM_OC1Init       stm32f10x_tim.o
    0x08004790   0x08004790   0x0000000c   Code   RO         2393    i.TIM_OC1PreloadConfig  stm32f10x_tim.o
    0x0800479c   0x0800479c   0x00000088   Code   RO         2395    i.TIM_OC2Init       stm32f10x_tim.o
    0x08004824   0x08004824   0x00000014   Code   RO         2398    i.TIM_OC2PreloadConfig  stm32f10x_tim.o
    0x08004838   0x08004838   0x00000084   Code   RO         2400    i.TIM_OC3Init       stm32f10x_tim.o
    0x080048bc   0x080048bc   0x0000000c   Code   RO         2403    i.TIM_OC3PreloadConfig  stm32f10x_tim.o
    0x080048c8   0x080048c8   0x00000068   Code   RO         2405    i.TIM_OC4Init       stm32f10x_tim.o
    0x08004930   0x08004930   0x00000014   Code   RO         2406    i.TIM_OC4PolarityConfig  stm32f10x_tim.o
    0x08004944   0x08004944   0x00000014   Code   RO         2407    i.TIM_OC4PreloadConfig  stm32f10x_tim.o
    0x08004958   0x08004958   0x00000014   Code   RO         2408    i.TIM_OCStructInit  stm32f10x_tim.o
    0x0800496c   0x0800496c   0x00000004   Code   RO         2422    i.TIM_SetCompare1   stm32f10x_tim.o
    0x08004970   0x08004970   0x00000004   Code   RO         2423    i.TIM_SetCompare2   stm32f10x_tim.o
    0x08004974   0x08004974   0x00000004   Code   RO         2424    i.TIM_SetCompare3   stm32f10x_tim.o
    0x08004978   0x08004978   0x00000006   Code   RO         2425    i.TIM_SetCompare4   stm32f10x_tim.o
    0x0800497e   0x0800497e   0x00000010   Code   RO         2427    i.TIM_SetIC1Prescaler  stm32f10x_tim.o
    0x0800498e   0x0800498e   0x00000018   Code   RO         2428    i.TIM_SetIC2Prescaler  stm32f10x_tim.o
    0x080049a6   0x080049a6   0x00000010   Code   RO         2429    i.TIM_SetIC3Prescaler  stm32f10x_tim.o
    0x080049b6   0x080049b6   0x00000018   Code   RO         2430    i.TIM_SetIC4Prescaler  stm32f10x_tim.o
    0x080049ce   0x080049ce   0x00000002   PAD
    0x080049d0   0x080049d0   0x0000009c   Code   RO         2432    i.TIM_TimeBaseInit  stm32f10x_tim.o
    0x08004a6c   0x08004a6c   0x000000b0   Code   RO         5143    i.USART1_IRQHandler  bsp_esp8266.o
    0x08004b1c   0x08004b1c   0x000000a8   Code   RO         4978    i.USART2_IRQHandler  bsp_debug_uart.o
    0x08004bc4   0x08004bc4   0x00000018   Code   RO         2897    i.USART_Cmd         stm32f10x_usart.o
    0x08004bdc   0x08004bdc   0x00000014   Code   RO         2898    i.USART_DMACmd      stm32f10x_usart.o
    0x08004bf0   0x08004bf0   0x0000000e   Code   RO         2900    i.USART_GetFlagStatus  stm32f10x_usart.o
    0x08004bfe   0x08004bfe   0x00000036   Code   RO         2903    i.USART_ITConfig    stm32f10x_usart.o
    0x08004c34   0x08004c34   0x000000bc   Code   RO         2904    i.USART_Init        stm32f10x_usart.o
    0x08004cf0   0x08004cf0   0x00000008   Code   RO         2914    i.USART_SendData    stm32f10x_usart.o
    0x08004cf8   0x08004cf8   0x00000002   Code   RO         3252    i.UsageFault_Handler  stm32f10x_it.o
    0x08004cfa   0x08004cfa   0x00000028   Code   RO         6731    i.__ARM_fpclassify  m_ws.l(fpclassify.o)
    0x08004d22   0x08004d22   0x00000026   Code   RO         6622    i.__ARM_fpclassifyf  m_ws.l(fpclassifyf.o)
    0x08004d48   0x08004d48   0x000000aa   Code   RO         6733    i.__kernel_poly     m_ws.l(poly.o)
    0x08004df2   0x08004df2   0x00000006   Code   RO         6609    i.__mathlib_dbl_infnan  m_ws.l(dunder.o)
    0x08004df8   0x08004df8   0x00000004   Code   RO         6610    i.__mathlib_dbl_infnan2  m_ws.l(dunder.o)
    0x08004dfc   0x08004dfc   0x00000010   Code   RO         6614    i.__mathlib_dbl_underflow  m_ws.l(dunder.o)
    0x08004e0c   0x08004e0c   0x00000006   Code   RO         6625    i.__mathlib_flt_infnan  m_ws.l(funder.o)
    0x08004e12   0x08004e12   0x00000008   Code   RO         6627    i.__mathlib_flt_invalid  m_ws.l(funder.o)
    0x08004e1a   0x08004e1a   0x0000000a   Code   RO         6630    i.__mathlib_flt_underflow  m_ws.l(funder.o)
    0x08004e24   0x08004e24   0x0000000e   Code   RO         6421    i._is_digit         c_w.l(__printf_wp.o)
    0x08004e32   0x08004e32   0x00000002   Code   RO         4979    i._sys_exit         bsp_debug_uart.o
    0x08004e34   0x08004e34   0x00000006   Code   RO         4643    i.action_euler_switch  fsm_network.o
    0x08004e3a   0x08004e3a   0x0000003a   Code   RO         4441    i.action_local_select  fsm_main_system.o
    0x08004e74   0x08004e74   0x00000060   Code   RO         4442    i.action_local_toggle  fsm_main_system.o
    0x08004ed4   0x08004ed4   0x00000068   Code   RO         4443    i.action_sync_motor_state  fsm_main_system.o
    0x08004f3c   0x08004f3c   0x00000058   Code   RO         4519    i.apply_pose        fsm_motor.o
    0x08004f94   0x08004f94   0x00000124   Code   RO         6499    i.asinf             m_ws.l(asinf.o)
    0x080050b8   0x080050b8   0x00000220   Code   RO         6599    i.atan              m_ws.l(atan.o)
    0x080052d8   0x080052d8   0x00000180   Code   RO         6507    i.atan2             m_ws.l(atan2.o)
    0x08005458   0x08005458   0x0000003c   Code   RO         6173    i.decode_gesture    inv_mpu_dmp_motion_driver.o
    0x08005494   0x08005494   0x0000003c   Code   RO         6174    i.dmp_enable_6x_lp_quat  inv_mpu_dmp_motion_driver.o
    0x080054d0   0x080054d0   0x000001ec   Code   RO         6175    i.dmp_enable_feature  inv_mpu_dmp_motion_driver.o
    0x080056bc   0x080056bc   0x00000058   Code   RO         6176    i.dmp_enable_gyro_cal  inv_mpu_dmp_motion_driver.o
    0x08005714   0x08005714   0x0000003c   Code   RO         6177    i.dmp_enable_lp_quat  inv_mpu_dmp_motion_driver.o
    0x08005750   0x08005750   0x00000014   Code   RO         6182    i.dmp_load_motion_driver_firmware  inv_mpu_dmp_motion_driver.o
    0x08005764   0x08005764   0x00000184   Code   RO         6183    i.dmp_read_fifo     inv_mpu_dmp_motion_driver.o
    0x080058e8   0x080058e8   0x00000070   Code   RO         6187    i.dmp_set_fifo_rate  inv_mpu_dmp_motion_driver.o
    0x08005958   0x08005958   0x00000118   Code   RO         6190    i.dmp_set_orientation  inv_mpu_dmp_motion_driver.o
    0x08005a70   0x08005a70   0x00000030   Code   RO         6193    i.dmp_set_shake_reject_thresh  inv_mpu_dmp_motion_driver.o
    0x08005aa0   0x08005aa0   0x00000020   Code   RO         6194    i.dmp_set_shake_reject_time  inv_mpu_dmp_motion_driver.o
    0x08005ac0   0x08005ac0   0x00000020   Code   RO         6195    i.dmp_set_shake_reject_timeout  inv_mpu_dmp_motion_driver.o
    0x08005ae0   0x08005ae0   0x00000038   Code   RO         6196    i.dmp_set_tap_axes  inv_mpu_dmp_motion_driver.o
    0x08005b18   0x08005b18   0x00000022   Code   RO         6197    i.dmp_set_tap_count  inv_mpu_dmp_motion_driver.o
    0x08005b3a   0x08005b3a   0x00000002   PAD
    0x08005b3c   0x08005b3c   0x00000164   Code   RO         6198    i.dmp_set_tap_thresh  inv_mpu_dmp_motion_driver.o
    0x08005ca0   0x08005ca0   0x00000020   Code   RO         6199    i.dmp_set_tap_time  inv_mpu_dmp_motion_driver.o
    0x08005cc0   0x08005cc0   0x00000020   Code   RO         6200    i.dmp_set_tap_time_multi  inv_mpu_dmp_motion_driver.o
    0x08005ce0   0x08005ce0   0x0000000c   Code   RO         4520    i.enter_backward    fsm_motor.o
    0x08005cec   0x08005cec   0x0000000c   Code   RO         4521    i.enter_forward     fsm_motor.o
    0x08005cf8   0x08005cf8   0x0000000c   Code   RO         4522    i.enter_left        fsm_motor.o
    0x08005d04   0x08005d04   0x0000000c   Code   RO         4523    i.enter_right       fsm_motor.o
    0x08005d10   0x08005d10   0x0000000c   Code   RO         4524    i.enter_rot_l       fsm_motor.o
    0x08005d1c   0x08005d1c   0x0000000c   Code   RO         4525    i.enter_rot_r       fsm_motor.o
    0x08005d28   0x08005d28   0x0000000c   Code   RO         4526    i.enter_stop        fsm_motor.o
    0x08005d34   0x08005d34   0x0000000c   Code   RO         4331    i.event_bus_init    event_bus.o
    0x08005d40   0x08005d40   0x0000003c   Code   RO         4332    i.event_bus_publish  event_bus.o
    0x08005d7c   0x08005d7c   0x00000024   Code   RO         4333    i.event_bus_subscribe  event_bus.o
    0x08005da0   0x08005da0   0x0000002e   Code   RO         4367    i.find_desc         fsm_core.o
    0x08005dce   0x08005dce   0x00000002   PAD
    0x08005dd0   0x08005dd0   0x00000014   Code   RO         4980    i.fputc             bsp_debug_uart.o
    0x08005de4   0x08005de4   0x0000002a   Code   RO         4368    i.fsm_init          fsm_core.o
    0x08005e0e   0x08005e0e   0x00000050   Code   RO         4369    i.fsm_push_event    fsm_core.o
    0x08005e5e   0x08005e5e   0x00000002   PAD
    0x08005e60   0x08005e60   0x00000128   Code   RO         4370    i.fsm_run           fsm_core.o
    0x08005f88   0x08005f88   0x0000000a   Code   RO         4372    i.fsm_set_state_callbacks  fsm_core.o
    0x08005f92   0x08005f92   0x00000002   PAD
    0x08005f94   0x08005f94   0x00000014   Code   RO         5728    i.get_tick_count    dev_mpu6050.o
    0x08005fa8   0x08005fa8   0x00000024   Code   RO         6201    i.inv_orientation_matrix_to_scalar  inv_mpu_dmp_motion_driver.o
    0x08005fcc   0x08005fcc   0x00000048   Code   RO         6202    i.inv_row_2_scale   inv_mpu_dmp_motion_driver.o
    0x08006014   0x08006014   0x0000002c   Code   RO         4527    i.load_sequence     fsm_motor.o
    0x08006040   0x08006040   0x00000040   Code   RO         3127    i.main              main.o
    0x08006080   0x08006080   0x00000060   Code   RO         5857    i.mpu_configure_fifo  inv_mpu.o
    0x080060e0   0x080060e0   0x00000044   Code   RO         5858    i.mpu_get_accel_fsr  inv_mpu.o
    0x08006124   0x08006124   0x000001ac   Code   RO         5874    i.mpu_init          inv_mpu.o
    0x080062d0   0x080062d0   0x00000214   Code   RO         5875    i.mpu_load_firmware  inv_mpu.o
    0x080064e4   0x080064e4   0x000000d0   Code   RO         5876    i.mpu_lp_accel_mode  inv_mpu.o
    0x080065b4   0x080065b4   0x000000ac   Code   RO         5882    i.mpu_read_fifo_stream  inv_mpu.o
    0x08006660   0x08006660   0x00000070   Code   RO         5883    i.mpu_read_mem      inv_mpu.o
    0x080066d0   0x080066d0   0x0000016c   Code   RO         5886    i.mpu_reset_fifo    inv_mpu.o
    0x0800683c   0x0800683c   0x00000074   Code   RO         5890    i.mpu_set_accel_fsr  inv_mpu.o
    0x080068b0   0x080068b0   0x00000118   Code   RO         5891    i.mpu_set_bypass    inv_mpu.o
    0x080069c8   0x080069c8   0x0000007c   Code   RO         5893    i.mpu_set_dmp_state  inv_mpu.o
    0x08006a44   0x08006a44   0x00000078   Code   RO         5895    i.mpu_set_gyro_fsr  inv_mpu.o
    0x08006abc   0x08006abc   0x00000060   Code   RO         5896    i.mpu_set_int_latched  inv_mpu.o
    0x08006b1c   0x08006b1c   0x0000007c   Code   RO         5898    i.mpu_set_lpf       inv_mpu.o
    0x08006b98   0x08006b98   0x00000084   Code   RO         5899    i.mpu_set_sample_rate  inv_mpu.o
    0x08006c1c   0x08006c1c   0x000000b0   Code   RO         5900    i.mpu_set_sensors   inv_mpu.o
    0x08006ccc   0x08006ccc   0x00000070   Code   RO         5901    i.mpu_write_mem     inv_mpu.o
    0x08006d3c   0x08006d3c   0x00000048   Code   RO         4603    i.on_enter_active   fsm_sensor.o
    0x08006d84   0x08006d84   0x00000078   Code   RO         4444    i.on_enter_blocked  fsm_main_system.o
    0x08006dfc   0x08006dfc   0x00000008   Code   RO         4644    i.on_enter_error    fsm_network.o
    0x08006e04   0x08006e04   0x00000044   Code   RO         4445    i.on_enter_idle     fsm_main_system.o
    0x08006e48   0x08006e48   0x00000008   Code   RO         4446    i.on_enter_init     fsm_main_system.o
    0x08006e50   0x08006e50   0x0000001a   Code   RO         4645    i.on_enter_init     fsm_network.o
    0x08006e6a   0x08006e6a   0x00000002   PAD
    0x08006e6c   0x08006e6c   0x00000078   Code   RO         4447    i.on_enter_linking  fsm_main_system.o
    0x08006ee4   0x08006ee4   0x00000026   Code   RO         4448    i.on_enter_motor_ctrl  fsm_main_system.o
    0x08006f0a   0x08006f0a   0x0000001a   Code   RO         4646    i.on_enter_mqtt     fsm_network.o
    0x08006f24   0x08006f24   0x00000016   Code   RO         4647    i.on_enter_online   fsm_network.o
    0x08006f3a   0x08006f3a   0x00000002   PAD
    0x08006f3c   0x08006f3c   0x00000048   Code   RO         4604    i.on_enter_sleep    fsm_sensor.o
    0x08006f84   0x08006f84   0x00000058   Code   RO         4648    i.on_enter_wifi     fsm_network.o
    0x08006fdc   0x08006fdc   0x00000154   Code   RO         4605    i.on_poll_active    fsm_sensor.o
    0x08007130   0x08007130   0x0000004e   Code   RO         4528    i.on_poll_gait      fsm_motor.o
    0x0800717e   0x0800717e   0x00000002   PAD
    0x08007180   0x08007180   0x000000a8   Code   RO         4649    i.on_poll_init      fsm_network.o
    0x08007228   0x08007228   0x00000220   Code   RO         4650    i.on_poll_mqtt      fsm_network.o
    0x08007448   0x08007448   0x0000019c   Code   RO         4651    i.on_poll_online    fsm_network.o
    0x080075e4   0x080075e4   0x0000015c   Code   RO         4652    i.parse_aliyun_payload  fsm_network.o
    0x08007740   0x08007740   0x0000008c   Code   RO         3872    i.prvAddCurrentTaskToDelayedList  tasks.o
    0x080077cc   0x080077cc   0x000000a8   Code   RO         3873    i.prvAddNewTaskToReadyList  tasks.o
    0x08007874   0x08007874   0x00000050   Code   RO         4187    i.prvCheckForValidListAndQueue  timers.o
    0x080078c4   0x080078c4   0x0000003c   Code   RO         3874    i.prvCheckTasksWaitingTermination  tasks.o
    0x08007900   0x08007900   0x00000028   Code   RO         3568    i.prvCopyDataFromQueue  queue.o
    0x08007928   0x08007928   0x0000005c   Code   RO         3569    i.prvCopyDataToQueue  queue.o
    0x08007984   0x08007984   0x00000014   Code   RO         3875    i.prvDeleteTCB      tasks.o
    0x08007998   0x08007998   0x00000024   Code   RO         4188    i.prvGetNextExpireTime  timers.o
    0x080079bc   0x080079bc   0x00000048   Code   RO         3292    i.prvHeapInit       heap_4.o
    0x08007a04   0x08007a04   0x00000028   Code   RO         3876    i.prvIdleTask       tasks.o
    0x08007a2c   0x08007a2c   0x00000018   Code   RO         3570    i.prvInitialiseNewQueue  queue.o
    0x08007a44   0x08007a44   0x0000006e   Code   RO         3877    i.prvInitialiseNewTask  tasks.o
    0x08007ab2   0x08007ab2   0x00000038   Code   RO         4189    i.prvInitialiseNewTimer  timers.o
    0x08007aea   0x08007aea   0x00000002   PAD
    0x08007aec   0x08007aec   0x00000058   Code   RO         3878    i.prvInitialiseTaskLists  tasks.o
    0x08007b44   0x08007b44   0x00000054   Code   RO         3293    i.prvInsertBlockIntoFreeList  heap_4.o
    0x08007b98   0x08007b98   0x00000040   Code   RO         4190    i.prvInsertTimerInActiveList  timers.o
    0x08007bd8   0x08007bd8   0x0000001a   Code   RO         3571    i.prvIsQueueEmpty   queue.o
    0x08007bf2   0x08007bf2   0x0000001e   Code   RO         3572    i.prvIsQueueFull    queue.o
    0x08007c10   0x08007c10   0x00000040   Code   RO         4191    i.prvProcessExpiredTimer  timers.o
    0x08007c50   0x08007c50   0x000000d0   Code   RO         4192    i.prvProcessReceivedCommands  timers.o
    0x08007d20   0x08007d20   0x0000006c   Code   RO         4193    i.prvProcessTimerOrBlockTask  timers.o
    0x08007d8c   0x08007d8c   0x00000028   Code   RO         4194    i.prvReloadTimer    timers.o
    0x08007db4   0x08007db4   0x00000020   Code   RO         3879    i.prvResetNextTaskUnblockTime  tasks.o
    0x08007dd4   0x08007dd4   0x0000002c   Code   RO         4195    i.prvSampleTimeNow  timers.o
    0x08007e00   0x08007e00   0x0000002c   Code   RO         4196    i.prvSwitchTimerLists  timers.o
    0x08007e2c   0x08007e2c   0x00000010   Code   RO         3373    i.prvTaskExitError  port.o
    0x08007e3c   0x08007e3c   0x00000014   Code   RO         4197    i.prvTimerTask      timers.o
    0x08007e50   0x08007e50   0x0000006a   Code   RO         3573    i.prvUnlockQueue    queue.o
    0x08007eba   0x08007eba   0x00000002   PAD
    0x08007ebc   0x08007ebc   0x000000a0   Code   RO         3295    i.pvPortMalloc      heap_4.o
    0x08007f5c   0x08007f5c   0x00000012   Code   RO         4198    i.pvTimerGetTimerID  timers.o
    0x08007f6e   0x08007f6e   0x00000002   PAD
    0x08007f70   0x08007f70   0x0000001c   Code   RO         3374    i.pxPortInitialiseStack  port.o
    0x08007f8c   0x08007f8c   0x0000015c   Code   RO         5729    i.quat_to_euler     dev_mpu6050.o
    0x080080e8   0x080080e8   0x00000074   Code   RO         5902    i.set_int_enable    inv_mpu.o
    0x0800815c   0x0800815c   0x0000002c   Code   RO         6640    i.sqrtf             m_ws.l(sqrtf.o)
    0x08008188   0x08008188   0x000001c0   Code   RO         3128    i.start_task        main.o
    0x08008348   0x08008348   0x000000f4   Code   RO         4449    i.update_motor_display  fsm_main_system.o
    0x0800843c   0x0800843c   0x00000026   Code   RO         3531    i.uxListRemove      list.o
    0x08008462   0x08008462   0x00000002   PAD
    0x08008464   0x08008464   0x0000000c   Code   RO         3883    i.uxTaskGetNumberOfTasks  tasks.o
    0x08008470   0x08008470   0x00000012   Code   RO         4450    i.vIdleTimeoutCallback  fsm_main_system.o
    0x08008482   0x08008482   0x00000002   PAD
    0x08008484   0x08008484   0x00000020   Code   RO         4410    i.vKeyScanCallback  fsm_key.o
    0x080084a4   0x080084a4   0x00000016   Code   RO         3532    i.vListInitialise   list.o
    0x080084ba   0x080084ba   0x00000006   Code   RO         3533    i.vListInitialiseItem  list.o
    0x080084c0   0x080084c0   0x00000030   Code   RO         3534    i.vListInsert       list.o
    0x080084f0   0x080084f0   0x00000018   Code   RO         3535    i.vListInsertEnd    list.o
    0x08008508   0x08008508   0x0000001c   Code   RO         3376    i.vPortEnterCritical  port.o
    0x08008524   0x08008524   0x00000018   Code   RO         3377    i.vPortExitCritical  port.o
    0x0800853c   0x0800853c   0x00000044   Code   RO         3296    i.vPortFree         heap_4.o
    0x08008580   0x08008580   0x00000018   Code   RO         3378    i.vPortSetupTimerInterrupt  port.o
    0x08008598   0x08008598   0x0000003c   Code   RO         3577    i.vQueueAddToRegistry  queue.o
    0x080085d4   0x080085d4   0x00000046   Code   RO         3580    i.vQueueWaitForMessageRestricted  queue.o
    0x0800861a   0x0800861a   0x00000002   PAD
    0x0800861c   0x0800861c   0x00000034   Code   RO         3887    i.vTaskDelay        tasks.o
    0x08008650   0x08008650   0x000000a0   Code   RO         3888    i.vTaskDelete       tasks.o
    0x080086f0   0x080086f0   0x00000010   Code   RO         3891    i.vTaskInternalSetTimeOutState  tasks.o
    0x08008700   0x08008700   0x0000000c   Code   RO         3892    i.vTaskMissedYield  tasks.o
    0x0800870c   0x0800870c   0x00000020   Code   RO         3893    i.vTaskPlaceOnEventList  tasks.o
    0x0800872c   0x0800872c   0x00000044   Code   RO         3894    i.vTaskPlaceOnEventListRestricted  tasks.o
    0x08008770   0x08008770   0x00000058   Code   RO         3900    i.vTaskStartScheduler  tasks.o
    0x080087c8   0x080087c8   0x00000010   Code   RO         3902    i.vTaskSuspendAll   tasks.o
    0x080087d8   0x080087d8   0x00000048   Code   RO         3903    i.vTaskSwitchContext  tasks.o
    0x08008820   0x08008820   0x00000030   Code   RO         3379    i.xPortStartScheduler  port.o
    0x08008850   0x08008850   0x00000040   Code   RO         3581    i.xQueueGenericCreate  queue.o
    0x08008890   0x08008890   0x00000094   Code   RO         3582    i.xQueueGenericReset  queue.o
    0x08008924   0x08008924   0x000000f8   Code   RO         3583    i.xQueueGenericSend  queue.o
    0x08008a1c   0x08008a1c   0x00000070   Code   RO         3584    i.xQueueGenericSendFromISR  queue.o
    0x08008a8c   0x08008a8c   0x000000f0   Code   RO         3590    i.xQueueReceive     queue.o
    0x08008b7c   0x08008b7c   0x00000058   Code   RO         3905    i.xTaskCheckForTimeOut  tasks.o
    0x08008bd4   0x08008bd4   0x00000068   Code   RO         3906    i.xTaskCreate       tasks.o
    0x08008c3c   0x08008c3c   0x0000005c   Code   RO         3907    i.xTaskDelayUntil   tasks.o
    0x08008c98   0x08008c98   0x0000001c   Code   RO         3913    i.xTaskGetSchedulerState  tasks.o
    0x08008cb4   0x08008cb4   0x0000000c   Code   RO         3914    i.xTaskGetTickCount  tasks.o
    0x08008cc0   0x08008cc0   0x0000011c   Code   RO         3916    i.xTaskIncrementTick  tasks.o
    0x08008ddc   0x08008ddc   0x000000cc   Code   RO         3917    i.xTaskRemoveFromEventList  tasks.o
    0x08008ea8   0x08008ea8   0x00000118   Code   RO         3918    i.xTaskResumeAll    tasks.o
    0x08008fc0   0x08008fc0   0x00000034   Code   RO         4202    i.xTimerCreate      timers.o
    0x08008ff4   0x08008ff4   0x0000003c   Code   RO         4203    i.xTimerCreateTimerTask  timers.o
    0x08009030   0x08009030   0x00000054   Code   RO         4204    i.xTimerGenericCommand  timers.o
    0x08009084   0x08009084   0x0000002c   Code   RO         6719    locale$$code        c_w.l(lc_numeric_c.o)
    0x080090b0   0x080090b0   0x0000002c   Code   RO         6806    locale$$code        c_w.l(lc_ctype_c.o)
    0x080090dc   0x080090dc   0x00000062   Code   RO         6452    x$fpl$d2f           fz_ws.l(d2f.o)
    0x0800913e   0x0800913e   0x00000002   PAD
    0x08009140   0x08009140   0x00000150   Code   RO         6571    x$fpl$dadd          fz_ws.l(daddsub_clz.o)
    0x08009290   0x08009290   0x00000010   Code   RO         6799    x$fpl$dcheck1       fz_ws.l(dcheck1.o)
    0x080092a0   0x080092a0   0x000002b0   Code   RO         6455    x$fpl$ddiv          fz_ws.l(ddiv.o)
    0x08009550   0x08009550   0x00000154   Code   RO         6458    x$fpl$dmul          fz_ws.l(dmul.o)
    0x080096a4   0x080096a4   0x0000009c   Code   RO         6579    x$fpl$dnaninf       fz_ws.l(dnaninf.o)
    0x08009740   0x08009740   0x0000000c   Code   RO         6581    x$fpl$dretinf       fz_ws.l(dretinf.o)
    0x0800974c   0x0800974c   0x00000016   Code   RO         6572    x$fpl$drsb          fz_ws.l(daddsub_clz.o)
    0x08009762   0x08009762   0x00000002   PAD
    0x08009764   0x08009764   0x000001d4   Code   RO         6573    x$fpl$dsub          fz_ws.l(daddsub_clz.o)
    0x08009938   0x08009938   0x00000056   Code   RO         6462    x$fpl$f2d           fz_ws.l(f2d.o)
    0x0800998e   0x0800998e   0x00000002   PAD
    0x08009990   0x08009990   0x000000c4   Code   RO         6464    x$fpl$fadd          fz_ws.l(faddsub_clz.o)
    0x08009a54   0x08009a54   0x0000000c   Code   RO         6583    x$fpl$fcheck1       fz_ws.l(fcheck1.o)
    0x08009a60   0x08009a60   0x00000018   Code   RO         6585    x$fpl$fcmpinf       fz_ws.l(fcmpi.o)
    0x08009a78   0x08009a78   0x00000184   Code   RO         6471    x$fpl$fdiv          fz_ws.l(fdiv.o)
    0x08009bfc   0x08009bfc   0x0000003e   Code   RO         6478    x$fpl$ffixu         fz_ws.l(ffixu.o)
    0x08009c3a   0x08009c3a   0x00000002   PAD
    0x08009c3c   0x08009c3c   0x00000030   Code   RO         6483    x$fpl$fflt          fz_ws.l(fflt_clz.o)
    0x08009c6c   0x08009c6c   0x00000026   Code   RO         6482    x$fpl$ffltu         fz_ws.l(fflt_clz.o)
    0x08009c92   0x08009c92   0x00000002   PAD
    0x08009c94   0x08009c94   0x00000068   Code   RO         6488    x$fpl$fleqf         fz_ws.l(fleqf.o)
    0x08009cfc   0x08009cfc   0x00000102   Code   RO         6490    x$fpl$fmul          fz_ws.l(fmul.o)
    0x08009dfe   0x08009dfe   0x0000008c   Code   RO         6587    x$fpl$fnaninf       fz_ws.l(fnaninf.o)
    0x08009e8a   0x08009e8a   0x0000000a   Code   RO         6589    x$fpl$fretinf       fz_ws.l(fretinf.o)
    0x08009e94   0x08009e94   0x00000062   Code   RO         6492    x$fpl$frleqf        fz_ws.l(frleqf.o)
    0x08009ef6   0x08009ef6   0x00000014   Code   RO         6465    x$fpl$frsb          fz_ws.l(faddsub_clz.o)
    0x08009f0a   0x08009f0a   0x00000002   PAD
    0x08009f0c   0x08009f0c   0x00000110   Code   RO         6723    x$fpl$fsqrt         fz_ws.l(fsqrt.o)
    0x0800a01c   0x0800a01c   0x000000ea   Code   RO         6466    x$fpl$fsub          fz_ws.l(faddsub_clz.o)
    0x0800a106   0x0800a106   0x00000004   Code   RO         6494    x$fpl$printf1       fz_ws.l(printf1.o)
    0x0800a10a   0x0800a10a   0x00000004   Code   RO         6591    x$fpl$printf2       fz_ws.l(printf2.o)
    0x0800a10e   0x0800a10e   0x00000064   Code   RO         6727    x$fpl$retnan        fz_ws.l(retnan.o)
    0x0800a172   0x0800a172   0x0000005c   Code   RO         6729    x$fpl$scalbn        fz_ws.l(scalbn.o)
    0x0800a1ce   0x0800a1ce   0x0000004c   Code   RO         6496    x$fpl$scalbnf       fz_ws.l(scalbnf.o)
    0x0800a21a   0x0800a21a   0x00000030   Code   RO         6801    x$fpl$trapveneer    fz_ws.l(trapv.o)
    0x0800a24a   0x0800a24a   0x00000000   Code   RO         6597    x$fpl$usenofp       fz_ws.l(usenofp.o)
    0x0800a24a   0x0800a24a   0x00000002   PAD
    0x0800a24c   0x0800a24c   0x00000220   Data   RO         4452    .constdata          fsm_main_system.o
    0x0800a46c   0x0800a46c   0x00000040   Data   RO         4530    .constdata          fsm_motor.o
    0x0800a4ac   0x0800a4ac   0x00000040   Data   RO         4531    .constdata          fsm_motor.o
    0x0800a4ec   0x0800a4ec   0x00000040   Data   RO         4532    .constdata          fsm_motor.o
    0x0800a52c   0x0800a52c   0x00000040   Data   RO         4533    .constdata          fsm_motor.o
    0x0800a56c   0x0800a56c   0x00000040   Data   RO         4534    .constdata          fsm_motor.o
    0x0800a5ac   0x0800a5ac   0x00000040   Data   RO         4535    .constdata          fsm_motor.o
    0x0800a5ec   0x0800a5ec   0x00000008   Data   RO         4536    .constdata          fsm_motor.o
    0x0800a5f4   0x0800a5f4   0x000003b8   Data   RO         4537    .constdata          fsm_motor.o
    0x0800a9ac   0x0800a9ac   0x00000050   Data   RO         4607    .constdata          fsm_sensor.o
    0x0800a9fc   0x0800a9fc   0x000000c0   Data   RO         4654    .constdata          fsm_network.o
    0x0800aabc   0x0800aabc   0x000005f0   Data   RO         5659    .constdata          dev_ssd1306.o
    0x0800b0ac   0x0800b0ac   0x0000001e   Data   RO         5903    .constdata          inv_mpu.o
    0x0800b0ca   0x0800b0ca   0x0000000c   Data   RO         5904    .constdata          inv_mpu.o
    0x0800b0d6   0x0800b0d6   0x00000002   PAD
    0x0800b0d8   0x0800b0d8   0x00000028   Data   RO         5905    .constdata          inv_mpu.o
    0x0800b100   0x0800b100   0x00000bf6   Data   RO         6204    .constdata          inv_mpu_dmp_motion_driver.o
    0x0800bcf6   0x0800bcf6   0x00000028   Data   RO         6409    .constdata          c_w.l(_printf_hex_int_ll_ptr.o)
    0x0800bd1e   0x0800bd1e   0x00000011   Data   RO         6429    .constdata          c_w.l(__printf_flags_ss_wp.o)
    0x0800bd2f   0x0800bd2f   0x00000001   PAD
    0x0800bd30   0x0800bd30   0x00000008   Data   RO         6540    .constdata          c_w.l(_printf_wctomb.o)
    0x0800bd38   0x0800bd38   0x00000098   Data   RO         6600    .constdata          m_ws.l(atan.o)
    0x0800bdd0   0x0800bdd0   0x00000008   Data   RO         6638    .constdata          m_ws.l(qnan.o)
    0x0800bdd8   0x0800bdd8   0x00000026   Data   RO         6679    .constdata          c_w.l(_printf_fp_hex.o)
    0x0800bdfe   0x0800bdfe   0x00000002   PAD
    0x0800be00   0x0800be00   0x00000094   Data   RO         6688    .constdata          c_w.l(bigflt0.o)
    0x0800be94   0x0800be94   0x00000032   Data   RO         4453    .conststring        fsm_main_system.o
    0x0800bec6   0x0800bec6   0x00000002   PAD
    0x0800bec8   0x0800bec8   0x00000045   Data   RO         4608    .conststring        fsm_sensor.o
    0x0800bf0d   0x0800bf0d   0x00000003   PAD
    0x0800bf10   0x0800bf10   0x000001a7   Data   RO         4655    .conststring        fsm_network.o
    0x0800c0b7   0x0800c0b7   0x00000001   PAD
    0x0800c0b8   0x0800c0b8   0x0000004d   Data   RO         5906    .conststring        inv_mpu.o
    0x0800c105   0x0800c105   0x00000003   PAD
    0x0800c108   0x0800c108   0x00000020   Data   RO         6885    Region$$Table       anon$$obj.o
    0x0800c128   0x0800c128   0x0000001c   Data   RO         6718    locale$$data        c_w.l(lc_numeric_c.o)
    0x0800c144   0x0800c144   0x00000110   Data   RO         6805    locale$$data        c_w.l(lc_ctype_c.o)


    Execution Region ER_RW (Exec base: 0x20000000, Load base: 0x0800c254, Size: 0x00000184, Max: 0xffffffff, ABSOLUTE, COMPRESSED[0x00000068])

    Exec Addr    Load Addr    Size         Type   Attr      Idx    E Section Name        Object

    0x20000000   COMPRESSED   0x00000014   Data   RW           28    .data               system_stm32f10x.o
    0x20000014   COMPRESSED   0x00000014   Data   RW         1757    .data               stm32f10x_rcc.o
    0x20000028   COMPRESSED   0x00000018   Data   RW         3129    .data               main.o
    0x20000040   COMPRESSED   0x0000001c   Data   RW         3302    .data               heap_4.o
    0x2000005c   COMPRESSED   0x00000004   Data   RW         3380    .data               port.o
    0x20000060   COMPRESSED   0x00000040   Data   RW         3921    .data               tasks.o
    0x200000a0   COMPRESSED   0x00000014   Data   RW         4211    .data               timers.o
    0x200000b4   COMPRESSED   0x00000001   Data   RW         4335    .data               event_bus.o
    0x200000b5   COMPRESSED   0x00000003   PAD
    0x200000b8   COMPRESSED   0x0000001c   Data   RW         4411    .data               fsm_key.o
    0x200000d4   COMPRESSED   0x00000002   Data   RW         4609    .data               fsm_sensor.o
    0x200000d6   COMPRESSED   0x00000002   PAD
    0x200000d8   COMPRESSED   0x00000008   Data   RW         4656    .data               fsm_network.o
    0x200000e0   COMPRESSED   0x0000000c   Data   RW         4735    .data               bsp_led.o
    0x200000ec   COMPRESSED   0x00000010   Data   RW         4793    .data               bsp_oled.o
    0x200000fc   COMPRESSED   0x0000000c   Data   RW         4982    .data               bsp_debug_uart.o
    0x20000108   COMPRESSED   0x00000004   Data   RW         4983    .data               bsp_debug_uart.o
    0x2000010c   COMPRESSED   0x00000002   Data   RW         5048    .data               bsp_mpu6050.o
    0x2000010e   COMPRESSED   0x00000002   PAD
    0x20000110   COMPRESSED   0x0000000c   Data   RW         5145    .data               bsp_esp8266.o
    0x2000011c   COMPRESSED   0x00000010   Data   RW         5186    .data               bsp_sensor.o
    0x2000012c   COMPRESSED   0x00000008   Data   RW         5378    .data               hal_delay.o
    0x20000134   COMPRESSED   0x00000004   Data   RW         5510    .data               hal_exti.o
    0x20000138   COMPRESSED   0x00000010   Data   RW         5569    .data               hal_tim_ic.o
    0x20000148   COMPRESSED   0x0000000d   Data   RW         5730    .data               dev_mpu6050.o
    0x20000155   COMPRESSED   0x00000003   PAD
    0x20000158   COMPRESSED   0x0000002c   Data   RW         5907    .data               inv_mpu.o


    Execution Region ER_ZI (Exec base: 0x20000184, Load base: 0x0800c2bc, Size: 0x00004d1c, Max: 0xffffffff, ABSOLUTE)

    Exec Addr    Load Addr    Size         Type   Attr      Idx    E Section Name        Object

    0x20000184        -       0x00003c00   Zero   RW         3301    .bss                heap_4.o
    0x20003d84        -       0x00000050   Zero   RW         3593    .bss                queue.o
    0x20003dd4        -       0x000002e4   Zero   RW         3920    .bss                tasks.o
    0x200040b8        -       0x00000028   Zero   RW         4210    .bss                timers.o
    0x200040e0        -       0x00000180   Zero   RW         4334    .bss                event_bus.o
    0x20004260        -       0x000000b8   Zero   RW         4451    .bss                fsm_main_system.o
    0x20004318        -       0x000000d0   Zero   RW         4529    .bss                fsm_motor.o
    0x200043e8        -       0x00000080   Zero   RW         4606    .bss                fsm_sensor.o
    0x20004468        -       0x0000008c   Zero   RW         4653    .bss                fsm_network.o
    0x200044f4        -       0x00000010   Zero   RW         4792    .bss                bsp_oled.o
    0x20004504        -       0x00000060   Zero   RW         4886    .bss                bsp_servo.o
    0x20004564        -       0x00000080   Zero   RW         4981    .bss                bsp_debug_uart.o
    0x200045e4        -       0x00000024   Zero   RW         5047    .bss                bsp_mpu6050.o
    0x20004608        -       0x00000200   Zero   RW         5144    .bss                bsp_esp8266.o
    0x20004808        -       0x00000024   Zero   RW         5185    .bss                bsp_sensor.o
    0x2000482c        -       0x00000010   Zero   RW         6203    .bss                inv_mpu_dmp_motion_driver.o
    0x2000483c        -       0x00000060   Zero   RW         6736    .bss                c_w.l(libspace.o)
    0x2000489c   0x0800c2bc   0x00000004   PAD
    0x200048a0        -       0x00000200   Zero   RW            2    HEAP                startup_stm32f10x_md.o
    0x20004aa0        -       0x00000400   Zero   RW            1    STACK               startup_stm32f10x_md.o


==============================================================================

Image component sizes


      Code (inc. data)   RO Data    RW Data    ZI Data      Debug   Object Name

       278         36          0         16        128       4783   bsp_debug_uart.o
       316         56          0         12        512       2639   bsp_esp8266.o
        96         24          0         12          0       3306   bsp_led.o
       456        170          0          2         36       8634   bsp_mpu6050.o
       184         46          0         16         16       4455   bsp_oled.o
       516        140          0         16         36       9004   bsp_sensor.o
       444        120          0          0         96       8937   bsp_servo.o
         0          0          0          0          0       4508   core_cm3.o
       286          0          0          0          0       2330   dev_dht11.o
        68          8          0          0          0       1995   dev_hcsr04.o
        50          0          0          0          0       1893   dev_led.o
       792         68          0         13          0       6413   dev_mpu6050.o
        48         10          0          0          0       1764   dev_mq2.o
       100         16          0          0          0       1902   dev_servo.o
       394          6       1520          0          0       4615   dev_ssd1306.o
       108         20          0          1        384       3223   event_bus.o
         0          0          0          0          0      12004   event_groups.o
       474         34          0          0          0       3972   fsm_core.o
       252         34          0         28          0       3123   fsm_key.o
      1174        368        594          0        184       9083   fsm_main_system.o
       490         62       1344          0        208       8416   fsm_motor.o
      1984        716        615          8        140       9226   fsm_network.o
       612        226        149          2        128       3510   fsm_sensor.o
       292         14          0          0          0       1679   hal_adc_dma.o
       238         24          0          8          0       5353   hal_delay.o
       156         14          0          4          0       2157   hal_exti.o
       144         18          0          0          0       3223   hal_gpio.o
       722         38          0          0          0       4819   hal_hard_i2c.o
       292          8          0          0          0       2637   hal_pwm.o
       220          0          0          0          0       3269   hal_soft_iic.o
       304         26          0         16          0       2493   hal_tim_ic.o
       240         24          0          0          0       3591   hal_uart.o
       132         12          0          0          0       1143   hal_uart_dma.o
       384         26          0         28      15360       7023   heap_4.o
      3376        394        159         44          0      19997   inv_mpu.o
      2290        104       3062          0         16      19780   inv_mpu_dmp_motion_driver.o
       138          0          0          0          0       3030   list.o
       512        256          0         24          0      21548   main.o
       120         14          0          0          0     215911   misc.o
       362         46          0          4          0       8808   port.o
      1260         20          0          0         80      15074   queue.o
        64         26        236          0       1536        808   startup_stm32f10x_md.o
       308         10          0          0          0       7265   stm32f10x_adc.o
       342         10          0          0          0       4532   stm32f10x_dma.o
       160         16          0          0          0       2072   stm32f10x_exti.o
       320         12          0          0          0       4908   stm32f10x_gpio.o
       446         14          0          0          0       8037   stm32f10x_i2c.o
        12          0          0          0          0       2393   stm32f10x_it.o
       284         42          0         20          0       5503   stm32f10x_rcc.o
      1570        196          0          0          0      18484   stm32f10x_tim.o
       308          6          0          0          0       5344   stm32f10x_usart.o
       384         44          0         20          0      63745   system_stm32f10x.o
      2278        200          0         64        740      32647   tasks.o
       978         90          0         20         40      13494   timers.o

    ----------------------------------------------------------------------
     27816       3864       7722        388      19640     630502   Object Totals
         0          0         32          0          0          0   (incl. Generated)
        58          0         11         10          0          0   (incl. Padding)

    ----------------------------------------------------------------------

      Code (inc. data)   RO Data    RW Data    ZI Data      Debug   Library Member Name

        24          4          0          0          0         84   __2printf.o
        56          6          0          0          0         88   __2snprintf.o
        90          0          0          0          0          0   __dczerorl2.o
         8          0          0          0          0         68   __main.o
       392          4         17          0          0         92   __printf_flags_ss_wp.o
        14          0          0          0          0         68   __printf_wp.o
         0          0          0          0          0          0   __rtentry.o
        12          0          0          0          0          0   __rtentry2.o
         6          0          0          0          0          0   __rtentry4.o
        52          8          0          0          0          0   __scatter.o
        28          0          0          0          0          0   __scatter_zi.o
         6          0          0          0          0          0   _printf_a.o
         6          0          0          0          0          0   _printf_c.o
        44          0          0          0          0        108   _printf_char.o
        48          6          0          0          0         96   _printf_char_common.o
        36          4          0          0          0         80   _printf_char_file.o
        40          0          0          0          0         68   _printf_charcount.o
         6          0          0          0          0          0   _printf_d.o
       120         16          0          0          0         92   _printf_dec.o
         6          0          0          0          0          0   _printf_e.o
         6          0          0          0          0          0   _printf_f.o
      1054          0          0          0          0        216   _printf_fp_dec.o
       764          8         38          0          0        100   _printf_fp_hex.o
       128         16          0          0          0         84   _printf_fp_infnan.o
         6          0          0          0          0          0   _printf_g.o
       148          4         40          0          0        160   _printf_hex_int_ll_ptr.o
         6          0          0          0          0          0   _printf_i.o
       178          0          0          0          0         88   _printf_intcommon.o
        10          0          0          0          0          0   _printf_l.o
         6          0          0          0          0          0   _printf_lc.o
        10          0          0          0          0          0   _printf_ll.o
         6          0          0          0          0          0   _printf_lld.o
         6          0          0          0          0          0   _printf_lli.o
         6          0          0          0          0          0   _printf_llo.o
         6          0          0          0          0          0   _printf_llu.o
         6          0          0          0          0          0   _printf_llx.o
       124         16          0          0          0         92   _printf_longlong_dec.o
         6          0          0          0          0          0   _printf_ls.o
         6          0          0          0          0          0   _printf_n.o
         6          0          0          0          0          0   _printf_o.o
       112         10          0          0          0        124   _printf_oct_int_ll.o
         6          0          0          0          0          0   _printf_p.o
        78          0          0          0          0        108   _printf_pad.o
         0          0          0          0          0          0   _printf_percent.o
         4          0          0          0          0          0   _printf_percent_end.o
         6          0          0          0          0          0   _printf_s.o
        82          0          0          0          0         80   _printf_str.o
        36          0          0          0          0         84   _printf_truncate.o
         6          0          0          0          0          0   _printf_u.o
        44          0          0          0          0        108   _printf_wchar.o
       188          6          8          0          0         92   _printf_wctomb.o
         6          0          0          0          0          0   _printf_x.o
        22          0          0          0          0        100   _rserrno.o
        16          0          0          0          0         68   _snputc.o
        10          0          0          0          0         68   _sputc.o
        64          0          0          0          0         92   _wcrtomb.o
        16          0          0          0          0         68   aeabi_memset.o
       228          4        148          0          0         96   bigflt0.o
      1936        128          0          0          0        672   btod.o
        18          0          0          0          0         80   exit.o
         8          0          0          0          0         68   ferror.o
         6          0          0          0          0        152   heapauxi.o
        44         10        272          0          0         76   lc_ctype_c.o
        44         10         28          0          0         76   lc_numeric_c.o
         2          0          0          0          0          0   libinit.o
        30          0          0          0          0          0   libinit2.o
         2          0          0          0          0          0   libshutdown.o
         2          0          0          0          0          0   libshutdown2.o
         8          4          0          0         96         68   libspace.o
       138          0          0          0          0         80   lludiv10.o
        88          0          0          0          0         76   memcmp.o
        16          4          0          0          0         76   rt_ctype_table.o
         8          4          0          0          0         68   rt_errno_addr_intlibspace.o
         8          4          0          0          0         68   rt_locale_intlibspace.o
        68          0          0          0          0         68   rt_memclr.o
        78          0          0          0          0         80   rt_memclr_w.o
       138          0          0          0          0         68   rt_memcpy_v6.o
       100          0          0          0          0         80   rt_memcpy_w.o
         2          0          0          0          0          0   rtexit.o
        10          0          0          0          0          0   rtexit2.o
       128          0          0          0          0         68   strcmpv7m.o
        36          0          0          0          0         80   strstr.o
        74          0          0          0          0         80   sys_stackheap_outer.o
         2          0          0          0          0         68   use_no_semi.o
         2          0          0          0          0         68   use_no_semi_2.o
        52          4          0          0          0         80   vsnprintf.o
        98          4          0          0          0         92   d2f.o
       826         16          0          0          0        348   daddsub_clz.o
        16          4          0          0          0         68   dcheck1.o
       688        140          0          0          0        208   ddiv.o
       340         12          0          0          0        104   dmul.o
       156          4          0          0          0         92   dnaninf.o
        12          0          0          0          0         68   dretinf.o
        86          4          0          0          0         84   f2d.o
       450          8          0          0          0        236   faddsub_clz.o
        12          4          0          0          0         68   fcheck1.o
        24          0          0          0          0         68   fcmpi.o
       388         76          0          0          0         96   fdiv.o
        62          4          0          0          0         84   ffixu.o
        86          0          0          0          0        136   fflt_clz.o
       104          4          0          0          0         84   fleqf.o
       258          4          0          0          0         84   fmul.o
       140          4          0          0          0         84   fnaninf.o
        10          0          0          0          0         68   fretinf.o
        98          0          0          0          0         68   frleqf.o
       272        100          0          0          0         88   fsqrt.o
         4          0          0          0          0         68   printf1.o
         4          0          0          0          0         68   printf2.o
       100          0          0          0          0         68   retnan.o
        92          0          0          0          0         68   scalbn.o
        76          0          0          0          0         68   scalbnf.o
        48          0          0          0          0         68   trapv.o
         0          0          0          0          0          0   usenofp.o
       292         38          0          0          0        120   asinf.o
       544         70        152          0          0        124   atan.o
       384         38          0          0          0        144   atan2.o
        26          6          0          0          0        204   dunder.o
        40          0          0          0          0         68   fpclassify.o
        38          0          0          0          0         68   fpclassifyf.o
        24          0          0          0          0        204   funder.o
       170          0          0          0          0         96   poly.o
         0          0          8          0          0          0   qnan.o
        44          0          0          0          0         80   sqrtf.o

    ----------------------------------------------------------------------
     13496        820        714          0        100       8716   Library Totals
        30          0          3          0          4          0   (incl. Padding)

    ----------------------------------------------------------------------

      Code (inc. data)   RO Data    RW Data    ZI Data      Debug   Library Name

      7454        280        551          0         96       4972   c_w.l
      4450        388          0          0          0       2636   fz_ws.l
      1562        152        160          0          0       1108   m_ws.l

    ----------------------------------------------------------------------
     13496        820        714          0        100       8716   Library Totals

    ----------------------------------------------------------------------

==============================================================================


      Code (inc. data)   RO Data    RW Data    ZI Data      Debug   

     41312       4684       8436        388      19740     615450   Grand Totals
     41312       4684       8436        104      19740     615450   ELF Image Totals (compressed)
     41312       4684       8436        104          0          0   ROM Totals

==============================================================================

    Total RO  Size (Code + RO Data)                49748 (  48.58kB)
    Total RW  Size (RW Data + ZI Data)             20128 (  19.66kB)
    Total ROM Size (Code + RO Data + RW Data)      49852 (  48.68kB)

==============================================================================

